Component: ARM Compiler 5.06 update 6 (build 750) Tool: armlink [4d35ed]

==============================================================================

Section Cross References

    startup_stm32f407xx.o(STACK) refers (Special) to heapauxi.o(.text) for __use_two_region_memory
    startup_stm32f407xx.o(HEAP) refers (Special) to heapauxi.o(.text) for __use_two_region_memory
    startup_stm32f407xx.o(RESET) refers (Special) to heapauxi.o(.text) for __use_two_region_memory
    startup_stm32f407xx.o(RESET) refers to startup_stm32f407xx.o(STACK) for __initial_sp
    startup_stm32f407xx.o(RESET) refers to startup_stm32f407xx.o(.text) for Reset_Handler
    startup_stm32f407xx.o(RESET) refers to stm32f4xx_it.o(i.NMI_Handler) for NMI_Handler
    startup_stm32f407xx.o(RESET) refers to stm32f4xx_it.o(i.HardFault_Handler) for HardFault_Handler
    startup_stm32f407xx.o(RESET) refers to stm32f4xx_it.o(i.MemManage_Handler) for MemManage_Handler
    startup_stm32f407xx.o(RESET) refers to stm32f4xx_it.o(i.BusFault_Handler) for BusFault_Handler
    startup_stm32f407xx.o(RESET) refers to stm32f4xx_it.o(i.UsageFault_Handler) for UsageFault_Handler
    startup_stm32f407xx.o(RESET) refers to stm32f4xx_it.o(i.SVC_Handler) for SVC_Handler
    startup_stm32f407xx.o(RESET) refers to stm32f4xx_it.o(i.DebugMon_Handler) for DebugMon_Handler
    startup_stm32f407xx.o(RESET) refers to stm32f4xx_it.o(i.PendSV_Handler) for PendSV_Handler
    startup_stm32f407xx.o(RESET) refers to stm32f4xx_it.o(i.SysTick_Handler) for SysTick_Handler
    startup_stm32f407xx.o(RESET) refers to adc.o(i.ADC_IRQHandler) for ADC_IRQHandler
    startup_stm32f407xx.o(RESET) refers to motor_can.o(i.CAN1_RX0_IRQHandler) for CAN1_RX0_IRQHandler
    startup_stm32f407xx.o(RESET) refers to motor_can.o(i.CAN1_SCE_IRQHandler) for CAN1_SCE_IRQHandler
    startup_stm32f407xx.o(RESET) refers to encoder.o(i.EXTI9_5_IRQHandler) for EXTI9_5_IRQHandler
    startup_stm32f407xx.o(RESET) refers to encoder.o(i.TIM3_IRQHandler) for TIM3_IRQHandler
    startup_stm32f407xx.o(RESET) refers to usart.o(i.USART1_IRQHandler) for USART1_IRQHandler
    startup_stm32f407xx.o(RESET) refers to pmsm.o(i.TIM6_DAC_IRQHandler) for TIM6_DAC_IRQHandler
    startup_stm32f407xx.o(RESET) refers to adc.o(i.DMA2_Stream0_IRQHandler) for DMA2_Stream0_IRQHandler
    startup_stm32f407xx.o(.text) refers (Special) to heapauxi.o(.text) for __use_two_region_memory
    startup_stm32f407xx.o(.text) refers to system_stm32f4xx.o(i.SystemInit) for SystemInit
    startup_stm32f407xx.o(.text) refers to __main.o(!!!main) for __main
    startup_stm32f407xx.o(.text) refers to startup_stm32f407xx.o(HEAP) for Heap_Mem
    startup_stm32f407xx.o(.text) refers to startup_stm32f407xx.o(STACK) for Stack_Mem
    main.o(i.main) refers to _printf_percent.o(.ARM.Collect$$_printf_percent$$00000000) for _printf_percent
    main.o(i.main) refers to _printf_u.o(.ARM.Collect$$_printf_percent$$0000000A) for _printf_u
    main.o(i.main) refers to _printf_f.o(.ARM.Collect$$_printf_percent$$00000003) for _printf_f
    main.o(i.main) refers to _printf_dec.o(.text) for _printf_int_dec
    main.o(i.main) refers to printf1.o(x$fpl$printf1) for _printf_fp_dec
    main.o(i.main) refers to stm32f4xx_hal.o(i.HAL_Init) for HAL_Init
    main.o(i.main) refers to sys.o(i.sys_stm32_clock_init) for sys_stm32_clock_init
    main.o(i.main) refers to delay.o(i.delay_init) for delay_init
    main.o(i.main) refers to usart.o(i.usart_init) for usart_init
    main.o(i.main) refers to led.o(i.led_init) for led_init
    main.o(i.main) refers to key.o(i.key_init) for key_init
    main.o(i.main) refers to pmsm_tim.o(i.PMSM_TIM_Init) for PMSM_TIM_Init
    main.o(i.main) refers to adc.o(i.Motor_ADC_Init) for Motor_ADC_Init
    main.o(i.main) refers to encoder.o(i.Encoder_Init) for Encoder_Init
    main.o(i.main) refers to motor_can.o(i.Motor_CAN_Init) for Motor_CAN_Init
    main.o(i.main) refers to pmsm.o(i.SpeedLoop_TIM6_Init) for SpeedLoop_TIM6_Init
    main.o(i.main) refers to pid.o(i.PID_Init) for PID_Init
    main.o(i.main) refers to foc.o(i.Foc_Init) for Foc_Init
    main.o(i.main) refers to smo.o(i.SMO_Init) for SMO_Init
    main.o(i.main) refers to motor_protection.o(i.Motor_Protect_Init) for Motor_Protect_Init
    main.o(i.main) refers to motor_identify.o(i.Motor_Identify_Init) for Motor_Identify_Init
    main.o(i.main) refers to motor_state.o(i.Motor_StateInit) for Motor_StateInit
    main.o(i.main) refers to adc.o(i.Motor_ADC_Start) for Motor_ADC_Start
    main.o(i.main) refers to encoder.o(i.Encoder_Start) for Encoder_Start
    main.o(i.main) refers to motor_can.o(i.Motor_CAN_Start) for Motor_CAN_Start
    main.o(i.main) refers to pmsm.o(i.SpeedLoop_TIM6_Start) for SpeedLoop_TIM6_Start
    main.o(i.main) refers to motor_state.o(i.Motor_SetState) for Motor_SetState
    main.o(i.main) refers to stm32f4xx_hal.o(i.HAL_GetTick) for HAL_GetTick
    main.o(i.main) refers to key.o(i.key_scan) for key_scan
[...]
    RTC_WKUP_IRQHandler                      0x08000271   Thumb Code     0  startup_stm32f407xx.o(.text)
    SDIO_IRQHandler                          0x08000271   Thumb Code     0  startup_stm32f407xx.o(.text)
    SPI1_IRQHandler                          0x08000271   Thumb Code     0  startup_stm32f407xx.o(.text)
    SPI2_IRQHandler                          0x08000271   Thumb Code     0  startup_stm32f407xx.o(.text)
    SPI3_IRQHandler                          0x08000271   Thumb Code     0  startup_stm32f407xx.o(.text)
    TAMP_STAMP_IRQHandler                    0x08000271   Thumb Code     0  startup_stm32f407xx.o(.text)
    TIM1_BRK_TIM9_IRQHandler                 0x08000271   Thumb Code     0  startup_stm32f407xx.o(.text)
    TIM1_CC_IRQHandler                       0x08000271   Thumb Code     0  startup_stm32f407xx.o(.text)
    TIM1_TRG_COM_TIM11_IRQHandler            0x08000271   Thumb Code     0  startup_stm32f407xx.o(.text)
    TIM1_UP_TIM10_IRQHandler                 0x08000271   Thumb Code     0  startup_stm32f407xx.o(.text)
    TIM2_IRQHandler                          0x08000271   Thumb Code     0  startup_stm32f407xx.o(.text)
    TIM4_IRQHandler                          0x08000271   Thumb Code     0  startup_stm32f407xx.o(.text)
    TIM5_IRQHandler                          0x08000271   Thumb Code     0  startup_stm32f407xx.o(.text)
    TIM7_IRQHandler                          0x08000271   Thumb Code     0  startup_stm32f407xx.o(.text)
    TIM8_BRK_TIM12_IRQHandler                0x08000271   Thumb Code     0  startup_stm32f407xx.o(.text)
    TIM8_CC_IRQHandler                       0x08000271   Thumb Code     0  startup_stm32f407xx.o(.text)
    TIM8_TRG_COM_TIM14_IRQHandler            0x08000271   Thumb Code     0  startup_stm32f407xx.o(.text)
    TIM8_UP_TIM13_IRQHandler                 0x08000271   Thumb Code     0  startup_stm32f407xx.o(.text)
    UART4_IRQHandler                         0x08000271   Thumb Code     0  startup_stm32f407xx.o(.text)
    UART5_IRQHandler                         0x08000271   Thumb Code     0  startup_stm32f407xx.o(.text)
    USART2_IRQHandler                        0x08000271   Thumb Code     0  startup_stm32f407xx.o(.text)
    USART3_IRQHandler                        0x08000271   Thumb Code     0  startup_stm32f407xx.o(.text)
    USART6_IRQHandler                        0x08000271   Thumb Code     0  startup_stm32f407xx.o(.text)
    WWDG_IRQHandler                          0x08000271   Thumb Code     0  startup_stm32f407xx.o(.text)
    __user_initial_stackheap                 0x08000275   Thumb Code     0  startup_stm32f407xx.o(.text)
    __use_no_semihosting                     0x08000299   Thumb Code     2  use_no_semi_2.o(.text)
    __aeabi_uldivmod                         0x0800029b   Thumb Code     0  lludivv7m.o(.text)
    _ll_udiv                                 0x0800029b   Thumb Code   238  lludivv7m.o(.text)
    __2printf                                0x08000389   Thumb Code    20  noretval__2printf.o(.text)
    _printf_str                              0x080003a1   Thumb Code    82  _printf_str.o(.text)
    _printf_int_dec                          0x080003f5   Thumb Code   104  _printf_dec.o(.text)
    __printf                                 0x0800046d   Thumb Code   352  __printf_ss_wp.o(.text)
    __aeabi_memclr4                          0x080005cd   Thumb Code     0  rt_memclr_w.o(.text)
    __aeabi_memclr8                          0x080005cd   Thumb Code     0  rt_memclr_w.o(.text)
    __rt_memclr_w                            0x080005cd   Thumb Code    78  rt_memclr_w.o(.text)
    _memset_w                                0x080005d1   Thumb Code     0  rt_memclr_w.o(.text)
    strcmp                                   0x0800061d   Thumb Code   128  strcmpv7m.o(.text)
    __use_two_region_memory                  0x0800069d   Thumb Code     2  heapauxi.o(.text)
    __rt_heap_escrow$2region                 0x0800069f   Thumb Code     2  heapauxi.o(.text)
    __rt_heap_expand$2region                 0x080006a1   Thumb Code     2  heapauxi.o(.text)
    __semihosting$guard                      0x080006a3   Thumb Code     0  use_no_semi.o(.text)
    __use_no_semihosting_swi                 0x080006a3   Thumb Code     2  use_no_semi.o(.text)
    __read_errno                             0x080006a5   Thumb Code    10  _rserrno.o(.text)
    __set_errno                              0x080006af   Thumb Code    12  _rserrno.o(.text)
    _printf_int_common                       0x080006bb   Thumb Code   178  _printf_intcommon.o(.text)
    __lib_sel_fp_printf                      0x0800076d   Thumb Code     2  _printf_fp_dec.o(.text)
    _printf_fp_dec_real                      0x0800091f   Thumb Code   620  _printf_fp_dec.o(.text)
    _printf_cs_common                        0x08000b8b   Thumb Code    20  _printf_char.o(.text)
    _printf_char                             0x08000b9f   Thumb Code    16  _printf_char.o(.text)
    _printf_string                           0x08000baf   Thumb Code     8  _printf_char.o(.text)
    _printf_char_file                        0x08000bb9   Thumb Code    32  _printf_char_file.o(.text)
    __rt_locale                              0x08000bdd   Thumb Code     8  rt_locale_intlibspace.o(.text)
    __aeabi_errno_addr                       0x08000be5   Thumb Code     8  rt_errno_addr_intlibspace.o(.text)
    __errno$intlibspace                      0x08000be5   Thumb Code     0  rt_errno_addr_intlibspace.o(.text)
    __rt_errno_addr$intlibspace              0x08000be5   Thumb Code     0  rt_errno_addr_intlibspace.o(.text)
    _ll_udiv10                               0x08000bed   Thumb Code   138  lludiv10.o(.text)
    _printf_char_common                      0x08000c83   Thumb Code    32  _printf_char_common.o(.text)
    _printf_fp_infnan                        0x08000ca9   Thumb Code   112  _printf_fp_infnan.o(.text)
    _btod_etento                             0x08000d29   Thumb Code   224  bigflt0.o(.text)
    ferror                                   0x08000e0d   Thumb Code     8  ferror.o(.text)
    __user_libspace                          0x08000e15   Thumb Code     8  libspace.o(.text)
    __user_perproc_libspace                  0x08000e15   Thumb Code     0  libspace.o(.text)
    __user_perthread_libspace                0x08000e15   Thumb Code     0  libspace.o(.text)
    __user_setup_stackheap                   0x08000e1d   Thumb Code    74  sys_stackheap_outer.o(.text)
    exit                                     0x08000e67   Thumb Code    18  exit.o(.text)
    _btod_d2e                                0x08000e79   Thumb Code    62  btod.o(CL$$btod_d2e)
    _d2e_denorm_low                          0x08000eb7   Thumb Code    70  btod.o(CL$$btod_d2e_denorm_low)
    _d2e_norm_op1                            0x08000efd   Thumb Code    96  btod.o(CL$$btod_d2e_norm_op1)
    __btod_div_common                        0x08000f5d   Thumb Code   696  btod.o(CL$$btod_div_common)
    _e2e                                     0x08001295   Thumb Code   220  btod.o(CL$$btod_e2e)
    _btod_ediv                               0x08001371   Thumb Code    42  btod.o(CL$$btod_ediv)
    _btod_emul                               0x0800139b   Thumb Code    42  btod.o(CL$$btod_emul)
    __btod_mult_common                       0x080013c5   Thumb Code   580  btod.o(CL$$btod_mult_common)
    ADC_IRQHandler                           0x080016b1   Thumb Code    22  adc.o(i.ADC_IRQHandler)
    BusFault_Handler                         0x08001835   Thumb Code     4  stm32f4xx_it.o(i.BusFault_Handler)
    CAN1_RX0_IRQHandler                      0x08001839   Thumb Code    10  motor_can.o(i.CAN1_RX0_IRQHandler)
    CAN1_SCE_IRQHandler                      0x08001849   Thumb Code    10  motor_can.o(i.CAN1_SCE_IRQHandler)
    Clark_Transf                             0x08001859   Thumb Code    38  foc.o(i.Clark_Transf)
    DMA2_Stream0_IRQHandler                  0x080018d1   Thumb Code    10  adc.o(i.DMA2_Stream0_IRQHandler)
    DebugMon_Handler                         0x080019eb   Thumb Code     2  stm32f4xx_it.o(i.DebugMon_Handler)
    EXTI9_5_IRQHandler                       0x080019ed   Thumb Code    10  encoder.o(i.EXTI9_5_IRQHandler)
    Encoder_Angle                            0x080019f9   Thumb Code   100  encoder.o(i.Encoder_Angle)
    Encoder_CNT_Update_MultiTurn             0x08001a6d   Thumb Code    52  encoder.o(i.Encoder_CNT_Update_MultiTurn)
    Encoder_ElecAngle                        0x08001aa9   Thumb Code   184  encoder.o(i.Encoder_ElecAngle)
    Encoder_Get_Cnt                          0x08001b75   Thumb Code     8  encoder.o(i.Encoder_Get_Cnt)
    Encoder_Init                             0x08001b81   Thumb Code   300  encoder.o(i.Encoder_Init)
    Encoder_Speed                            0x08001cc5   Thumb Code   162  encoder.o(i.Encoder_Speed)
    Encoder_Start                            0x08001d91   Thumb Code    30  encoder.o(i.Encoder_Start)
    Foc_Init                                 0x08001db9   Thumb Code    42  foc.o(i.Foc_Init)
    Foc_Run_Core                             0x08001df1   Thumb Code   408  foc.o(i.Foc_Run_Core)
    Foc_Run_Theta                            0x08001fc9   Thumb Code    24  foc.o(i.Foc_Run_Theta)
    Foc_Run_Voltage                          0x08001fe1   Thumb Code   234  foc.o(i.Foc_Run_Voltage)
    HAL_ADCEx_InjectedConfigChannel          0x080020fd   Thumb Code   540  stm32f4xx_hal_adc_ex.o(i.HAL_ADCEx_InjectedConfigChannel)
    HAL_ADCEx_InjectedConvCpltCallback       0x08002325   Thumb Code   102  adc.o(i.HAL_ADCEx_InjectedConvCpltCallback)
    HAL_ADCEx_InjectedGetValue               0x080023a5   Thumb Code    70  stm32f4xx_hal_adc_ex.o(i.HAL_ADCEx_InjectedGetValue)
    HAL_ADCEx_InjectedStart                  0x080023ed   Thumb Code   270  stm32f4xx_hal_adc_ex.o(i.HAL_ADCEx_InjectedStart)
    HAL_ADCEx_InjectedStart_IT               0x0800250d   Thumb Code   282  stm32f4xx_hal_adc_ex.o(i.HAL_ADCEx_InjectedStart_IT)
    HAL_ADCEx_MultiModeConfigChannel         0x08002639   Thumb Code    92  stm32f4xx_hal_adc_ex.o(i.HAL_ADCEx_MultiModeConfigChannel)
    HAL_ADC_ConfigChannel                    0x08002699   Thumb Code   380  stm32f4xx_hal_adc.o(i.HAL_ADC_ConfigChannel)
    HAL_ADC_ConvCpltCallback                 0x08002825   Thumb Code     2  stm32f4xx_hal_adc.o(i.HAL_ADC_ConvCpltCallback)
    HAL_ADC_ConvHalfCpltCallback             0x08002827   Thumb Code     2  stm32f4xx_hal_adc.o(i.HAL_ADC_ConvHalfCpltCallback)
    HAL_ADC_ErrorCallback                    0x08002829   Thumb Code     2  stm32f4xx_hal_adc.o(i.HAL_ADC_ErrorCallback)
    HAL_ADC_IRQHandler                       0x0800282b   Thumb Code   372  stm32f4xx_hal_adc.o(i.HAL_ADC_IRQHandler)
    HAL_ADC_Init                             0x080029a1   Thumb Code   100  stm32f4xx_hal_adc.o(i.HAL_ADC_Init)
    HAL_ADC_LevelOutOfWindowCallback         0x08002a09   Thumb Code     2  stm32f4xx_hal_adc.o(i.HAL_ADC_LevelOutOfWindowCallback)
    HAL_ADC_MspInit                          0x08002a0b   Thumb Code     2  stm32f4xx_hal_adc.o(i.HAL_ADC_MspInit)
    HAL_ADC_Start_DMA                        0x08002a0d   Thumb Code   398  stm32f4xx_hal_adc.o(i.HAL_ADC_Start_DMA)
    HAL_CAN_ActivateNotification             0x08002bc1   Thumb Code    42  stm32f4xx_hal_can.o(i.HAL_CAN_ActivateNotification)
    HAL_CAN_AddTxMessage                     0x08002beb   Thumb Code   342  stm32f4xx_hal_can.o(i.HAL_CAN_AddTxMessage)
    HAL_CAN_ConfigFilter                     0x08002d41   Thumb Code   286  stm32f4xx_hal_can.o(i.HAL_CAN_ConfigFilter)
    HAL_CAN_ErrorCallback                    0x08002e65   Thumb Code   108  motor_can.o(i.HAL_CAN_ErrorCallback)
    HAL_CAN_GetError                         0x08002ee9   Thumb Code     6  stm32f4xx_hal_can.o(i.HAL_CAN_GetError)
    HAL_CAN_GetRxMessage                     0x08002eef   Thumb Code   378  stm32f4xx_hal_can.o(i.HAL_CAN_GetRxMessage)
    HAL_CAN_IRQHandler                       0x08003069   Thumb Code   590  stm32f4xx_hal_can.o(i.HAL_CAN_IRQHandler)
    HAL_CAN_Init                             0x080032b7   Thumb Code   372  stm32f4xx_hal_can.o(i.HAL_CAN_Init)
    HAL_CAN_MspInit                          0x0800342b   Thumb Code     2  stm32f4xx_hal_can.o(i.HAL_CAN_MspInit)
    HAL_CAN_ResetError                       0x0800342d   Thumb Code    34  stm32f4xx_hal_can.o(i.HAL_CAN_ResetError)
    HAL_CAN_RxFifo0FullCallback              0x0800344f   Thumb Code     2  stm32f4xx_hal_can.o(i.HAL_CAN_RxFifo0FullCallback)
    HAL_CAN_RxFifo0MsgPendingCallback        0x08003451   Thumb Code   182  motor_can.o(i.HAL_CAN_RxFifo0MsgPendingCallback)
    HAL_CAN_RxFifo1FullCallback              0x0800351d   Thumb Code     2  stm32f4xx_hal_can.o(i.HAL_CAN_RxFifo1FullCallback)
    HAL_CAN_RxFifo1MsgPendingCallback        0x0800351f   Thumb Code     2  stm32f4xx_hal_can.o(i.HAL_CAN_RxFifo1MsgPendingCallback)
    HAL_CAN_SleepCallback                    0x08003521   Thumb Code     2  stm32f4xx_hal_can.o(i.HAL_CAN_SleepCallback)
    HAL_CAN_Start                            0x08003523   Thumb Code    94  stm32f4xx_hal_can.o(i.HAL_CAN_Start)
    HAL_CAN_Stop                             0x08003581   Thumb Code   106  stm32f4xx_hal_can.o(i.HAL_CAN_Stop)
    HAL_CAN_TxMailbox0AbortCallback          0x080035eb   Thumb Code     2  stm32f4xx_hal_can.o(i.HAL_CAN_TxMailbox0AbortCallback)
    HAL_CAN_TxMailbox0CompleteCallback       0x080035ed   Thumb Code     2  stm32f4xx_hal_can.o(i.HAL_CAN_TxMailbox0CompleteCallback)
    HAL_CAN_TxMailbox1AbortCallback          0x080035ef   Thumb Code     2  stm32f4xx_hal_can.o(i.HAL_CAN_TxMailbox1AbortCallback)
    HAL_CAN_TxMailbox1CompleteCallback       0x080035f1   Thumb Code     2  stm32f4xx_hal_can.o(i.HAL_CAN_TxMailbox1CompleteCallback)
    HAL_CAN_TxMailbox2AbortCallback          0x080035f3   Thumb Code     2  stm32f4xx_hal_can.o(i.HAL_CAN_TxMailbox2AbortCallback)
    HAL_CAN_TxMailbox2CompleteCallback       0x080035f5   Thumb Code     2  stm32f4xx_hal_can.o(i.HAL_CAN_TxMailbox2CompleteCallback)
    HAL_CAN_WakeUpFromRxMsgCallback          0x080035f7   Thumb Code     2  stm32f4xx_hal_can.o(i.HAL_CAN_WakeUpFromRxMsgCallback)
    HAL_DMA_Abort                            0x080035f9   Thumb Code   170  stm32f4xx_hal_dma.o(i.HAL_DMA_Abort)
    HAL_DMA_Abort_IT                         0x080036a3   Thumb Code    40  stm32f4xx_hal_dma.o(i.HAL_DMA_Abort_IT)
    HAL_DMA_IRQHandler                       0x080036cd   Thumb Code   570  stm32f4xx_hal_dma.o(i.HAL_DMA_IRQHandler)
    HAL_DMA_Init                             0x0800390d   Thumb Code   232  stm32f4xx_hal_dma.o(i.HAL_DMA_Init)
    HAL_DMA_Start_IT                         0x080039f9   Thumb Code   146  stm32f4xx_hal_dma.o(i.HAL_DMA_Start_IT)
    HAL_Delay                                0x08003a8b   Thumb Code    12  delay.o(i.HAL_Delay)
    HAL_GPIO_EXTI_Callback                   0x08003a99   Thumb Code    62  encoder.o(i.HAL_GPIO_EXTI_Callback)
    HAL_GPIO_EXTI_IRQHandler                 0x08003af5   Thumb Code    24  stm32f4xx_hal_gpio.o(i.HAL_GPIO_EXTI_IRQHandler)
    HAL_GPIO_Init                            0x08003b11   Thumb Code   470  stm32f4xx_hal_gpio.o(i.HAL_GPIO_Init)
    HAL_GPIO_ReadPin                         0x08003d15   Thumb Code    16  stm32f4xx_hal_gpio.o(i.HAL_GPIO_ReadPin)
    HAL_GPIO_WritePin                        0x08003d25   Thumb Code    12  stm32f4xx_hal_gpio.o(i.HAL_GPIO_WritePin)
    HAL_GetREVID                             0x08003d31   Thumb Code     8  stm32f4xx_hal.o(i.HAL_GetREVID)
    HAL_GetTick                              0x08003d3d   Thumb Code     6  stm32f4xx_hal.o(i.HAL_GetTick)
    HAL_IncTick                              0x08003d49   Thumb Code    16  stm32f4xx_hal.o(i.HAL_IncTick)
    HAL_Init                                 0x08003d61   Thumb Code    44  stm32f4xx_hal.o(i.HAL_Init)
    HAL_InitTick                             0x08003d91   Thumb Code    64  stm32f4xx_hal.o(i.HAL_InitTick)
    HAL_MspInit                              0x08003ddd   Thumb Code     2  stm32f4xx_hal.o(i.HAL_MspInit)
    HAL_NVIC_DisableIRQ                      0x08003de1   Thumb Code    62  stm32f4xx_hal_cortex.o(i.HAL_NVIC_DisableIRQ)
    HAL_NVIC_EnableIRQ                       0x08003e25   Thumb Code    32  stm32f4xx_hal_cortex.o(i.HAL_NVIC_EnableIRQ)
    HAL_NVIC_SetPriority                     0x08003e45   Thumb Code   124  stm32f4xx_hal_cortex.o(i.HAL_NVIC_SetPriority)
    HAL_NVIC_SetPriorityGrouping             0x08003ec1   Thumb Code    32  stm32f4xx_hal_cortex.o(i.HAL_NVIC_SetPriorityGrouping)
    HAL_RCC_ClockConfig                      0x08003ee9   Thumb Code   368  stm32f4xx_hal_rcc.o(i.HAL_RCC_ClockConfig)
    HAL_RCC_GetHCLKFreq                      0x0800406d   Thumb Code     6  stm32f4xx_hal_rcc.o(i.HAL_RCC_GetHCLKFreq)
    HAL_RCC_GetPCLK1Freq                     0x08004079   Thumb Code    22  stm32f4xx_hal_rcc.o(i.HAL_RCC_GetPCLK1Freq)
    HAL_RCC_GetPCLK2Freq                     0x08004099   Thumb Code    22  stm32f4xx_hal_rcc.o(i.HAL_RCC_GetPCLK2Freq)
    HAL_RCC_GetSysClockFreq                  0x080040b9   Thumb Code   162  stm32f4xx_hal_rcc.o(i.HAL_RCC_GetSysClockFreq)
    HAL_RCC_OscConfig                        0x08004169   Thumb Code  1172  stm32f4xx_hal_rcc.o(i.HAL_RCC_OscConfig)
    HAL_SYSTICK_CLKSourceConfig              0x08004605   Thumb Code    40  stm32f4xx_hal_cortex.o(i.HAL_SYSTICK_CLKSourceConfig)
    HAL_SYSTICK_Config                       0x0800462d   Thumb Code    52  stm32f4xx_hal_cortex.o(i.HAL_SYSTICK_Config)
    HAL_TIMEx_BreakCallback                  0x08004661   Thumb Code     2  stm32f4xx_hal_tim_ex.o(i.HAL_TIMEx_BreakCallback)
    HAL_TIMEx_CommutCallback                 0x08004663   Thumb Code     2  stm32f4xx_hal_tim_ex.o(i.HAL_TIMEx_CommutCallback)
    HAL_TIMEx_ConfigBreakDeadTime            0x08004665   Thumb Code   116  stm32f4xx_hal_tim_ex.o(i.HAL_TIMEx_ConfigBreakDeadTime)
    HAL_TIMEx_MasterConfigSynchronization    0x080046d9   Thumb Code   150  stm32f4xx_hal_tim_ex.o(i.HAL_TIMEx_MasterConfigSynchronization)
    HAL_TIMEx_PWMN_Start                     0x0800478d   Thumb Code   214  stm32f4xx_hal_tim_ex.o(i.HAL_TIMEx_PWMN_Start)
    HAL_TIMEx_PWMN_Stop                      0x08004881   Thumb Code   136  stm32f4xx_hal_tim_ex.o(i.HAL_TIMEx_PWMN_Stop)
    HAL_TIM_Base_Init                        0x08004909   Thumb Code   102  stm32f4xx_hal_tim.o(i.HAL_TIM_Base_Init)
    HAL_TIM_Base_MspInit                     0x0800496f   Thumb Code     2  stm32f4xx_hal_tim.o(i.HAL_TIM_Base_MspInit)
    HAL_TIM_Base_Start_IT                    0x08004971   Thumb Code   138  stm32f4xx_hal_tim.o(i.HAL_TIM_Base_Start_IT)
    HAL_TIM_Encoder_Init                     0x08004a19   Thumb Code   200  stm32f4xx_hal_tim.o(i.HAL_TIM_Encoder_Init)
    HAL_TIM_Encoder_MspInit                  0x08004ae1   Thumb Code     2  stm32f4xx_hal_tim.o(i.HAL_TIM_Encoder_MspInit)
    HAL_TIM_IC_CaptureCallback               0x08004ae3   Thumb Code     2  stm32f4xx_hal_tim.o(i.HAL_TIM_IC_CaptureCallback)
    HAL_TIM_IC_Start                         0x08004ae5   Thumb Code   288  stm32f4xx_hal_tim.o(i.HAL_TIM_IC_Start)
    HAL_TIM_IRQHandler                       0x08004c21   Thumb Code   406  stm32f4xx_hal_tim.o(i.HAL_TIM_IRQHandler)
    HAL_TIM_OC_DelayElapsedCallback          0x08004db7   Thumb Code     2  stm32f4xx_hal_tim.o(i.HAL_TIM_OC_DelayElapsedCallback)
    HAL_TIM_PWM_ConfigChannel                0x08004db9   Thumb Code   264  stm32f4xx_hal_tim.o(i.HAL_TIM_PWM_ConfigChannel)
    HAL_TIM_PWM_Init                         0x08004ec1   Thumb Code   102  stm32f4xx_hal_tim.o(i.HAL_TIM_PWM_Init)
    HAL_TIM_PWM_MspInit                      0x08004f27   Thumb Code     2  stm32f4xx_hal_tim.o(i.HAL_TIM_PWM_MspInit)
    HAL_TIM_PWM_PulseFinishedCallback        0x08004f29   Thumb Code     2  stm32f4xx_hal_tim.o(i.HAL_TIM_PWM_PulseFinishedCallback)
    HAL_TIM_PWM_Start                        0x08004f2d   Thumb Code   238  stm32f4xx_hal_tim.o(i.HAL_TIM_PWM_Start)
    HAL_TIM_PWM_Stop                         0x08005039   Thumb Code   160  stm32f4xx_hal_tim.o(i.HAL_TIM_PWM_Stop)
    HAL_TIM_PeriodElapsedCallback            0x080050e1   Thumb Code   344  pmsm.o(i.HAL_TIM_PeriodElapsedCallback)
    HAL_TIM_TriggerCallback                  0x0800526d   Thumb Code     2  stm32f4xx_hal_tim.o(i.HAL_TIM_TriggerCallback)
    HAL_UARTEx_RxEventCallback               0x0800526f   Thumb Code     2  stm32f4xx_hal_uart.o(i.HAL_UARTEx_RxEventCallback)
    HAL_UART_ErrorCallback                   0x08005271   Thumb Code     2  stm32f4xx_hal_uart.o(i.HAL_UART_ErrorCallback)
    HAL_UART_GetState                        0x08005273   Thumb Code    20  stm32f4xx_hal_uart.o(i.HAL_UART_GetState)
    HAL_UART_IRQHandler                      0x08005289   Thumb Code   586  stm32f4xx_hal_uart.o(i.HAL_UART_IRQHandler)
    HAL_UART_Init                            0x080054d9   Thumb Code   114  stm32f4xx_hal_uart.o(i.HAL_UART_Init)
    HAL_UART_MspInit                         0x0800554d   Thumb Code   188  usart.o(i.HAL_UART_MspInit)
    HAL_UART_Receive_IT                      0x08005615   Thumb Code    66  stm32f4xx_hal_uart.o(i.HAL_UART_Receive_IT)
    HAL_UART_RxCpltCallback                  0x08005659   Thumb Code   120  usart.o(i.HAL_UART_RxCpltCallback)
    HAL_UART_TxCpltCallback                  0x080056e1   Thumb Code     2  stm32f4xx_hal_uart.o(i.HAL_UART_TxCpltCallback)
    HardFault_Handler                        0x08005799   Thumb Code     4  stm32f4xx_it.o(i.HardFault_Handler)
    MemManage_Handler                        0x08005e45   Thumb Code     4  stm32f4xx_it.o(i.MemManage_Handler)
    Motor_ADC1_Init                          0x08005e49   Thumb Code   194  adc.o(i.Motor_ADC1_Init)
    Motor_ADC2_Init                          0x08005f19   Thumb Code   122  adc.o(i.Motor_ADC2_Init)
    Motor_ADC3_Init                          0x08005fa5   Thumb Code   122  adc.o(i.Motor_ADC3_Init)
    Motor_ADC_Get_Current_Offset             0x08006031   Thumb Code   128  adc.o(i.Motor_ADC_Get_Current_Offset)
    Motor_ADC_Get_RawValue                   0x080060cd   Thumb Code   128  adc.o(i.Motor_ADC_Get_RawValue)
    Motor_ADC_Init                           0x08006169   Thumb Code    20  adc.o(i.Motor_ADC_Init)
    Motor_ADC_RCC_GPIO_DMA_Init              0x0800617d   Thumb Code   360  adc.o(i.Motor_ADC_RCC_GPIO_DMA_Init)
    Motor_ADC_Start                          0x080062fd   Thumb Code    32  adc.o(i.Motor_ADC_Start)
    Motor_CAN_Init                           0x08006381   Thumb Code   302  motor_can.o(i.Motor_CAN_Init)
    Motor_CAN_NotifyLocalControl             0x080064cd   Thumb Code    12  motor_can.o(i.Motor_CAN_NotifyLocalControl)
    Motor_CAN_SendHeartbeat                  0x080064e1   Thumb Code    56  motor_can.o(i.Motor_CAN_SendHeartbeat)
    Motor_CAN_SendResponse                   0x08006525   Thumb Code    34  motor_can.o(i.Motor_CAN_SendResponse)
    Motor_CAN_SendStatus                     0x08006549   Thumb Code   386  motor_can.o(i.Motor_CAN_SendStatus)
    Motor_CAN_Start                          0x08006705   Thumb Code    74  motor_can.o(i.Motor_CAN_Start)
    Motor_CAN_Task_1ms                       0x08006775   Thumb Code   232  motor_can.o(i.Motor_CAN_Task_1ms)
    Motor_FastControlISR                     0x08006885   Thumb Code   880  motor_state.o(i.Motor_FastControlISR)
    Motor_GetControlMode                     0x08006c55   Thumb Code     6  motor_state.o(i.Motor_GetControlMode)
    Motor_GetState                           0x08006c61   Thumb Code     6  motor_state.o(i.Motor_GetState)
    Motor_GetTemperature                     0x08006c6d   Thumb Code   148  adc.o(i.Motor_GetTemperature)
    Motor_Identify_Abort                     0x08006d21   Thumb Code    36  motor_identify.o(i.Motor_Identify_Abort)
    Motor_Identify_FastTask                  0x08006d49   Thumb Code   174  motor_identify.o(i.Motor_Identify_FastTask)
    Motor_Identify_Init                      0x08006e0d   Thumb Code    48  motor_identify.o(i.Motor_Identify_Init)
    Motor_Identify_IsFinished                0x08006e51   Thumb Code    24  motor_identify.o(i.Motor_Identify_IsFinished)
    Motor_Identify_ReportOnce                0x08006e6d   Thumb Code   120  motor_identify.o(i.Motor_Identify_ReportOnce)
    Motor_Identify_Start                     0x08006f3d   Thumb Code   108  motor_identify.o(i.Motor_Identify_Start)
    Motor_Identify_WasAttempted              0x08006fe1   Thumb Code     6  motor_identify.o(i.Motor_Identify_WasAttempted)
    Motor_Protect_Check                      0x08006fed   Thumb Code   406  motor_protection.o(i.Motor_Protect_Check)
    Motor_Protect_FastCheck                  0x080071ad   Thumb Code   148  motor_protection.o(i.Motor_Protect_FastCheck)
    Motor_Protect_Init                       0x08007249   Thumb Code    60  motor_protection.o(i.Motor_Protect_Init)
    Motor_Protect_Trip                       0x0800728d   Thumb Code    60  motor_protection.o(i.Motor_Protect_Trip)
    Motor_SetControlMode                     0x08007325   Thumb Code    64  motor_state.o(i.Motor_SetControlMode)
    Motor_SetDirection                       0x0800736d   Thumb Code    34  pmsm.o(i.Motor_SetDirection)
    Motor_SetSpeedRef                        0x08007395   Thumb Code     8  pmsm.o(i.Motor_SetSpeedRef)
    Motor_SetState                           0x080073a1   Thumb Code    92  motor_state.o(i.Motor_SetState)
    Motor_StateInit                          0x080075bd   Thumb Code    88  motor_state.o(i.Motor_StateInit)
    Motor_StateTask_1ms                      0x08007645   Thumb Code  1186  motor_state.o(i.Motor_StateTask_1ms)
    NMI_Handler                              0x08007b79   Thumb Code     2  stm32f4xx_it.o(i.NMI_Handler)
    PID_Ctrl                                 0x08007b7b   Thumb Code   182  pid.o(i.PID_Ctrl)
    PID_Init                                 0x08007c31   Thumb Code    74  pid.o(i.PID_Init)
    PMSM_Driver_ShutdownDetected             0x08007c81   Thumb Code    28  pmsm_tim.o(i.PMSM_Driver_ShutdownDetected)
    PMSM_PWM_Duty_Set                        0x08007ca5   Thumb Code    50  pmsm_tim.o(i.PMSM_PWM_Duty_Set)
    PMSM_PWM_Start                           0x08007cdd   Thumb Code    94  pmsm_tim.o(i.PMSM_PWM_Start)
    PMSM_PWM_Stop                            0x08007d49   Thumb Code    78  pmsm_tim.o(i.PMSM_PWM_Stop)
    PMSM_TIM_Init                            0x08007da5   Thumb Code   416  pmsm_tim.o(i.PMSM_TIM_Init)
    Park_Transf                              0x08007f61   Thumb Code    64  foc.o(i.Park_Transf)
    PendSV_Handler                           0x08007fa5   Thumb Code     2  stm32f4xx_it.o(i.PendSV_Handler)
    RevPark_Transf                           0x080081c1   Thumb Code    60  foc.o(i.RevPark_Transf)
    SMO_Init                                 0x08008201   Thumb Code   280  smo.o(i.SMO_Init)
    SMO_Observe_Run                          0x08008341   Thumb Code   194  smo.o(i.SMO_Observe_Run)
    SMO_Run                                  0x08008419   Thumb Code  1646  smo.o(i.SMO_Run)
    SVC_Handler                              0x08008a9d   Thumb Code     2  stm32f4xx_it.o(i.SVC_Handler)
    SVPWM_Transf                             0x08008aa1   Thumb Code   814  foc.o(i.SVPWM_Transf)
    SpeedLoop_TIM6_Init                      0x08008f31   Thumb Code    92  pmsm.o(i.SpeedLoop_TIM6_Init)
    SpeedLoop_TIM6_Start                     0x08008f99   Thumb Code    10  pmsm.o(i.SpeedLoop_TIM6_Start)
    SysTick_Handler                          0x08008ff9   Thumb Code     8  stm32f4xx_it.o(i.SysTick_Handler)
    SystemInit                               0x08009001   Thumb Code    14  system_stm32f4xx.o(i.SystemInit)
    TIM3_IRQHandler                          0x08009015   Thumb Code    10  encoder.o(i.TIM3_IRQHandler)
    TIM6_DAC_IRQHandler                      0x08009025   Thumb Code    10  pmsm.o(i.TIM6_DAC_IRQHandler)
    TIM_Base_SetConfig                       0x08009035   Thumb Code   170  stm32f4xx_hal_tim.o(i.TIM_Base_SetConfig)
    TIM_CCxChannelCmd                        0x0800910d   Thumb Code    34  stm32f4xx_hal_tim.o(i.TIM_CCxChannelCmd)
    TIM_OC2_SetConfig                        0x080091c1   Thumb Code   114  stm32f4xx_hal_tim.o(i.TIM_OC2_SetConfig)
    Theta_Transf_CosSin                      0x08009309   Thumb Code    42  foc.o(i.Theta_Transf_CosSin)
    UART_Start_Receive_IT                    0x08009689   Thumb Code    70  stm32f4xx_hal_uart.o(i.UART_Start_Receive_IT)
    USART1_IRQHandler                        0x08009731   Thumb Code    66  usart.o(i.USART1_IRQHandler)
    UsageFault_Handler                       0x08009781   Thumb Code     4  stm32f4xx_it.o(i.UsageFault_Handler)
    __ARM_fpclassify                         0x08009785   Thumb Code    48  fpclassify.o(i.__ARM_fpclassify)
    __ARM_fpclassifyf                        0x080097b5   Thumb Code    38  fpclassifyf.o(i.__ARM_fpclassifyf)
    __hardfp_atan2f                          0x0800989d   Thumb Code   502  atan2f.o(i.__hardfp_atan2f)
    __hardfp_cosf                            0x08009aed   Thumb Code   280  cosf.o(i.__hardfp_cosf)
    __hardfp_fmaxf                           0x08009c3d   Thumb Code    72  fmaxf.o(i.__hardfp_fmaxf)
    __hardfp_fmodf                           0x08009c85   Thumb Code   176  fmodf.o(i.__hardfp_fmodf)
    __hardfp_logf                            0x08009d35   Thumb Code   320  logf.o(i.__hardfp_logf)
    __mathlib_logf                           0x08009d35   Thumb Code     0  logf.o(i.__hardfp_logf)
    __hardfp_sinf                            0x08009ea1   Thumb Code   344  sinf.o(i.__hardfp_sinf)
    __hardfp_sqrtf                           0x0800a031   Thumb Code    58  sqrtf.o(i.__hardfp_sqrtf)
    __mathlib_flt_divzero                    0x0800a06d   Thumb Code    14  funder.o(i.__mathlib_flt_divzero)
    __mathlib_flt_infnan                     0x0800a081   Thumb Code     6  funder.o(i.__mathlib_flt_infnan)
    __mathlib_flt_infnan2                    0x0800a087   Thumb Code     6  funder.o(i.__mathlib_flt_infnan2)
    __mathlib_flt_invalid                    0x0800a08d   Thumb Code    10  funder.o(i.__mathlib_flt_invalid)
    __mathlib_flt_underflow                  0x0800a09d   Thumb Code    10  funder.o(i.__mathlib_flt_underflow)
    __mathlib_rredf2                         0x0800a0ad   Thumb Code   316  rredf.o(i.__mathlib_rredf2)
    _is_digit                                0x0800a201   Thumb Code    14  __printf_wp.o(i._is_digit)
    _sys_exit                                0x0800a20f   Thumb Code     4  usart.o(i._sys_exit)
    delay_init                               0x0800a215   Thumb Code    16  delay.o(i.delay_init)
    delay_ms                                 0x0800a229   Thumb Code    50  delay.o(i.delay_ms)
    delay_us                                 0x0800a25d   Thumb Code    68  delay.o(i.delay_us)
    fputc                                    0x0800a2a5   Thumb Code    22  usart.o(i.fputc)
    key_init                                 0x0800a2c1   Thumb Code   184  key.o(i.key_init)
    key_scan                                 0x0800a381   Thumb Code   144  key.o(i.key_scan)
    led_init                                 0x0800a419   Thumb Code   138  led.o(i.led_init)
    main                                     0x0800a4ad   Thumb Code   634  main.o(i.main)
    sys_stm32_clock_init                     0x0800a7d1   Thumb Code   192  sys.o(i.sys_stm32_clock_init)
    usart_init                               0x0800a89d   Thumb Code    44  usart.o(i.usart_init)
    _get_lc_numeric                          0x0800a8d5   Thumb Code    44  lc_numeric_c.o(locale$$code)
    __fpl_dretinf                            0x0800a901   Thumb Code    12  dretinf.o(x$fpl$dretinf)
    __aeabi_f2d                              0x0800a90d   Thumb Code     0  f2d.o(x$fpl$f2d)
    _f2d                                     0x0800a90d   Thumb Code    86  f2d.o(x$fpl$f2d)
    __fcmp4                                  0x0800a965   Thumb Code    24  fcmp4.o(x$fpl$fcmp4)
    __ARM_fcmp4                              0x0800a97d   Thumb Code     0  fcmp4.o(x$fpl$fcmp4)
    _fcmp4                                   0x0800a97d   Thumb Code    58  fcmp4.o(x$fpl$fcmp4)
    __fpl_fcmp_Inf                           0x0800a9b7   Thumb Code    24  fcmpi.o(x$fpl$fcmpinf)
    __fpl_fnaninf                            0x0800a9cf   Thumb Code   140  fnaninf.o(x$fpl$fnaninf)
    _fp_init                                 0x0800aa5b   Thumb Code    10  fpinit.o(x$fpl$fpinit)
    __fplib_config_fpu_vfp                   0x0800aa63   Thumb Code     0  fpinit.o(x$fpl$fpinit)
    __fplib_config_pureend_doubles           0x0800aa63   Thumb Code     0  fpinit.o(x$fpl$fpinit)
    _frem                                    0x0800aa65   Thumb Code   240  frem_clz.o(x$fpl$frem)
    _printf_fp_dec                           0x0800ab59   Thumb Code     4  printf1.o(x$fpl$printf1)
    AHBPrescTable                            0x0800ab5c   Data          16  system_stm32f4xx.o(.constdata)
    __I$use$fp                               0x0800ab5c   Number         0  usenofp.o(x$fpl$usenofp)
    APBPrescTable                            0x0800ab6c   Data           8  system_stm32f4xx.o(.constdata)
    Region$$Table$$Base                      0x0800ad1c   Number         0  anon$$obj.o(Region$$Table)
    Region$$Table$$Limit                     0x0800ad3c   Number         0  anon$$obj.o(Region$$Table)
    SystemCoreClock                          0x20000000   Data           4  system_stm32f4xx.o(.data)
    __stdout                                 0x20000008   Data           4  usart.o(.data)
    g_usart_rx_sta                           0x2000000c   Data           2  usart.o(.data)
    g_rx_buffer                              0x2000000e   Data           1  usart.o(.data)
    uwTick                                   0x20000010   Data           4  stm32f4xx_hal.o(.data)
    uwTickPrio                               0x20000014   Data           4  stm32f4xx_hal.o(.data)
    uwTickFreq                               0x20000018   Data           1  stm32f4xx_hal.o(.data)
    g_motor_speed                            0x20000020   Data           4  pmsm.o(.data)
    g_PMSM_Speed_NowUse_rpm                  0x20000024   Data           4  pmsm.o(.data)
    g_speed_ref_rpm                          0x20000028   Data           4  pmsm.o(.data)
    g_speed_ref_now_rpm                      0x2000002c   Data           4  pmsm.o(.data)
    g_encoder_elec_angle                     0x20000034   Data           4  encoder.o(.data)
    g_adc_dma_buf                            0x2000005c   Data           4  adc.o(.data)
    g_current_Kp                             0x2000006c   Data           4  pid.o(.data)
    g_current_Ki                             0x20000070   Data           4  pid.o(.data)
    V_dq                                     0x20000074   Data           8  foc.o(.data)
    V_AlphaBeta                              0x2000007c   Data           8  foc.o(.data)
    I_AlphaBeta                              0x20000084   Data           8  foc.o(.data)
    I_dq                                     0x2000008c   Data           8  foc.o(.data)
    SinCos_Transf                            0x20000094   Data           8  foc.o(.data)
    g_Motor_Rs                               0x2000009c   Data           4  smo.o(.data)
    g_Motor_Ls                               0x200000a0   Data           4  smo.o(.data)
    g_motor_state                            0x200000bc   Data           1  motor_state.o(.data)
    g_motor_control_mode                     0x200000bd   Data           1  motor_state.o(.data)
    g_encoder_smo_angle_error                0x200000c0   Data           4  motor_state.o(.data)
    g_foc_elec_angle                         0x200000c4   Data           4  motor_state.o(.data)
    g_usart_rx_buf                           0x20000124   Data         200  usart.o(.bss)
    g_uart1_handle                           0x200001ec   Data          68  usart.o(.bss)
    htim6                                    0x20000230   Data          72  pmsm.o(.bss)
    htim1                                    0x20000278   Data          72  pmsm_tim.o(.bss)
    htim3                                    0x200002c0   Data          72  encoder.o(.bss)
    hadc1                                    0x20000308   Data          72  adc.o(.bss)
    hadc2                                    0x20000350   Data          72  adc.o(.bss)
    hadc3                                    0x20000398   Data          72  adc.o(.bss)
    hdma_adc1                                0x200003e0   Data          96  adc.o(.bss)
    ADC_Raw                                  0x20000440   Data          20  adc.o(.bss)
    g_speed_pid                              0x20000454   Data          48  pid.o(.bss)
    g_current_pid                            0x20000484   Data          48  pid.o(.bss)
    g_current_pid_Id                         0x200004b4   Data          48  pid.o(.bss)
    g_current_pid_Iq                         0x200004e4   Data          48  pid.o(.bss)
    foc_input                                0x20000514   Data          24  foc.o(.bss)
    I_abc                                    0x2000052c   Data          12  foc.o(.bss)
    SMO_Input                                0x20000538   Data          16  smo.o(.bss)
    SMO_Output                               0x20000548   Data          84  smo.o(.bss)
    g_protect                                0x2000059c   Data          32  motor_protection.o(.bss)
    g_motor_identify                         0x200005bc   Data          12  motor_identify.o(.bss)
    hcan1                                    0x200005c8   Data          40  motor_can.o(.bss)
    __libspace_start                         0x20000610   Data          96  libspace.o(.bss)
    __temporary_stack_top$libspace           0x20000670   Data           0  libspace.o(.bss)



==============================================================================

Memory Map of the image

  Image Entry point : 0x08000189

  Load Region LR_IROM1 (Base: 0x08000000, Size: 0x0000ae7c, Max: 0x00100000, ABSOLUTE)

    Execution Region ER_IROM1 (Exec base: 0x08000000, Load base: 0x08000000, Size: 0x0000ad58, Max: 0x00100000, ABSOLUTE)

    Exec Addr    Load Addr    Size         Type   Attr      Idx    E Section Name        Object

    0x08000000   0x08000000   0x00000188   Data   RO            3    RESET               startup_stm32f407xx.o
    0x08000188   0x08000188   0x00000008   Code   RO         5313  * !!!main             c_w.l(__main.o)
    0x08000190   0x08000190   0x00000034   Code   RO         5774    !!!scatter          c_w.l(__scatter.o)
    0x080001c4   0x080001c4   0x0000001a   Code   RO         5776    !!handler_copy      c_w.l(__scatter_copy.o)
    0x080001de   0x080001de   0x00000002   PAD
    0x080001e0   0x080001e0   0x0000001c   Code   RO         5778    !!handler_zi        c_w.l(__scatter_zi.o)
    0x080001fc   0x080001fc   0x00000000   Code   RO         5298    .ARM.Collect$$_printf_percent$$00000000  c_w.l(_printf_percent.o)
    0x080001fc   0x080001fc   0x00000006   Code   RO         5297    .ARM.Collect$$_printf_percent$$00000003  c_w.l(_printf_f.o)
    0x08000202   0x08000202   0x00000006   Code   RO         5296    .ARM.Collect$$_printf_percent$$0000000A  c_w.l(_printf_u.o)
    0x08000208   0x08000208   0x00000006   Code   RO         5294    .ARM.Collect$$_printf_percent$$00000014  c_w.l(_printf_s.o)
    0x0800020e   0x0800020e   0x00000004   Code   RO         5420    .ARM.Collect$$_printf_percent$$00000017  c_w.l(_printf_percent_end.o)
    0x08000212   0x08000212   0x00000002   Code   RO         5558    .ARM.Collect$$libinit$$00000000  c_w.l(libinit.o)
    0x08000214   0x08000214   0x00000004   Code   RO         5559    .ARM.Collect$$libinit$$00000001  c_w.l(libinit2.o)
    0x08000218   0x08000218   0x00000000   Code   RO         5562    .ARM.Collect$$libinit$$00000004  c_w.l(libinit2.o)
    0x08000218   0x08000218   0x00000000   Code   RO         5565    .ARM.Collect$$libinit$$0000000A  c_w.l(libinit2.o)
    0x08000218   0x08000218   0x00000000   Code   RO         5567    .ARM.Collect$$libinit$$0000000C  c_w.l(libinit2.o)
    0x08000218   0x08000218   0x00000000   Code   RO         5569    .ARM.Collect$$libinit$$0000000E  c_w.l(libinit2.o)
    0x08000218   0x08000218   0x00000006   Code   RO         5570    .ARM.Collect$$libinit$$0000000F  c_w.l(libinit2.o)
    0x0800021e   0x0800021e   0x00000000   Code   RO         5572    .ARM.Collect$$libinit$$00000011  c_w.l(libinit2.o)
    0x0800021e   0x0800021e   0x00000000   Code   RO         5574    .ARM.Collect$$libinit$$00000013  c_w.l(libinit2.o)
    0x0800021e   0x0800021e   0x00000000   Code   RO         5576    .ARM.Collect$$libinit$$00000015  c_w.l(libinit2.o)
    0x0800021e   0x0800021e   0x0000000a   Code   RO         5577    .ARM.Collect$$libinit$$00000016  c_w.l(libinit2.o)
    0x08000228   0x08000228   0x00000000   Code   RO         5578    .ARM.Collect$$libinit$$00000017  c_w.l(libinit2.o)
    0x08000228   0x08000228   0x00000000   Code   RO         5580    .ARM.Collect$$libinit$$00000019  c_w.l(libinit2.o)
    0x08000228   0x08000228   0x00000000   Code   RO         5582    .ARM.Collect$$libinit$$0000001B  c_w.l(libinit2.o)
    0x08000228   0x08000228   0x00000000   Code   RO         5584    .ARM.Collect$$libinit$$0000001D  c_w.l(libinit2.o)
    0x08000228   0x08000228   0x00000000   Code   RO         5586    .ARM.Collect$$libinit$$0000001F  c_w.l(libinit2.o)
    0x08000228   0x08000228   0x00000000   Code   RO         5588    .ARM.Collect$$libinit$$00000021  c_w.l(libinit2.o)
    0x08000228   0x08000228   0x00000000   Code   RO         5590    .ARM.Collect$$libinit$$00000023  c_w.l(libinit2.o)
    0x08000228   0x08000228   0x00000000   Code   RO         5592    .ARM.Collect$$libinit$$00000025  c_w.l(libinit2.o)
    0x08000228   0x08000228   0x00000000   Code   RO         5596    .ARM.Collect$$libinit$$0000002C  c_w.l(libinit2.o)
    0x08000228   0x08000228   0x00000000   Code   RO         5598    .ARM.Collect$$libinit$$0000002E  c_w.l(libinit2.o)
    0x08000228   0x08000228   0x00000000   Code   RO         5600    .ARM.Collect$$libinit$$00000030  c_w.l(libinit2.o)
    0x08000228   0x08000228   0x00000000   Code   RO         5602    .ARM.Collect$$libinit$$00000032  c_w.l(libinit2.o)
    0x08000228   0x08000228   0x00000002   Code   RO         5603    .ARM.Collect$$libinit$$00000033  c_w.l(libinit2.o)
    0x0800022a   0x0800022a   0x00000002   Code   RO         5686    .ARM.Collect$$libshutdown$$00000000  c_w.l(libshutdown.o)
    0x0800022c   0x0800022c   0x00000000   Code   RO         5708    .ARM.Collect$$libshutdown$$00000002  c_w.l(libshutdown2.o)
    0x0800022c   0x0800022c   0x00000000   Code   RO         5710    .ARM.Collect$$libshutdown$$00000004  c_w.l(libshutdown2.o)
    0x0800022c   0x0800022c   0x00000000   Code   RO         5713    .ARM.Collect$$libshutdown$$00000007  c_w.l(libshutdown2.o)
    0x0800022c   0x0800022c   0x00000000   Code   RO         5716    .ARM.Collect$$libshutdown$$0000000A  c_w.l(libshutdown2.o)
    0x0800022c   0x0800022c   0x00000000   Code   RO         5718    .ARM.Collect$$libshutdown$$0000000C  c_w.l(libshutdown2.o)
    0x0800022c   0x0800022c   0x00000000   Code   RO         5721    .ARM.Collect$$libshutdown$$0000000F  c_w.l(libshutdown2.o)
    0x0800022c   0x0800022c   0x00000002   Code   RO         5722    .ARM.Collect$$libshutdown$$00000010  c_w.l(libshutdown2.o)
    0x0800022e   0x0800022e   0x00000000   Code   RO         5405    .ARM.Collect$$rtentry$$00000000  c_w.l(__rtentry.o)
    0x0800022e   0x0800022e   0x00000000   Code   RO         5456    .ARM.Collect$$rtentry$$00000002  c_w.l(__rtentry2.o)
    0x0800022e   0x0800022e   0x00000006   Code   RO         5468    .ARM.Collect$$rtentry$$00000004  c_w.l(__rtentry4.o)
    0x08000234   0x08000234   0x00000000   Code   RO         5458    .ARM.Collect$$rtentry$$00000009  c_w.l(__rtentry2.o)
    0x08000234   0x08000234   0x00000004   Code   RO         5459    .ARM.Collect$$rtentry$$0000000A  c_w.l(__rtentry2.o)
    0x08000238   0x08000238   0x00000000   Code   RO         5461    .ARM.Collect$$rtentry$$0000000C  c_w.l(__rtentry2.o)
    0x08000238   0x08000238   0x00000008   Code   RO         5462    .ARM.Collect$$rtentry$$0000000D  c_w.l(__rtentry2.o)
    0x08000240   0x08000240   0x00000002   Code   RO         5618    .ARM.Collect$$rtexit$$00000000  c_w.l(rtexit.o)
    0x08000242   0x08000242   0x00000000   Code   RO         5645    .ARM.Collect$$rtexit$$00000002  c_w.l(rtexit2.o)
    0x08000242   0x08000242   0x00000004   Code   RO         5646    .ARM.Collect$$rtexit$$00000003  c_w.l(rtexit2.o)
    0x08000246   0x08000246   0x00000006   Code   RO         5647    .ARM.Collect$$rtexit$$00000004  c_w.l(rtexit2.o)
    0x0800024c   0x0800024c   0x0000004c   Code   RO            4    .text               startup_stm32f407xx.o
    0x08000298   0x08000298   0x00000002   Code   RO         5260    .text               c_w.l(use_no_semi_2.o)
    0x0800029a   0x0800029a   0x000000ee   Code   RO         5262    .text               c_w.l(lludivv7m.o)
    0x08000388   0x08000388   0x00000018   Code   RO         5266    .text               c_w.l(noretval__2printf.o)
    0x080003a0   0x080003a0   0x00000052   Code   RO         5270    .text               c_w.l(_printf_str.o)
    0x080003f2   0x080003f2   0x00000002   PAD
    0x080003f4   0x080003f4   0x00000078   Code   RO         5272    .text               c_w.l(_printf_dec.o)
    0x0800046c   0x0800046c   0x00000160   Code   RO         5289    .text               c_w.l(__printf_ss_wp.o)
    0x080005cc   0x080005cc   0x0000004e   Code   RO         5307    .text               c_w.l(rt_memclr_w.o)
    0x0800061a   0x0800061a   0x00000002   PAD
    0x0800061c   0x0800061c   0x00000080   Code   RO         5309    .text               c_w.l(strcmpv7m.o)
    0x0800069c   0x0800069c   0x00000006   Code   RO         5311    .text               c_w.l(heapauxi.o)
    0x080006a2   0x080006a2   0x00000002   Code   RO         5403    .text               c_w.l(use_no_semi.o)
    0x080006a4   0x080006a4   0x00000016   Code   RO         5410    .text               c_w.l(_rserrno.o)
    0x080006ba   0x080006ba   0x000000b2   Code   RO         5412    .text               c_w.l(_printf_intcommon.o)
    0x0800076c   0x0800076c   0x0000041e   Code   RO         5414    .text               c_w.l(_printf_fp_dec.o)
    0x08000b8a   0x08000b8a   0x0000002c   Code   RO         5416    .text               c_w.l(_printf_char.o)
    0x08000bb6   0x08000bb6   0x00000002   PAD
    0x08000bb8   0x08000bb8   0x00000024   Code   RO         5418    .text               c_w.l(_printf_char_file.o)
    0x08000bdc   0x08000bdc   0x00000008   Code   RO         5475    .text               c_w.l(rt_locale_intlibspace.o)
    0x08000be4   0x08000be4   0x00000008   Code   RO         5480    .text               c_w.l(rt_errno_addr_intlibspace.o)
    0x08000bec   0x08000bec   0x0000008a   Code   RO         5482    .text               c_w.l(lludiv10.o)
    0x08000c76   0x08000c76   0x00000002   PAD
    0x08000c78   0x08000c78   0x00000030   Code   RO         5484    .text               c_w.l(_printf_char_common.o)
    0x08000ca8   0x08000ca8   0x00000080   Code   RO         5486    .text               c_w.l(_printf_fp_infnan.o)
    0x08000d28   0x08000d28   0x000000e4   Code   RO         5490    .text               c_w.l(bigflt0.o)
    0x08000e0c   0x08000e0c   0x00000008   Code   RO         5515    .text               c_w.l(ferror.o)
    0x08000e14   0x08000e14   0x00000008   Code   RO         5536    .text               c_w.l(libspace.o)
    0x08000e1c   0x08000e1c   0x0000004a   Code   RO         5539    .text               c_w.l(sys_stackheap_outer.o)
    0x08000e66   0x08000e66   0x00000012   Code   RO         5547    .text               c_w.l(exit.o)
    0x08000e78   0x08000e78   0x0000003e   Code   RO         5493    CL$$btod_d2e        c_w.l(btod.o)
    0x08000eb6   0x08000eb6   0x00000046   Code   RO         5495    CL$$btod_d2e_denorm_low  c_w.l(btod.o)
    0x08000efc   0x08000efc   0x00000060   Code   RO         5494    CL$$btod_d2e_norm_op1  c_w.l(btod.o)
    0x08000f5c   0x08000f5c   0x00000338   Code   RO         5503    CL$$btod_div_common  c_w.l(btod.o)
    0x08001294   0x08001294   0x000000dc   Code   RO         5500    CL$$btod_e2e        c_w.l(btod.o)
    0x08001370   0x08001370   0x0000002a   Code   RO         5497    CL$$btod_ediv       c_w.l(btod.o)
    0x0800139a   0x0800139a   0x0000002a   Code   RO         5496    CL$$btod_emul       c_w.l(btod.o)
    0x080013c4   0x080013c4   0x00000244   Code   RO         5502    CL$$btod_mult_common  c_w.l(btod.o)
    0x08001608   0x08001608   0x0000007e   Code   RO         3497    i.ADC_DMAConvCplt   stm32f4xx_hal_adc.o
    0x08001686   0x08001686   0x0000001a   Code   RO         3498    i.ADC_DMAError      stm32f4xx_hal_adc.o
    0x080016a0   0x080016a0   0x0000000e   Code   RO         3499    i.ADC_DMAHalfConvCplt  stm32f4xx_hal_adc.o
    0x080016ae   0x080016ae   0x00000002   PAD
    0x080016b0   0x080016b0   0x00000024   Code   RO         4381    i.ADC_IRQHandler    adc.o
    0x080016d4   0x080016d4   0x00000160   Code   RO         3500    i.ADC_Init          stm32f4xx_hal_adc.o
    0x08001834   0x08001834   0x00000004   Code   RO          310    i.BusFault_Handler  stm32f4xx_it.o
    0x08001838   0x08001838   0x00000010   Code   RO         5085    i.CAN1_RX0_IRQHandler  motor_can.o
    0x08001848   0x08001848   0x00000010   Code   RO         5086    i.CAN1_SCE_IRQHandler  motor_can.o
    0x08001858   0x08001858   0x0000002c   Code   RO         4558    i.Clark_Transf      foc.o
    0x08001884   0x08001884   0x0000004c   Code   RO         5087    i.ClearRxQueue      motor_can.o
    0x080018d0   0x080018d0   0x00000010   Code   RO         4382    i.DMA2_Stream0_IRQHandler  adc.o
    0x080018e0   0x080018e0   0x00000034   Code   RO         1091    i.DMA_CalcBaseAndBitshift  stm32f4xx_hal_dma.o
    0x08001914   0x08001914   0x000000aa   Code   RO         1092    i.DMA_CheckFifoParam  stm32f4xx_hal_dma.o
    0x080019be   0x080019be   0x0000002c   Code   RO         1093    i.DMA_SetConfig     stm32f4xx_hal_dma.o
    0x080019ea   0x080019ea   0x00000002   Code   RO          311    i.DebugMon_Handler  stm32f4xx_it.o
    0x080019ec   0x080019ec   0x0000000a   Code   RO         4290    i.EXTI9_5_IRQHandler  encoder.o
    0x080019f6   0x080019f6   0x00000002   PAD
    0x080019f8   0x080019f8   0x00000074   Code   RO         4291    i.Encoder_Angle     encoder.o
    0x08001a6c   0x08001a6c   0x0000003c   Code   RO         4292    i.Encoder_CNT_Update_MultiTurn  encoder.o
    0x08001aa8   0x08001aa8   0x000000cc   Code   RO         4293    i.Encoder_ElecAngle  encoder.o
    0x08001b74   0x08001b74   0x0000000c   Code   RO         4294    i.Encoder_Get_Cnt   encoder.o
    0x08001b80   0x08001b80   0x00000144   Code   RO         4295    i.Encoder_Init      encoder.o
    0x08001cc4   0x08001cc4   0x000000cc   Code   RO         4296    i.Encoder_Speed     encoder.o
    0x08001d90   0x08001d90   0x00000028   Code   RO         4297    i.Encoder_Start     encoder.o
    0x08001db8   0x08001db8   0x00000038   Code   RO         4559    i.Foc_Init          foc.o
    0x08001df0   0x08001df0   0x000001d8   Code   RO         4561    i.Foc_Run_Core      foc.o
    0x08001fc8   0x08001fc8   0x00000018   Code   RO         4562    i.Foc_Run_Theta     foc.o
    0x08001fe0   0x08001fe0   0x0000011c   Code   RO         4563    i.Foc_Run_Voltage   foc.o
    0x080020fc   0x080020fc   0x00000228   Code   RO         3670    i.HAL_ADCEx_InjectedConfigChannel  stm32f4xx_hal_adc_ex.o
    0x08002324   0x08002324   0x00000080   Code   RO         4383    i.HAL_ADCEx_InjectedConvCpltCallback  adc.o
    0x080023a4   0x080023a4   0x00000046   Code   RO         3672    i.HAL_ADCEx_InjectedGetValue  stm32f4xx_hal_adc_ex.o
    0x080023ea   0x080023ea   0x00000002   PAD
    0x080023ec   0x080023ec   0x00000120   Code   RO         3674    i.HAL_ADCEx_InjectedStart  stm32f4xx_hal_adc_ex.o
    0x0800250c   0x0800250c   0x0000012c   Code   RO         3675    i.HAL_ADCEx_InjectedStart_IT  stm32f4xx_hal_adc_ex.o
    0x08002638   0x08002638   0x00000060   Code   RO         3678    i.HAL_ADCEx_MultiModeConfigChannel  stm32f4xx_hal_adc_ex.o
    0x08002698   0x08002698   0x0000018c   Code   RO         3502    i.HAL_ADC_ConfigChannel  stm32f4xx_hal_adc.o
    0x08002824   0x08002824   0x00000002   Code   RO         3503    i.HAL_ADC_ConvCpltCallback  stm32f4xx_hal_adc.o
    0x08002826   0x08002826   0x00000002   Code   RO         3504    i.HAL_ADC_ConvHalfCpltCallback  stm32f4xx_hal_adc.o
    0x08002828   0x08002828   0x00000002   Code   RO         3506    i.HAL_ADC_ErrorCallback  stm32f4xx_hal_adc.o
    0x0800282a   0x0800282a   0x00000174   Code   RO         3510    i.HAL_ADC_IRQHandler  stm32f4xx_hal_adc.o
    0x0800299e   0x0800299e   0x00000002   PAD
    0x080029a0   0x080029a0   0x00000068   Code   RO         3511    i.HAL_ADC_Init      stm32f4xx_hal_adc.o
    0x08002a08   0x08002a08   0x00000002   Code   RO         3512    i.HAL_ADC_LevelOutOfWindowCallback  stm32f4xx_hal_adc.o
    0x08002a0a   0x08002a0a   0x00000002   Code   RO         3514    i.HAL_ADC_MspInit   stm32f4xx_hal_adc.o
    0x08002a0c   0x08002a0c   0x000001b4   Code   RO         3518    i.HAL_ADC_Start_DMA  stm32f4xx_hal_adc.o
    0x08002bc0   0x08002bc0   0x0000002a   Code   RO         3773    i.HAL_CAN_ActivateNotification  stm32f4xx_hal_can.o
    0x08002bea   0x08002bea   0x00000156   Code   RO         3774    i.HAL_CAN_AddTxMessage  stm32f4xx_hal_can.o
    0x08002d40   0x08002d40   0x00000124   Code   RO         3775    i.HAL_CAN_ConfigFilter  stm32f4xx_hal_can.o
    0x08002e64   0x08002e64   0x00000084   Code   RO         5088    i.HAL_CAN_ErrorCallback  motor_can.o
    0x08002ee8   0x08002ee8   0x00000006   Code   RO         3779    i.HAL_CAN_GetError  stm32f4xx_hal_can.o
    0x08002eee   0x08002eee   0x0000017a   Code   RO         3781    i.HAL_CAN_GetRxMessage  stm32f4xx_hal_can.o
    0x08003068   0x08003068   0x0000024e   Code   RO         3785    i.HAL_CAN_IRQHandler  stm32f4xx_hal_can.o
    0x080032b6   0x080032b6   0x00000174   Code   RO         3786    i.HAL_CAN_Init      stm32f4xx_hal_can.o
    0x0800342a   0x0800342a   0x00000002   Code   RO         3790    i.HAL_CAN_MspInit   stm32f4xx_hal_can.o
    0x0800342c   0x0800342c   0x00000022   Code   RO         3792    i.HAL_CAN_ResetError  stm32f4xx_hal_can.o
    0x0800344e   0x0800344e   0x00000002   Code   RO         3793    i.HAL_CAN_RxFifo0FullCallback  stm32f4xx_hal_can.o
    0x08003450   0x08003450   0x000000cc   Code   RO         5089    i.HAL_CAN_RxFifo0MsgPendingCallback  motor_can.o
    0x0800351c   0x0800351c   0x00000002   Code   RO         3795    i.HAL_CAN_RxFifo1FullCallback  stm32f4xx_hal_can.o
    0x0800351e   0x0800351e   0x00000002   Code   RO         3796    i.HAL_CAN_RxFifo1MsgPendingCallback  stm32f4xx_hal_can.o
    0x08003520   0x08003520   0x00000002   Code   RO         3797    i.HAL_CAN_SleepCallback  stm32f4xx_hal_can.o
    0x08003522   0x08003522   0x0000005e   Code   RO         3798    i.HAL_CAN_Start     stm32f4xx_hal_can.o
    0x08003580   0x08003580   0x0000006a   Code   RO         3799    i.HAL_CAN_Stop      stm32f4xx_hal_can.o
    0x080035ea   0x080035ea   0x00000002   Code   RO         3800    i.HAL_CAN_TxMailbox0AbortCallback  stm32f4xx_hal_can.o
    0x080035ec   0x080035ec   0x00000002   Code   RO         3801    i.HAL_CAN_TxMailbox0CompleteCallback  stm32f4xx_hal_can.o
    0x080035ee   0x080035ee   0x00000002   Code   RO         3802    i.HAL_CAN_TxMailbox1AbortCallback  stm32f4xx_hal_can.o
    0x080035f0   0x080035f0   0x00000002   Code   RO         3803    i.HAL_CAN_TxMailbox1CompleteCallback  stm32f4xx_hal_can.o
    0x080035f2   0x080035f2   0x00000002   Code   RO         3804    i.HAL_CAN_TxMailbox2AbortCallback  stm32f4xx_hal_can.o
    0x080035f4   0x080035f4   0x00000002   Code   RO         3805    i.HAL_CAN_TxMailbox2CompleteCallback  stm32f4xx_hal_can.o
    0x080035f6   0x080035f6   0x00000002   Code   RO         3807    i.HAL_CAN_WakeUpFromRxMsgCallback  stm32f4xx_hal_can.o
    0x080035f8   0x080035f8   0x000000aa   Code   RO         1094    i.HAL_DMA_Abort     stm32f4xx_hal_dma.o
    0x080036a2   0x080036a2   0x00000028   Code   RO         1095    i.HAL_DMA_Abort_IT  stm32f4xx_hal_dma.o
    0x080036ca   0x080036ca   0x00000002   PAD
    0x080036cc   0x080036cc   0x00000240   Code   RO         1099    i.HAL_DMA_IRQHandler  stm32f4xx_hal_dma.o
    0x0800390c   0x0800390c   0x000000ec   Code   RO         1100    i.HAL_DMA_Init      stm32f4xx_hal_dma.o
    0x080039f8   0x080039f8   0x00000092   Code   RO         1104    i.HAL_DMA_Start_IT  stm32f4xx_hal_dma.o
    0x08003a8a   0x08003a8a   0x0000000c   Code   RO          571    i.HAL_Delay         delay.o
    0x08003a96   0x08003a96   0x00000002   PAD
    0x08003a98   0x08003a98   0x0000005c   Code   RO         4299    i.HAL_GPIO_EXTI_Callback  encoder.o
    0x08003af4   0x08003af4   0x0000001c   Code   RO         1199    i.HAL_GPIO_EXTI_IRQHandler  stm32f4xx_hal_gpio.o
    0x08003b10   0x08003b10   0x00000204   Code   RO         1200    i.HAL_GPIO_Init     stm32f4xx_hal_gpio.o
    0x08003d14   0x08003d14   0x00000010   Code   RO         1202    i.HAL_GPIO_ReadPin  stm32f4xx_hal_gpio.o
    0x08003d24   0x08003d24   0x0000000c   Code   RO         1204    i.HAL_GPIO_WritePin  stm32f4xx_hal_gpio.o
    0x08003d30   0x08003d30   0x0000000c   Code   RO          777    i.HAL_GetREVID      stm32f4xx_hal.o
    0x08003d3c   0x08003d3c   0x0000000c   Code   RO          778    i.HAL_GetTick       stm32f4xx_hal.o
    0x08003d48   0x08003d48   0x00000018   Code   RO          784    i.HAL_IncTick       stm32f4xx_hal.o
    0x08003d60   0x08003d60   0x00000030   Code   RO          785    i.HAL_Init          stm32f4xx_hal.o
    0x08003d90   0x08003d90   0x0000004c   Code   RO          786    i.HAL_InitTick      stm32f4xx_hal.o
    0x08003ddc   0x08003ddc   0x00000002   Code   RO          788    i.HAL_MspInit       stm32f4xx_hal.o
    0x08003dde   0x08003dde   0x00000002   PAD
    0x08003de0   0x08003de0   0x00000044   Code   RO          955    i.HAL_NVIC_DisableIRQ  stm32f4xx_hal_cortex.o
    0x08003e24   0x08003e24   0x00000020   Code   RO          956    i.HAL_NVIC_EnableIRQ  stm32f4xx_hal_cortex.o
    0x08003e44   0x08003e44   0x0000007c   Code   RO          962    i.HAL_NVIC_SetPriority  stm32f4xx_hal_cortex.o
    0x08003ec0   0x08003ec0   0x00000028   Code   RO          963    i.HAL_NVIC_SetPriorityGrouping  stm32f4xx_hal_cortex.o
    0x08003ee8   0x08003ee8   0x00000184   Code   RO         1264    i.HAL_RCC_ClockConfig  stm32f4xx_hal_rcc.o
    0x0800406c   0x0800406c   0x0000000c   Code   RO         1269    i.HAL_RCC_GetHCLKFreq  stm32f4xx_hal_rcc.o
    0x08004078   0x08004078   0x00000020   Code   RO         1271    i.HAL_RCC_GetPCLK1Freq  stm32f4xx_hal_rcc.o
    0x08004098   0x08004098   0x00000020   Code   RO         1272    i.HAL_RCC_GetPCLK2Freq  stm32f4xx_hal_rcc.o
    0x080040b8   0x080040b8   0x000000b0   Code   RO         1273    i.HAL_RCC_GetSysClockFreq  stm32f4xx_hal_rcc.o
    0x08004168   0x08004168   0x0000049c   Code   RO         1276    i.HAL_RCC_OscConfig  stm32f4xx_hal_rcc.o
    0x08004604   0x08004604   0x00000028   Code   RO          965    i.HAL_SYSTICK_CLKSourceConfig  stm32f4xx_hal_cortex.o
    0x0800462c   0x0800462c   0x00000034   Code   RO          967    i.HAL_SYSTICK_Config  stm32f4xx_hal_cortex.o
    0x08004660   0x08004660   0x00000002   Code   RO         3230    i.HAL_TIMEx_BreakCallback  stm32f4xx_hal_tim_ex.o
    0x08004662   0x08004662   0x00000002   Code   RO         3231    i.HAL_TIMEx_CommutCallback  stm32f4xx_hal_tim_ex.o
    0x08004664   0x08004664   0x00000074   Code   RO         3233    i.HAL_TIMEx_ConfigBreakDeadTime  stm32f4xx_hal_tim_ex.o
    0x080046d8   0x080046d8   0x000000b4   Code   RO         3249    i.HAL_TIMEx_MasterConfigSynchronization  stm32f4xx_hal_tim_ex.o
    0x0800478c   0x0800478c   0x000000f4   Code   RO         3260    i.HAL_TIMEx_PWMN_Start  stm32f4xx_hal_tim_ex.o
    0x08004880   0x08004880   0x00000088   Code   RO         3263    i.HAL_TIMEx_PWMN_Stop  stm32f4xx_hal_tim_ex.o
    0x08004908   0x08004908   0x00000066   Code   RO         2515    i.HAL_TIM_Base_Init  stm32f4xx_hal_tim.o
    0x0800496e   0x0800496e   0x00000002   Code   RO         2517    i.HAL_TIM_Base_MspInit  stm32f4xx_hal_tim.o
    0x08004970   0x08004970   0x000000a8   Code   RO         2520    i.HAL_TIM_Base_Start_IT  stm32f4xx_hal_tim.o
    0x08004a18   0x08004a18   0x000000c8   Code   RO         2536    i.HAL_TIM_Encoder_Init  stm32f4xx_hal_tim.o
    0x08004ae0   0x08004ae0   0x00000002   Code   RO         2538    i.HAL_TIM_Encoder_MspInit  stm32f4xx_hal_tim.o
    0x08004ae2   0x08004ae2   0x00000002   Code   RO         2549    i.HAL_TIM_IC_CaptureCallback  stm32f4xx_hal_tim.o
    0x08004ae4   0x08004ae4   0x0000013c   Code   RO         2557    i.HAL_TIM_IC_Start  stm32f4xx_hal_tim.o
    0x08004c20   0x08004c20   0x00000196   Code   RO         2563    i.HAL_TIM_IRQHandler  stm32f4xx_hal_tim.o
    0x08004db6   0x08004db6   0x00000002   Code   RO         2566    i.HAL_TIM_OC_DelayElapsedCallback  stm32f4xx_hal_tim.o
    0x08004db8   0x08004db8   0x00000108   Code   RO         2587    i.HAL_TIM_PWM_ConfigChannel  stm32f4xx_hal_tim.o
    0x08004ec0   0x08004ec0   0x00000066   Code   RO         2590    i.HAL_TIM_PWM_Init  stm32f4xx_hal_tim.o
    0x08004f26   0x08004f26   0x00000002   Code   RO         2592    i.HAL_TIM_PWM_MspInit  stm32f4xx_hal_tim.o
    0x08004f28   0x08004f28   0x00000002   Code   RO         2593    i.HAL_TIM_PWM_PulseFinishedCallback  stm32f4xx_hal_tim.o
    0x08004f2a   0x08004f2a   0x00000002   PAD
    0x08004f2c   0x08004f2c   0x0000010c   Code   RO         2595    i.HAL_TIM_PWM_Start  stm32f4xx_hal_tim.o
    0x08005038   0x08005038   0x000000a8   Code   RO         2598    i.HAL_TIM_PWM_Stop  stm32f4xx_hal_tim.o
    0x080050e0   0x080050e0   0x0000018c   Code   RO         4128    i.HAL_TIM_PeriodElapsedCallback  pmsm.o
    0x0800526c   0x0800526c   0x00000002   Code   RO         2606    i.HAL_TIM_TriggerCallback  stm32f4xx_hal_tim.o
    0x0800526e   0x0800526e   0x00000002   Code   RO         1870    i.HAL_UARTEx_RxEventCallback  stm32f4xx_hal_uart.o
    0x08005270   0x08005270   0x00000002   Code   RO         1884    i.HAL_UART_ErrorCallback  stm32f4xx_hal_uart.o
    0x08005272   0x08005272   0x00000014   Code   RO         1886    i.HAL_UART_GetState  stm32f4xx_hal_uart.o
    0x08005286   0x08005286   0x00000002   PAD
    0x08005288   0x08005288   0x00000250   Code   RO         1887    i.HAL_UART_IRQHandler  stm32f4xx_hal_uart.o
    0x080054d8   0x080054d8   0x00000072   Code   RO         1888    i.HAL_UART_Init     stm32f4xx_hal_uart.o
    0x0800554a   0x0800554a   0x00000002   PAD
    0x0800554c   0x0800554c   0x000000c8   Code   RO          688    i.HAL_UART_MspInit  usart.o
    0x08005614   0x08005614   0x00000042   Code   RO         1893    i.HAL_UART_Receive_IT  stm32f4xx_hal_uart.o
    0x08005656   0x08005656   0x00000002   PAD
    0x08005658   0x08005658   0x00000088   Code   RO          689    i.HAL_UART_RxCpltCallback  usart.o
    0x080056e0   0x080056e0   0x00000002   Code   RO         1899    i.HAL_UART_TxCpltCallback  stm32f4xx_hal_uart.o
    0x080056e2   0x080056e2   0x00000002   PAD
    0x080056e4   0x080056e4   0x000000b4   Code   RO         5090    i.HandleTimeout     motor_can.o
    0x08005798   0x08005798   0x00000004   Code   RO          312    i.HardFault_Handler  stm32f4xx_it.o
    0x0800579c   0x0800579c   0x000000a0   Code   RO         4966    i.Identify_ApplyDefaults  motor_identify.o
    0x0800583c   0x0800583c   0x0000003c   Code   RO         4967    i.Identify_Fail     motor_identify.o
    0x08005878   0x08005878   0x000001f8   Code   RO         4968    i.Identify_LsTask   motor_identify.o
    0x08005a70   0x08005a70   0x000001cc   Code   RO         4969    i.Identify_RsTask   motor_identify.o
    0x08005c3c   0x08005c3c   0x000000a4   Code   RO         4970    i.Identify_SafetyCheck  motor_identify.o
    0x08005ce0   0x08005ce0   0x0000002c   Code   RO         4971    i.Identify_Stop     motor_identify.o
    0x08005d0c   0x08005d0c   0x000000cc   Code   RO         4972    i.Identify_Succeed  motor_identify.o
    0x08005dd8   0x08005dd8   0x00000046   Code   RO         4973    i.Identify_ValueInRange  motor_identify.o
    0x08005e1e   0x08005e1e   0x00000002   PAD
    0x08005e20   0x08005e20   0x00000024   Code   RO         5091    i.MarkControl       motor_can.o
    0x08005e44   0x08005e44   0x00000004   Code   RO          313    i.MemManage_Handler  stm32f4xx_it.o
    0x08005e48   0x08005e48   0x000000d0   Code   RO         4384    i.Motor_ADC1_Init   adc.o
    0x08005f18   0x08005f18   0x0000008c   Code   RO         4385    i.Motor_ADC2_Init   adc.o
    0x08005fa4   0x08005fa4   0x0000008c   Code   RO         4386    i.Motor_ADC3_Init   adc.o
    0x08006030   0x08006030   0x0000009c   Code   RO         4387    i.Motor_ADC_Get_Current_Offset  adc.o
    0x080060cc   0x080060cc   0x0000009c   Code   RO         4388    i.Motor_ADC_Get_RawValue  adc.o
    0x08006168   0x08006168   0x00000014   Code   RO         4389    i.Motor_ADC_Init    adc.o
    0x0800617c   0x0800617c   0x00000180   Code   RO         4390    i.Motor_ADC_RCC_GPIO_DMA_Init  adc.o
    0x080062fc   0x080062fc   0x00000030   Code   RO         4391    i.Motor_ADC_Start   adc.o
    0x0800632c   0x0800632c   0x00000054   Code   RO         4761    i.Motor_AngleDifference  motor_state.o
    0x08006380   0x08006380   0x0000014c   Code   RO         5093    i.Motor_CAN_Init    motor_can.o
    0x080064cc   0x080064cc   0x00000014   Code   RO         5094    i.Motor_CAN_NotifyLocalControl  motor_can.o
    0x080064e0   0x080064e0   0x00000044   Code   RO         5095    i.Motor_CAN_SendHeartbeat  motor_can.o
    0x08006524   0x08006524   0x00000022   Code   RO         5096    i.Motor_CAN_SendResponse  motor_can.o
    0x08006546   0x08006546   0x00000002   PAD
    0x08006548   0x08006548   0x000001bc   Code   RO         5097    i.Motor_CAN_SendStatus  motor_can.o
    0x08006704   0x08006704   0x00000070   Code   RO         5098    i.Motor_CAN_Start   motor_can.o
    0x08006774   0x08006774   0x00000110   Code   RO         5099    i.Motor_CAN_Task_1ms  motor_can.o
    0x08006884   0x08006884   0x000003d0   Code   RO         4762    i.Motor_FastControlISR  motor_state.o
    0x08006c54   0x08006c54   0x0000000c   Code   RO         4763    i.Motor_GetControlMode  motor_state.o
    0x08006c60   0x08006c60   0x0000000c   Code   RO         4764    i.Motor_GetState    motor_state.o
    0x08006c6c   0x08006c6c   0x000000b4   Code   RO         4392    i.Motor_GetTemperature  adc.o
    0x08006d20   0x08006d20   0x00000028   Code   RO         4974    i.Motor_Identify_Abort  motor_identify.o
    0x08006d48   0x08006d48   0x000000c4   Code   RO         4975    i.Motor_Identify_FastTask  motor_identify.o
    0x08006e0c   0x08006e0c   0x00000044   Code   RO         4976    i.Motor_Identify_Init  motor_identify.o
    0x08006e50   0x08006e50   0x0000001c   Code   RO         4977    i.Motor_Identify_IsFinished  motor_identify.o
    0x08006e6c   0x08006e6c   0x000000d0   Code   RO         4978    i.Motor_Identify_ReportOnce  motor_identify.o
    0x08006f3c   0x08006f3c   0x000000a4   Code   RO         4979    i.Motor_Identify_Start  motor_identify.o
    0x08006fe0   0x08006fe0   0x0000000c   Code   RO         4980    i.Motor_Identify_WasAttempted  motor_identify.o
    0x08006fec   0x08006fec   0x000001c0   Code   RO         4709    i.Motor_Protect_Check  motor_protection.o
    0x080071ac   0x080071ac   0x0000009c   Code   RO         4710    i.Motor_Protect_FastCheck  motor_protection.o
    0x08007248   0x08007248   0x00000044   Code   RO         4711    i.Motor_Protect_Init  motor_protection.o
    0x0800728c   0x0800728c   0x00000048   Code   RO         4712    i.Motor_Protect_Trip  motor_protection.o
    0x080072d4   0x080072d4   0x00000050   Code   RO         4765    i.Motor_SMO_IsHealthy  motor_state.o
    0x08007324   0x08007324   0x00000048   Code   RO         4766    i.Motor_SetControlMode  motor_state.o
    0x0800736c   0x0800736c   0x00000028   Code   RO         4129    i.Motor_SetDirection  pmsm.o
    0x08007394   0x08007394   0x0000000c   Code   RO         4130    i.Motor_SetSpeedRef  pmsm.o
    0x080073a0   0x080073a0   0x00000070   Code   RO         4767    i.Motor_SetState    motor_state.o
    0x08007410   0x08007410   0x00000016   Code   RO         4768    i.Motor_SpeedDirectionMatches  motor_state.o
    0x08007426   0x08007426   0x00000002   PAD
    0x08007428   0x08007428   0x00000044   Code   RO         4134    i.Motor_SpeedPid_BumplessTransfer  pmsm.o
    0x0800746c   0x0800746c   0x00000044   Code   RO         4135    i.Motor_SpeedPid_ClearForReverse  pmsm.o
    0x080074b0   0x080074b0   0x0000010c   Code   RO         4136    i.Motor_SpeedRefRamp_Update  pmsm.o
    0x080075bc   0x080075bc   0x00000088   Code   RO         4769    i.Motor_StateInit   motor_state.o
    0x08007644   0x08007644   0x000004a8   Code   RO         4770    i.Motor_StateTask_1ms  motor_state.o
    0x08007aec   0x08007aec   0x0000001a   Code   RO         4771    i.Motor_StateUsesFoc  motor_state.o
    0x08007b06   0x08007b06   0x00000002   PAD
    0x08007b08   0x08007b08   0x00000034   Code   RO         4772    i.Motor_TakeStateEntry  motor_state.o
    0x08007b3c   0x08007b3c   0x0000003c   Code   RO         4773    i.Motor_WrapAngle   motor_state.o
    0x08007b78   0x08007b78   0x00000002   Code   RO          314    i.NMI_Handler       stm32f4xx_it.o
    0x08007b7a   0x08007b7a   0x000000b6   Code   RO         4520    i.PID_Ctrl          pid.o
    0x08007c30   0x08007c30   0x00000050   Code   RO         4521    i.PID_Init          pid.o
    0x08007c80   0x08007c80   0x00000024   Code   RO         4235    i.PMSM_Driver_ShutdownDetected  pmsm_tim.o
    0x08007ca4   0x08007ca4   0x00000038   Code   RO         4236    i.PMSM_PWM_Duty_Set  pmsm_tim.o
    0x08007cdc   0x08007cdc   0x0000006c   Code   RO         4237    i.PMSM_PWM_Start    pmsm_tim.o
    0x08007d48   0x08007d48   0x0000005c   Code   RO         4238    i.PMSM_PWM_Stop     pmsm_tim.o
    0x08007da4   0x08007da4   0x000001bc   Code   RO         4239    i.PMSM_TIM_Init     pmsm_tim.o
    0x08007f60   0x08007f60   0x00000044   Code   RO         4564    i.Park_Transf       foc.o
    0x08007fa4   0x08007fa4   0x00000002   Code   RO          315    i.PendSV_Handler    stm32f4xx_it.o
    0x08007fa6   0x08007fa6   0x00000002   PAD
    0x08007fa8   0x08007fa8   0x00000058   Code   RO         5100    i.PopRx             motor_can.o
    0x08008000   0x08008000   0x0000012c   Code   RO         5101    i.ProcessControl    motor_can.o
    0x0800812c   0x0800812c   0x0000007c   Code   RO         5102    i.ProcessSpeed      motor_can.o
    0x080081a8   0x080081a8   0x00000008   Code   RO         5103    i.PutU16            motor_can.o
    0x080081b0   0x080081b0   0x00000010   Code   RO         5104    i.PutU32            motor_can.o
    0x080081c0   0x080081c0   0x00000040   Code   RO         4565    i.RevPark_Transf    foc.o
    0x08008200   0x08008200   0x00000140   Code   RO         4647    i.SMO_Init          smo.o
    0x08008340   0x08008340   0x000000d8   Code   RO         4648    i.SMO_Observe_Run   smo.o
    0x08008418   0x08008418   0x00000684   Code   RO         4649    i.SMO_Run           smo.o
    0x08008a9c   0x08008a9c   0x00000002   Code   RO          316    i.SVC_Handler       stm32f4xx_it.o
    0x08008a9e   0x08008a9e   0x00000002   PAD
    0x08008aa0   0x08008aa0   0x00000344   Code   RO         4566    i.SVPWM_Transf      foc.o
    0x08008de4   0x08008de4   0x00000084   Code   RO         5105    i.ScaleS16          motor_can.o
    0x08008e68   0x08008e68   0x00000064   Code   RO         5106    i.ScaleU16          motor_can.o
    0x08008ecc   0x08008ecc   0x00000064   Code   RO         5107    i.SendFrame         motor_can.o
    0x08008f30   0x08008f30   0x00000068   Code   RO         4138    i.SpeedLoop_TIM6_Init  pmsm.o
    0x08008f98   0x08008f98   0x00000010   Code   RO         4139    i.SpeedLoop_TIM6_Start  pmsm.o
    0x08008fa8   0x08008fa8   0x0000002c   Code   RO         5108    i.StartPeripheral   motor_can.o
    0x08008fd4   0x08008fd4   0x00000024   Code   RO         5109    i.StopMotor         motor_can.o
    0x08008ff8   0x08008ff8   0x00000008   Code   RO          317    i.SysTick_Handler   stm32f4xx_it.o
    0x08009000   0x08009000   0x00000014   Code   RO          535    i.SystemInit        system_stm32f4xx.o
    0x08009014   0x08009014   0x00000010   Code   RO         4300    i.TIM3_IRQHandler   encoder.o
    0x08009024   0x08009024   0x00000010   Code   RO         4140    i.TIM6_DAC_IRQHandler  pmsm.o
    0x08009034   0x08009034   0x000000d8   Code   RO         2608    i.TIM_Base_SetConfig  stm32f4xx_hal_tim.o
    0x0800910c   0x0800910c   0x00000022   Code   RO         2609    i.TIM_CCxChannelCmd  stm32f4xx_hal_tim.o
    0x0800912e   0x0800912e   0x00000022   Code   RO         3269    i.TIM_CCxNChannelCmd  stm32f4xx_hal_tim_ex.o
    0x08009150   0x08009150   0x00000070   Code   RO         2621    i.TIM_OC1_SetConfig  stm32f4xx_hal_tim.o
    0x080091c0   0x080091c0   0x0000007c   Code   RO         2622    i.TIM_OC2_SetConfig  stm32f4xx_hal_tim.o
    0x0800923c   0x0800923c   0x00000078   Code   RO         2623    i.TIM_OC3_SetConfig  stm32f4xx_hal_tim.o
    0x080092b4   0x080092b4   0x00000054   Code   RO         2624    i.TIM_OC4_SetConfig  stm32f4xx_hal_tim.o
    0x08009308   0x08009308   0x0000002a   Code   RO         4567    i.Theta_Transf_CosSin  foc.o
    0x08009332   0x08009332   0x00000014   Code   RO         1901    i.UART_DMAAbortOnError  stm32f4xx_hal_uart.o
    0x08009346   0x08009346   0x00000036   Code   RO         1911    i.UART_EndRxTransfer  stm32f4xx_hal_uart.o
    0x0800937c   0x0800937c   0x00000020   Code   RO         1912    i.UART_EndTransmit_IT  stm32f4xx_hal_uart.o
    0x0800939c   0x0800939c   0x000000be   Code   RO         1914    i.UART_Receive_IT   stm32f4xx_hal_uart.o
    0x0800945a   0x0800945a   0x00000002   PAD
    0x0800945c   0x0800945c   0x0000022c   Code   RO         1915    i.UART_SetConfig    stm32f4xx_hal_uart.o
    0x08009688   0x08009688   0x00000046   Code   RO         1917    i.UART_Start_Receive_IT  stm32f4xx_hal_uart.o
    0x080096ce   0x080096ce   0x00000060   Code   RO         1918    i.UART_Transmit_IT  stm32f4xx_hal_uart.o
    0x0800972e   0x0800972e   0x00000002   PAD
    0x08009730   0x08009730   0x00000050   Code   RO          690    i.USART1_IRQHandler  usart.o
    0x08009780   0x08009780   0x00000004   Code   RO          318    i.UsageFault_Handler  stm32f4xx_it.o
    0x08009784   0x08009784   0x00000030   Code   RO         5526    i.__ARM_fpclassify  m_wm.l(fpclassify.o)
    0x080097b4   0x080097b4   0x00000026   Code   RO         5436    i.__ARM_fpclassifyf  m_wm.l(fpclassifyf.o)
    0x080097da   0x080097da   0x00000014   Code   RO         4650    i.__ARM_isinff      smo.o
    0x080097ee   0x080097ee   0x00000014   Code   RO         4774    i.__ARM_isinff      motor_state.o
    0x08009802   0x08009802   0x00000014   Code   RO         4981    i.__ARM_isinff      motor_identify.o
    0x08009816   0x08009816   0x00000014   Code   RO         5110    i.__ARM_isinff      motor_can.o
    0x0800982a   0x0800982a   0x0000000e   Code   RO         4651    i.__ARM_isnanf      smo.o
    0x08009838   0x08009838   0x0000000e   Code   RO         4775    i.__ARM_isnanf      motor_state.o
    0x08009846   0x08009846   0x0000000e   Code   RO         4982    i.__ARM_isnanf      motor_identify.o
    0x08009854   0x08009854   0x0000000e   Code   RO         5111    i.__ARM_isnanf      motor_can.o
    0x08009862   0x08009862   0x00000002   PAD
    0x08009864   0x08009864   0x00000010   Code   RO          969    i.__NVIC_GetPriorityGrouping  stm32f4xx_hal_cortex.o
    0x08009874   0x08009874   0x00000028   Code   RO          970    i.__NVIC_SetPriority  stm32f4xx_hal_cortex.o
    0x0800989c   0x0800989c   0x00000250   Code   RO         5319    i.__hardfp_atan2f   m_wm.l(atan2f.o)
    0x08009aec   0x08009aec   0x00000150   Code   RO         5331    i.__hardfp_cosf     m_wm.l(cosf.o)
    0x08009c3c   0x08009c3c   0x00000048   Code   RO         5399    i.__hardfp_fmaxf    m_wm.l(fmaxf.o)
    0x08009c84   0x08009c84   0x000000b0   Code   RO         5343    i.__hardfp_fmodf    m_wm.l(fmodf.o)
    0x08009d34   0x08009d34   0x0000016c   Code   RO         5355    i.__hardfp_logf     m_wm.l(logf.o)
    0x08009ea0   0x08009ea0   0x00000190   Code   RO         5369    i.__hardfp_sinf     m_wm.l(sinf.o)
    0x0800a030   0x0800a030   0x0000003a   Code   RO         5381    i.__hardfp_sqrtf    m_wm.l(sqrtf.o)
    0x0800a06a   0x0800a06a   0x00000002   PAD
    0x0800a06c   0x0800a06c   0x00000014   Code   RO         5438    i.__mathlib_flt_divzero  m_wm.l(funder.o)
    0x0800a080   0x0800a080   0x00000006   Code   RO         5439    i.__mathlib_flt_infnan  m_wm.l(funder.o)
    0x0800a086   0x0800a086   0x00000006   Code   RO         5440    i.__mathlib_flt_infnan2  m_wm.l(funder.o)
    0x0800a08c   0x0800a08c   0x00000010   Code   RO         5441    i.__mathlib_flt_invalid  m_wm.l(funder.o)
    0x0800a09c   0x0800a09c   0x00000010   Code   RO         5444    i.__mathlib_flt_underflow  m_wm.l(funder.o)
    0x0800a0ac   0x0800a0ac   0x00000154   Code   RO         5452    i.__mathlib_rredf2  m_wm.l(rredf.o)
    0x0800a200   0x0800a200   0x0000000e   Code   RO         5284    i._is_digit         c_w.l(__printf_wp.o)
    0x0800a20e   0x0800a20e   0x00000004   Code   RO          692    i._sys_exit         usart.o
    0x0800a212   0x0800a212   0x00000002   PAD
    0x0800a214   0x0800a214   0x00000014   Code   RO          572    i.delay_init        delay.o
    0x0800a228   0x0800a228   0x00000032   Code   RO          573    i.delay_ms          delay.o
    0x0800a25a   0x0800a25a   0x00000002   PAD
    0x0800a25c   0x0800a25c   0x00000048   Code   RO          574    i.delay_us          delay.o
    0x0800a2a4   0x0800a2a4   0x0000001c   Code   RO          694    i.fputc             usart.o
    0x0800a2c0   0x0800a2c0   0x000000c0   Code   RO         4030    i.key_init          key.o
    0x0800a380   0x0800a380   0x00000098   Code   RO         4031    i.key_scan          key.o
    0x0800a418   0x0800a418   0x00000094   Code   RO         4006    i.led_init          led.o
    0x0800a4ac   0x0800a4ac   0x000002ec   Code   RO           13    i.main              main.o
    0x0800a798   0x0800a798   0x00000036   Code   RO         4652    i.sat               smo.o
    0x0800a7ce   0x0800a7ce   0x00000002   PAD
    0x0800a7d0   0x0800a7d0   0x000000cc   Code   RO          621    i.sys_stm32_clock_init  sys.o
    0x0800a89c   0x0800a89c   0x00000038   Code   RO          695    i.usart_init        usart.o
    0x0800a8d4   0x0800a8d4   0x0000002c   Code   RO         5520    locale$$code        c_w.l(lc_numeric_c.o)
    0x0800a900   0x0800a900   0x0000000c   Code   RO         5425    x$fpl$dretinf       fz_wm.l(dretinf.o)
    0x0800a90c   0x0800a90c   0x00000056   Code   RO         5315    x$fpl$f2d           fz_wm.l(f2d.o)
    0x0800a962   0x0800a962   0x00000002   PAD
    0x0800a964   0x0800a964   0x00000052   Code   RO         5427    x$fpl$fcmp4         fz_wm.l(fcmp4.o)
    0x0800a9b6   0x0800a9b6   0x00000018   Code   RO         5522    x$fpl$fcmpinf       fz_wm.l(fcmpi.o)
    0x0800a9ce   0x0800a9ce   0x0000008c   Code   RO         5431    x$fpl$fnaninf       fz_wm.l(fnaninf.o)
    0x0800aa5a   0x0800aa5a   0x0000000a   Code   RO         5640    x$fpl$fpinit        fz_wm.l(fpinit.o)
    0x0800aa64   0x0800aa64   0x000000f4   Code   RO         5433    x$fpl$frem          fz_wm.l(frem_clz.o)
    0x0800ab58   0x0800ab58   0x00000004   Code   RO         5317    x$fpl$printf1       fz_wm.l(printf1.o)
    0x0800ab5c   0x0800ab5c   0x00000000   Code   RO         5435    x$fpl$usenofp       fz_wm.l(usenofp.o)
    0x0800ab5c   0x0800ab5c   0x00000018   Data   RO          536    .constdata          system_stm32f4xx.o
    0x0800ab74   0x0800ab74   0x00000008   Data   RO         1106    .constdata          stm32f4xx_hal_dma.o
    0x0800ab7c   0x0800ab7c   0x00000034   Data   RO         4984    .constdata          motor_identify.o
    0x0800abb0   0x0800abb0   0x00000040   Data   RO         5358    .constdata          m_wm.l(logf.o)
    0x0800abf0   0x0800abf0   0x00000020   Data   RO         5453    .constdata          m_wm.l(rredf.o)
    0x0800ac10   0x0800ac10   0x00000094   Data   RO         5491    .constdata          c_w.l(bigflt0.o)
    0x0800aca4   0x0800aca4   0x00000077   Data   RO         4985    .conststring        motor_identify.o
    0x0800ad1b   0x0800ad1b   0x00000001   PAD
    0x0800ad1c   0x0800ad1c   0x00000020   Data   RO         5772    Region$$Table       anon$$obj.o
    0x0800ad3c   0x0800ad3c   0x0000001c   Data   RO         5519    locale$$data        c_w.l(lc_numeric_c.o)


    Execution Region RW_IRAM1 (Exec base: 0x20000000, Load base: 0x0800ad58, Size: 0x00000a70, Max: 0x00020000, ABSOLUTE)

    Exec Addr    Load Addr    Size         Type   Attr      Idx    E Section Name        Object

    0x20000000   0x0800ad58   0x00000004   Data   RW          537    .data               system_stm32f4xx.o
    0x20000004   0x0800ad5c   0x00000004   Data   RW          575    .data               delay.o
    0x20000008   0x0800ad60   0x00000007   Data   RW          697    .data               usart.o
    0x2000000f   0x0800ad67   0x00000001   PAD
    0x20000010   0x0800ad68   0x00000009   Data   RW          792    .data               stm32f4xx_hal.o
    0x20000019   0x0800ad71   0x00000001   Data   RW         4032    .data               key.o
    0x2000001a   0x0800ad72   0x00000002   PAD
    0x2000001c   0x0800ad74   0x00000016   Data   RW         4142    .data               pmsm.o
    0x20000032   0x0800ad8a   0x00000001   Data   RW         4241    .data               pmsm_tim.o
    0x20000033   0x0800ad8b   0x00000001   PAD
    0x20000034   0x0800ad8c   0x00000025   Data   RW         4302    .data               encoder.o
    0x20000059   0x0800adb1   0x00000003   PAD
    0x2000005c   0x0800adb4   0x00000010   Data   RW         4394    .data               adc.o
    0x2000006c   0x0800adc4   0x00000008   Data   RW         4523    .data               pid.o
    0x20000074   0x0800adcc   0x00000028   Data   RW         4569    .data               foc.o
    0x2000009c   0x0800adf4   0x0000001d   Data   RW         4654    .data               smo.o
    0x200000b9   0x0800ae11   0x00000003   PAD
    0x200000bc   0x0800ae14   0x00000024   Data   RW         4776    .data               motor_state.o
    0x200000e0   0x0800ae38   0x00000024   Data   RW         4986    .data               motor_identify.o
    0x20000104   0x0800ae5c   0x00000020   Data   RW         5113    .data               motor_can.o
    0x20000124        -       0x0000010c   Zero   RW          696    .bss                usart.o
    0x20000230        -       0x00000048   Zero   RW         4141    .bss                pmsm.o
    0x20000278        -       0x00000048   Zero   RW         4240    .bss                pmsm_tim.o
    0x200002c0        -       0x00000048   Zero   RW         4301    .bss                encoder.o
    0x20000308        -       0x0000014c   Zero   RW         4393    .bss                adc.o
    0x20000454        -       0x000000c0   Zero   RW         4522    .bss                pid.o
    0x20000514        -       0x00000024   Zero   RW         4568    .bss                foc.o
    0x20000538        -       0x00000064   Zero   RW         4653    .bss                smo.o
    0x2000059c        -       0x00000020   Zero   RW         4713    .bss                motor_protection.o
    0x200005bc        -       0x0000000c   Zero   RW         4983    .bss                motor_identify.o
    0x200005c8        -       0x00000048   Zero   RW         5112    .bss                motor_can.o
    0x20000610        -       0x00000060   Zero   RW         5537    .bss                c_w.l(libspace.o)
    0x20000670        -       0x00000000   Zero   RW            2    HEAP                startup_stm32f407xx.o
    0x20000670        -       0x00000400   Zero   RW            1    STACK               startup_stm32f407xx.o


==============================================================================

Image component sizes


      Code (inc. data)   RO Data    RW Data    ZI Data      Debug   Object Name

      1612        224          0         16        332       8990   adc.o
       154          8          0          4          0       2735   delay.o
      1078        160          0         37         72       6977   encoder.o
      1890        188          0         40         36       8569   foc.o
       344         16          0          1          0       1786   key.o
       148         10          0          0          0        979   led.o
       748        114          0          0          0     649731   main.o
      2924        374          0         32         72      49740   motor_can.o
      2416        450        171         36         12      13255   motor_identify.o
       744         70          0          0         32       4290   motor_protection.o
      2870        346          0         36          0      17435   motor_state.o
       262          6          0          8        192       3039   pid.o
       988        118          0         22         72      11191   pmsm.o
       736         70          0          1         72       3848   pmsm_tim.o
      2292        162          0         29        100      10919   smo.o
        76         28        392          0       1024       1000   startup_stm32f407xx.o
       174         34          0          9          0      10038   stm32f4xx_hal.o
      1836         66          0          0          0       9847   stm32f4xx_hal_adc.o
      1306         52          0          0          0       5129   stm32f4xx_hal_adc_ex.o
      2280          6          0          0          0      16960   stm32f4xx_hal_can.o
       412         28          0          0          0      36103   stm32f4xx_hal_cortex.o
      1434         16          8          0          0       7274   stm32f4xx_hal_dma.o
       572         50          0          0          0       3554   stm32f4xx_hal_gpio.o
      1820         84          0          0          0       5816   stm32f4xx_hal_rcc.o
      2698        178          0          0          0      17098   stm32f4xx_hal_tim.o
       714         60          0          0          0       5818   stm32f4xx_hal_tim_ex.o
      1816         16          0          0          0      10856   stm32f4xx_hal_uart.o
        32          0          0          0          0     719446   stm32f4xx_it.o
       204         12          0          0          0       1395   sys.o
        20          6         24          4          0       1423   system_stm32f4xx.o
       504         60          0          7        268       5893   usart.o

    ----------------------------------------------------------------------
     35152       3012        628        292       2284    1651134   Object Totals
         0          0         32          0          0          0   (incl. Generated)
        48          0          1         10          0          0   (incl. Padding)

    ----------------------------------------------------------------------

      Code (inc. data)   RO Data    RW Data    ZI Data      Debug   Library Member Name

         8          0          0          0          0         68   __main.o
       352          0          0          0          0         88   __printf_ss_wp.o
        14          0          0          0          0         68   __printf_wp.o
         0          0          0          0          0          0   __rtentry.o
        12          0          0          0          0          0   __rtentry2.o
         6          0          0          0          0          0   __rtentry4.o
        52          8          0          0          0          0   __scatter.o
        26          0          0          0          0          0   __scatter_copy.o
        28          0          0          0          0          0   __scatter_zi.o
        44          0          0          0          0        108   _printf_char.o
        48          6          0          0          0         96   _printf_char_common.o
        36          4          0          0          0         80   _printf_char_file.o
       120         16          0          0          0         92   _printf_dec.o
         6          0          0          0          0          0   _printf_f.o
      1054          0          0          0          0        216   _printf_fp_dec.o
       128         16          0          0          0         84   _printf_fp_infnan.o
       178          0          0          0          0         88   _printf_intcommon.o
         0          0          0          0          0          0   _printf_percent.o
         4          0          0          0          0          0   _printf_percent_end.o
         6          0          0          0          0          0   _printf_s.o
        82          0          0          0          0         80   _printf_str.o
         6          0          0          0          0          0   _printf_u.o
        22          0          0          0          0        100   _rserrno.o
       228          4        148          0          0         96   bigflt0.o
      1936        128          0          0          0        672   btod.o
        18          0          0          0          0         80   exit.o
         8          0          0          0          0         68   ferror.o
         6          0          0          0          0        152   heapauxi.o
        44         10         28          0          0         76   lc_numeric_c.o
         2          0          0          0          0          0   libinit.o
        22          0          0          0          0          0   libinit2.o
         2          0          0          0          0          0   libshutdown.o
         2          0          0          0          0          0   libshutdown2.o
         8          4          0          0         96         68   libspace.o
       138          0          0          0          0         80   lludiv10.o
       238          0          0          0          0        100   lludivv7m.o
        24          4          0          0          0         84   noretval__2printf.o
         8          4          0          0          0         68   rt_errno_addr_intlibspace.o
         8          4          0          0          0         68   rt_locale_intlibspace.o
        78          0          0          0          0         80   rt_memclr_w.o
         2          0          0          0          0          0   rtexit.o
        10          0          0          0          0          0   rtexit2.o
       128          0          0          0          0         68   strcmpv7m.o
        74          0          0          0          0         80   sys_stackheap_outer.o
         2          0          0          0          0         68   use_no_semi.o
         2          0          0          0          0         68   use_no_semi_2.o
        12          0          0          0          0        116   dretinf.o
        86          4          0          0          0        132   f2d.o
        82          4          0          0          0        160   fcmp4.o
        24          0          0          0          0        116   fcmpi.o
       140          4          0          0          0        132   fnaninf.o
        10          0          0          0          0        116   fpinit.o
       244          8          0          0          0        132   frem_clz.o
         4          0          0          0          0        116   printf1.o
         0          0          0          0          0          0   usenofp.o
       592         90          0          0          0        184   atan2f.o
       336         56          0          0          0        136   cosf.o
        72          0          0          0          0        148   fmaxf.o
       176          0          0          0          0        168   fmodf.o
        48          0          0          0          0        124   fpclassify.o
        38          0          0          0          0        116   fpclassifyf.o
        64         18          0          0          0        580   funder.o
       364         44         64          0          0        140   logf.o
       340         24         32          0          0        160   rredf.o
       400         56          0          0          0        212   sinf.o
        58          0          0          0          0        136   sqrtf.o

    ----------------------------------------------------------------------
      8324        516        272          0         96       6268   Library Totals
        14          0          0          0          0          0   (incl. Padding)

    ----------------------------------------------------------------------

      Code (inc. data)   RO Data    RW Data    ZI Data      Debug   Library Name

      5220        208        176          0         96       3144   c_w.l
       602         20          0          0          0       1020   fz_wm.l
      2488        288         96          0          0       2104   m_wm.l

    ----------------------------------------------------------------------
      8324        516        272          0         96       6268   Library Totals

    ----------------------------------------------------------------------

==============================================================================


      Code (inc. data)   RO Data    RW Data    ZI Data      Debug   

     43476       3528        900        292       2380    1629386   Grand Totals
     43476       3528        900        292       2380    1629386   ELF Image Totals
     43476       3528        900        292          0          0   ROM Totals

==============================================================================

    Total RO  Size (Code + RO Data)                44376 (  43.34kB)
    Total RW  Size (RW Data + ZI Data)              2672 (   2.61kB)
    Total ROM Size (Code + RO Data + RW Data)      44668 (  43.62kB)

==============================================================================

