<!doctype html public "-//w3c//dtd html 4.0 transitional//en">
<html><head>
<title>Static Call Graph - [..\..\Output\atk_f407.axf]</title></head>
<body><HR>
<H1>Static Call Graph for image ..\..\Output\atk_f407.axf</H1><HR>
<BR><P>#&#060CALLGRAPH&#062# ARM Linker, 5060750: Last Updated: Sat Aug 01 15:48:11 2026
<BR><P>
<H3>Maximum Stack Usage =        324 bytes + Unknown(Functions without stacksize, Cycles, Untraceable Function Pointers)</H3><H3>
Call chain for Maximum Stack Depth:</H3>
_printf_f &rArr; _printf_fp_dec &rArr; _printf_fp_dec_real &rArr; _fp_digits &rArr; _btod_etento &rArr; _btod_emul &rArr; _e2e
<P>
<H3>
Functions with no stack information
</H3><UL>
 <LI><a href="#[9b]">__user_initial_stackheap</a>
</UL>
</UL>
<P>
<H3>
Mutually Recursive functions
</H3> <LI><a href="#[23]">CAN1_RX1_IRQHandler</a>&nbsp;&nbsp;&nbsp;&rArr;&nbsp;&nbsp;&nbsp;<a href="#[23]">CAN1_RX1_IRQHandler</a><BR>
</UL>
<P>
<H3>
Function Pointers
</H3><UL>
 <LI><a href="#[63]">ADC_DMAConvCplt</a> from stm32f4xx_hal_adc.o(i.ADC_DMAConvCplt) referenced from stm32f4xx_hal_adc.o(i.HAL_ADC_Start_DMA)
 <LI><a href="#[65]">ADC_DMAError</a> from stm32f4xx_hal_adc.o(i.ADC_DMAError) referenced from stm32f4xx_hal_adc.o(i.HAL_ADC_Start_DMA)
 <LI><a href="#[64]">ADC_DMAHalfConvCplt</a> from stm32f4xx_hal_adc.o(i.ADC_DMAHalfConvCplt) referenced from stm32f4xx_hal_adc.o(i.HAL_ADC_Start_DMA)
 <LI><a href="#[20]">ADC_IRQHandler</a> from adc.o(i.ADC_IRQHandler) referenced from startup_stm32f407xx.o(RESET)
 <LI><a href="#[8]">BusFault_Handler</a> from stm32f4xx_it.o(i.BusFault_Handler) referenced from startup_stm32f407xx.o(RESET)
 <LI><a href="#[22]">CAN1_RX0_IRQHandler</a> from motor_can.o(i.CAN1_RX0_IRQHandler) referenced from startup_stm32f407xx.o(RESET)
 <LI><a href="#[23]">CAN1_RX1_IRQHandler</a> from startup_stm32f407xx.o(.text) referenced from startup_stm32f407xx.o(RESET)
 <LI><a href="#[24]">CAN1_SCE_IRQHandler</a> from motor_can.o(i.CAN1_SCE_IRQHandler) referenced from startup_stm32f407xx.o(RESET)
 <LI><a href="#[21]">CAN1_TX_IRQHandler</a> from startup_stm32f407xx.o(.text) referenced from startup_stm32f407xx.o(RESET)
 <LI><a href="#[4e]">CAN2_RX0_IRQHandler</a> from startup_stm32f407xx.o(.text) referenced from startup_stm32f407xx.o(RESET)
 <LI><a href="#[4f]">CAN2_RX1_IRQHandler</a> from startup_stm32f407xx.o(.text) referenced from startup_stm32f407xx.o(RESET)
 <LI><a href="#[50]">CAN2_SCE_IRQHandler</a> from startup_stm32f407xx.o(.text) referenced from startup_stm32f407xx.o(RESET)
 <LI><a href="#[4d]">CAN2_TX_IRQHandler</a> from startup_stm32f407xx.o(.text) referenced from startup_stm32f407xx.o(RESET)
 <LI><a href="#[5c]">DCMI_IRQHandler</a> from startup_stm32f407xx.o(.text) referenced from startup_stm32f407xx.o(RESET)
 <LI><a href="#[19]">DMA1_Stream0_IRQHandler</a> from startup_stm32f407xx.o(.text) referenced from startup_stm32f407xx.o(RESET)
 <LI><a href="#[1a]">DMA1_Stream1_IRQHandler</a> from startup_stm32f407xx.o(.text) referenced from startup_stm32f407xx.o(RESET)
 <LI><a href="#[1b]">DMA1_Stream2_IRQHandler</a> from startup_stm32f407xx.o(.text) referenced from startup_stm32f407xx.o(RESET)
 <LI><a href="#[1c]">DMA1_Stream3_IRQHandler</a> from startup_stm32f407xx.o(.text) referenced from startup_stm32f407xx.o(RESET)
 <LI><a href="#[1d]">DMA1_Stream4_IRQHandler</a> from startup_stm32f407xx.o(.text) referenced from startup_stm32f407xx.o(RESET)
 <LI><a href="#[1e]">DMA1_Stream5_IRQHandler</a> from startup_stm32f407xx.o(.text) referenced from startup_stm32f407xx.o(RESET)
 <LI><a href="#[1f]">DMA1_Stream6_IRQHandler</a> from startup_stm32f407xx.o(.text) referenced from startup_stm32f407xx.o(RESET)
 <LI><a href="#[3d]">DMA1_Stream7_IRQHandler</a> from startup_stm32f407xx.o(.text) referenced from startup_stm32f407xx.o(RESET)
 <LI><a href="#[46]">DMA2_Stream0_IRQHandler</a> from adc.o(i.DMA2_Stream0_IRQHandler) referenced from startup_stm32f407xx.o(RESET)
 <LI><a href="#[47]">DMA2_Stream1_IRQHandler</a> from startup_stm32f407xx.o(.text) referenced from startup_stm32f407xx.o(RESET)
 <LI><a href="#[48]">DMA2_Stream2_IRQHandler</a> from startup_stm32f407xx.o(.text) referenced from startup_stm32f407xx.o(RESET)
 <LI><a href="#[49]">DMA2_Stream3_IRQHandler</a> from startup_stm32f407xx.o(.text) referenced from startup_stm32f407xx.o(RESET)
 <LI><a href="#[4a]">DMA2_Stream4_IRQHandler</a> from startup_stm32f407xx.o(.text) referenced from startup_stm32f407xx.o(RESET)
 <LI><a href="#[52]">DMA2_Stream5_IRQHandler</a> from startup_stm32f407xx.o(.text) referenced from startup_stm32f407xx.o(RESET)
 <LI><a href="#[53]">DMA2_Stream6_IRQHandler</a> from startup_stm32f407xx.o(.text) referenced from startup_stm32f407xx.o(RESET)
 <LI><a href="#[54]">DMA2_Stream7_IRQHandler</a> from startup_stm32f407xx.o(.text) referenced from startup_stm32f407xx.o(RESET)
 <LI><a href="#[b]">DebugMon_Handler</a> from stm32f4xx_it.o(i.DebugMon_Handler) referenced from startup_stm32f407xx.o(RESET)
 <LI><a href="#[4b]">ETH_IRQHandler</a> from startup_stm32f407xx.o(.text) referenced from startup_stm32f407xx.o(RESET)
 <LI><a href="#[4c]">ETH_WKUP_IRQHandler</a> from startup_stm32f407xx.o(.text) referenced from startup_stm32f407xx.o(RESET)
 <LI><a href="#[14]">EXTI0_IRQHandler</a> from startup_stm32f407xx.o(.text) referenced from startup_stm32f407xx.o(RESET)
 <LI><a href="#[36]">EXTI15_10_IRQHandler</a> from startup_stm32f407xx.o(.text) referenced from startup_stm32f407xx.o(RESET)
 <LI><a href="#[15]">EXTI1_IRQHandler</a> from startup_stm32f407xx.o(.text) referenced from startup_stm32f407xx.o(RESET)
 <LI><a href="#[16]">EXTI2_IRQHandler</a> from startup_stm32f407xx.o(.text) referenced from startup_stm32f407xx.o(RESET)
 <LI><a href="#[17]">EXTI3_IRQHandler</a> from startup_stm32f407xx.o(.text) referenced from startup_stm32f407xx.o(RESET)
 <LI><a href="#[18]">EXTI4_IRQHandler</a> from startup_stm32f407xx.o(.text) referenced from startup_stm32f407xx.o(RESET)
 <LI><a href="#[25]">EXTI9_5_IRQHandler</a> from encoder.o(i.EXTI9_5_IRQHandler) referenced from startup_stm32f407xx.o(RESET)
 <LI><a href="#[12]">FLASH_IRQHandler</a> from startup_stm32f407xx.o(.text) referenced from startup_stm32f407xx.o(RESET)
 <LI><a href="#[3e]">FMC_IRQHandler</a> from startup_stm32f407xx.o(.text) referenced from startup_stm32f407xx.o(RESET)
 <LI><a href="#[5e]">FPU_IRQHandler</a> from startup_stm32f407xx.o(.text) referenced from startup_stm32f407xx.o(RESET)
 <LI><a href="#[5d]">HASH_RNG_IRQHandler</a> from startup_stm32f407xx.o(.text) referenced from startup_stm32f407xx.o(RESET)
 <LI><a href="#[6]">HardFault_Handler</a> from stm32f4xx_it.o(i.HardFault_Handler) referenced from startup_stm32f407xx.o(RESET)
 <LI><a href="#[2e]">I2C1_ER_IRQHandler</a> from startup_stm32f407xx.o(.text) referenced from startup_stm32f407xx.o(RESET)
 <LI><a href="#[2d]">I2C1_EV_IRQHandler</a> from startup_stm32f407xx.o(.text) referenced from startup_stm32f407xx.o(RESET)
 <LI><a href="#[30]">I2C2_ER_IRQHandler</a> from startup_stm32f407xx.o(.text) referenced from startup_stm32f407xx.o(RESET)
 <LI><a href="#[2f]">I2C2_EV_IRQHandler</a> from startup_stm32f407xx.o(.text) referenced from startup_stm32f407xx.o(RESET)
 <LI><a href="#[57]">I2C3_ER_IRQHandler</a> from startup_stm32f407xx.o(.text) referenced from startup_stm32f407xx.o(RESET)
 <LI><a href="#[56]">I2C3_EV_IRQHandler</a> from startup_stm32f407xx.o(.text) referenced from startup_stm32f407xx.o(RESET)
 <LI><a href="#[7]">MemManage_Handler</a> from stm32f4xx_it.o(i.MemManage_Handler) referenced from startup_stm32f407xx.o(RESET)
 <LI><a href="#[5]">NMI_Handler</a> from stm32f4xx_it.o(i.NMI_Handler) referenced from startup_stm32f407xx.o(RESET)
 <LI><a href="#[51]">OTG_FS_IRQHandler</a> from startup_stm32f407xx.o(.text) referenced from startup_stm32f407xx.o(RESET)
 <LI><a href="#[38]">OTG_FS_WKUP_IRQHandler</a> from startup_stm32f407xx.o(.text) referenced from startup_stm32f407xx.o(RESET)
 <LI><a href="#[59]">OTG_HS_EP1_IN_IRQHandler</a> from startup_stm32f407xx.o(.text) referenced from startup_stm32f407xx.o(RESET)
 <LI><a href="#[58]">OTG_HS_EP1_OUT_IRQHandler</a> from startup_stm32f407xx.o(.text) referenced from startup_stm32f407xx.o(RESET)
 <LI><a href="#[5b]">OTG_HS_IRQHandler</a> from startup_stm32f407xx.o(.text) referenced from startup_stm32f407xx.o(RESET)
 <LI><a href="#[5a]">OTG_HS_WKUP_IRQHandler</a> from startup_stm32f407xx.o(.text) referenced from startup_stm32f407xx.o(RESET)
 <LI><a href="#[f]">PVD_IRQHandler</a> from startup_stm32f407xx.o(.text) referenced from startup_stm32f407xx.o(RESET)
 <LI><a href="#[c]">PendSV_Handler</a> from stm32f4xx_it.o(i.PendSV_Handler) referenced from startup_stm32f407xx.o(RESET)
 <LI><a href="#[13]">RCC_IRQHandler</a> from startup_stm32f407xx.o(.text) referenced from startup_stm32f407xx.o(RESET)
 <LI><a href="#[37]">RTC_Alarm_IRQHandler</a> from startup_stm32f407xx.o(.text) referenced from startup_stm32f407xx.o(RESET)
 <LI><a href="#[11]">RTC_WKUP_IRQHandler</a> from startup_stm32f407xx.o(.text) referenced from startup_stm32f407xx.o(RESET)
 <LI><a href="#[4]">Reset_Handler</a> from startup_stm32f407xx.o(.text) referenced from startup_stm32f407xx.o(RESET)
 <LI><a href="#[3f]">SDIO_IRQHandler</a> from startup_stm32f407xx.o(.text) referenced from startup_stm32f407xx.o(RESET)
 <LI><a href="#[31]">SPI1_IRQHandler</a> from startup_stm32f407xx.o(.text) referenced from startup_stm32f407xx.o(RESET)
 <LI><a href="#[32]">SPI2_IRQHandler</a> from startup_stm32f407xx.o(.text) referenced from startup_stm32f407xx.o(RESET)
 <LI><a href="#[41]">SPI3_IRQHandler</a> from startup_stm32f407xx.o(.text) referenced from startup_stm32f407xx.o(RESET)
 <LI><a href="#[a]">SVC_Handler</a> from stm32f4xx_it.o(i.SVC_Handler) referenced from startup_stm32f407xx.o(RESET)
 <LI><a href="#[d]">SysTick_Handler</a> from stm32f4xx_it.o(i.SysTick_Handler) referenced from startup_stm32f407xx.o(RESET)
 <LI><a href="#[5f]">SystemInit</a> from system_stm32f4xx.o(i.SystemInit) referenced from startup_stm32f407xx.o(.text)
 <LI><a href="#[10]">TAMP_STAMP_IRQHandler</a> from startup_stm32f407xx.o(.text) referenced from startup_stm32f407xx.o(RESET)
 <LI><a href="#[26]">TIM1_BRK_TIM9_IRQHandler</a> from startup_stm32f407xx.o(.text) referenced from startup_stm32f407xx.o(RESET)
 <LI><a href="#[29]">TIM1_CC_IRQHandler</a> from startup_stm32f407xx.o(.text) referenced from startup_stm32f407xx.o(RESET)
 <LI><a href="#[28]">TIM1_TRG_COM_TIM11_IRQHandler</a> from startup_stm32f407xx.o(.text) referenced from startup_stm32f407xx.o(RESET)
 <LI><a href="#[27]">TIM1_UP_TIM10_IRQHandler</a> from startup_stm32f407xx.o(.text) referenced from startup_stm32f407xx.o(RESET)
 <LI><a href="#[2a]">TIM2_IRQHandler</a> from startup_stm32f407xx.o(.text) referenced from startup_stm32f407xx.o(RESET)
 <LI><a href="#[2b]">TIM3_IRQHandler</a> from encoder.o(i.TIM3_IRQHandler) referenced from startup_stm32f407xx.o(RESET)
 <LI><a href="#[2c]">TIM4_IRQHandler</a> from startup_stm32f407xx.o(.text) referenced from startup_stm32f407xx.o(RESET)
 <LI><a href="#[40]">TIM5_IRQHandler</a> from startup_stm32f407xx.o(.text) referenced from startup_stm32f407xx.o(RESET)
 <LI><a href="#[44]">TIM6_DAC_IRQHandler</a> from pmsm.o(i.TIM6_DAC_IRQHandler) referenced from startup_stm32f407xx.o(RESET)
 <LI><a href="#[45]">TIM7_IRQHandler</a> from startup_stm32f407xx.o(.text) referenced from startup_stm32f407xx.o(RESET)
 <LI><a href="#[39]">TIM8_BRK_TIM12_IRQHandler</a> from startup_stm32f407xx.o(.text) referenced from startup_stm32f407xx.o(RESET)
 <LI><a href="#[3c]">TIM8_CC_IRQHandler</a> from startup_stm32f407xx.o(.text) referenced from startup_stm32f407xx.o(RESET)
 <LI><a href="#[3b]">TIM8_TRG_COM_TIM14_IRQHandler</a> from startup_stm32f407xx.o(.text) referenced from startup_stm32f407xx.o(RESET)
 <LI><a href="#[3a]">TIM8_UP_TIM13_IRQHandler</a> from startup_stm32f407xx.o(.text) referenced from startup_stm32f407xx.o(RESET)
 <LI><a href="#[42]">UART4_IRQHandler</a> from startup_stm32f407xx.o(.text) referenced from startup_stm32f407xx.o(RESET)
 <LI><a href="#[43]">UART5_IRQHandler</a> from startup_stm32f407xx.o(.text) referenced from startup_stm32f407xx.o(RESET)
 <LI><a href="#[66]">UART_DMAAbortOnError</a> from stm32f4xx_hal_uart.o(i.UART_DMAAbortOnError) referenced from stm32f4xx_hal_uart.o(i.HAL_UART_IRQHandler)
 <LI><a href="#[33]">USART1_IRQHandler</a> from usart.o(i.USART1_IRQHandler) referenced from startup_stm32f407xx.o(RESET)
 <LI><a href="#[34]">USART2_IRQHandler</a> from startup_stm32f407xx.o(.text) referenced from startup_stm32f407xx.o(RESET)
 <LI><a href="#[35]">USART3_IRQHandler</a> from startup_stm32f407xx.o(.text) referenced from startup_stm32f407xx.o(RESET)
 <LI><a href="#[55]">USART6_IRQHandler</a> from startup_stm32f407xx.o(.text) referenced from startup_stm32f407xx.o(RESET)
 <LI><a href="#[9]">UsageFault_Handler</a> from stm32f4xx_it.o(i.UsageFault_Handler) referenced from startup_stm32f407xx.o(RESET)
 <LI><a href="#[e]">WWDG_IRQHandler</a> from startup_stm32f407xx.o(.text) referenced from startup_stm32f407xx.o(RESET)
 <LI><a href="#[67]">__main</a> from __main.o(!!!main) referenced from startup_stm32f407xx.o(.text)
 <LI><a href="#[62]">_printf_input_char</a> from _printf_char_common.o(.text) referenced from _printf_char_common.o(.text)
 <LI><a href="#[61]">fputc</a> from usart.o(i.fputc) referenced from _printf_char_file.o(.text)
</UL>
<P>
<H3>
Global Symbols
</H3>
<P><STRONG><a name="[67]"></a>__main</STRONG> (Thumb, 8 bytes, Stack size 0 bytes, __main.o(!!!main))
<BR><BR>[Calls]<UL><LI><a href="#[69]">&gt;&gt;</a>&nbsp;&nbsp;&nbsp;__rt_entry
<LI><a href="#[68]">&gt;&gt;</a>&nbsp;&nbsp;&nbsp;__scatterload
</UL>

<P><STRONG><a name="[68]"></a>__scatterload</STRONG> (Thumb, 0 bytes, Stack size unknown bytes, __scatter.o(!!!scatter))
<BR><BR>[Called By]<UL><LI><a href="#[67]">&gt;&gt;</a>&nbsp;&nbsp;&nbsp;__main
</UL>

<P><STRONG><a name="[6a]"></a>__scatterload_rt2</STRONG> (Thumb, 44 bytes, Stack size unknown bytes, __scatter.o(!!!scatter), UNUSED)
<BR><BR>[Calls]<UL><LI><a href="#[69]">&gt;&gt;</a>&nbsp;&nbsp;&nbsp;__rt_entry
</UL>

<P><STRONG><a name="[1a2]"></a>__scatterload_rt2_thumb_only</STRONG> (Thumb, 0 bytes, Stack size unknown bytes, __scatter.o(!!!scatter), UNUSED)

<P><STRONG><a name="[1a3]"></a>__scatterload_null</STRONG> (Thumb, 0 bytes, Stack size unknown bytes, __scatter.o(!!!scatter), UNUSED)

<P><STRONG><a name="[6b]"></a>__scatterload_copy</STRONG> (Thumb, 26 bytes, Stack size unknown bytes, __scatter_copy.o(!!handler_copy), UNUSED)
<BR><BR>[Calls]<UL><LI><a href="#[6b]">&gt;&gt;</a>&nbsp;&nbsp;&nbsp;__scatterload_copy
</UL>
<BR>[Called By]<UL><LI><a href="#[6b]">&gt;&gt;</a>&nbsp;&nbsp;&nbsp;__scatterload_copy
</UL>

<P><STRONG><a name="[1a4]"></a>__scatterload_zeroinit</STRONG> (Thumb, 28 bytes, Stack size unknown bytes, __scatter_zi.o(!!handler_zi), UNUSED)

<P><STRONG><a name="[6c]"></a>_printf_f</STRONG> (Thumb, 0 bytes, Stack size unknown bytes, _printf_f.o(.ARM.Collect$$_printf_percent$$00000003))
<BR><BR>[Stack]<UL><LI>Max Depth = 324 + Unknown Stack Size
<LI>Call Chain = _printf_f &rArr; _printf_fp_dec &rArr; _printf_fp_dec_real &rArr; _fp_digits &rArr; _btod_etento &rArr; _btod_emul &rArr; _e2e
</UL>
<BR>[Calls]<UL><LI><a href="#[6d]">&gt;&gt;</a>&nbsp;&nbsp;&nbsp;_printf_fp_dec
</UL>

<P><STRONG><a name="[88]"></a>_printf_percent</STRONG> (Thumb, 0 bytes, Stack size unknown bytes, _printf_percent.o(.ARM.Collect$$_printf_percent$$00000000))
<BR><BR>[Called By]<UL><LI><a href="#[86]">&gt;&gt;</a>&nbsp;&nbsp;&nbsp;__printf
</UL>

<P><STRONG><a name="[6e]"></a>_printf_u</STRONG> (Thumb, 0 bytes, Stack size unknown bytes, _printf_u.o(.ARM.Collect$$_printf_percent$$0000000A))
<BR><BR>[Stack]<UL><LI>Max Depth = 56 + Unknown Stack Size
<LI>Call Chain = _printf_u &rArr; _printf_int_dec &rArr; _printf_int_common
</UL>
<BR>[Calls]<UL><LI><a href="#[6f]">&gt;&gt;</a>&nbsp;&nbsp;&nbsp;_printf_int_dec
</UL>

<P><STRONG><a name="[70]"></a>_printf_s</STRONG> (Thumb, 0 bytes, Stack size unknown bytes, _printf_s.o(.ARM.Collect$$_printf_percent$$00000014))
<BR><BR>[Stack]<UL><LI>Max Depth = 24 + Unknown Stack Size
<LI>Call Chain = _printf_s &rArr; _printf_string &rArr; _printf_cs_common &rArr; _printf_str
</UL>
<BR>[Calls]<UL><LI><a href="#[71]">&gt;&gt;</a>&nbsp;&nbsp;&nbsp;_printf_string
</UL>

<P><STRONG><a name="[1a5]"></a>_printf_percent_end</STRONG> (Thumb, 0 bytes, Stack size unknown bytes, _printf_percent_end.o(.ARM.Collect$$_printf_percent$$00000017))

<P><STRONG><a name="[7b]"></a>__rt_lib_init</STRONG> (Thumb, 0 bytes, Stack size unknown bytes, libinit.o(.ARM.Collect$$libinit$$00000000))
<BR><BR>[Called By]<UL><LI><a href="#[7a]">&gt;&gt;</a>&nbsp;&nbsp;&nbsp;__rt_entry_li
</UL>

<P><STRONG><a name="[72]"></a>__rt_lib_init_fp_1</STRONG> (Thumb, 0 bytes, Stack size unknown bytes, libinit2.o(.ARM.Collect$$libinit$$00000001))
<BR><BR>[Calls]<UL><LI><a href="#[73]">&gt;&gt;</a>&nbsp;&nbsp;&nbsp;_fp_init
</UL>

<P><STRONG><a name="[1a6]"></a>__rt_lib_init_heap_1</STRONG> (Thumb, 0 bytes, Stack size unknown bytes, libinit2.o(.ARM.Collect$$libinit$$0000000A))

<P><STRONG><a name="[74]"></a>__rt_lib_init_lc_common</STRONG> (Thumb, 0 bytes, Stack size unknown bytes, libinit2.o(.ARM.Collect$$libinit$$0000000F))
<BR><BR>[Calls]<UL><LI><a href="#[75]">&gt;&gt;</a>&nbsp;&nbsp;&nbsp;__rt_locale
</UL>

<P><STRONG><a name="[1a7]"></a>__rt_lib_init_preinit_1</STRONG> (Thumb, 0 bytes, Stack size unknown bytes, libinit2.o(.ARM.Collect$$libinit$$00000004))

<P><STRONG><a name="[1a8]"></a>__rt_lib_init_rand_1</STRONG> (Thumb, 0 bytes, Stack size unknown bytes, libinit2.o(.ARM.Collect$$libinit$$0000000E))

<P><STRONG><a name="[1a9]"></a>__rt_lib_init_user_alloc_1</STRONG> (Thumb, 0 bytes, Stack size unknown bytes, libinit2.o(.ARM.Collect$$libinit$$0000000C))

<P><STRONG><a name="[1aa]"></a>__rt_lib_init_lc_collate_1</STRONG> (Thumb, 0 bytes, Stack size unknown bytes, libinit2.o(.ARM.Collect$$libinit$$00000011))

<P><STRONG><a name="[1ab]"></a>__rt_lib_init_lc_ctype_1</STRONG> (Thumb, 0 bytes, Stack size unknown bytes, libinit2.o(.ARM.Collect$$libinit$$00000013))

<P><STRONG><a name="[1ac]"></a>__rt_lib_init_lc_monetary_1</STRONG> (Thumb, 0 bytes, Stack size unknown bytes, libinit2.o(.ARM.Collect$$libinit$$00000015))

<P><STRONG><a name="[76]"></a>__rt_lib_init_lc_numeric_2</STRONG> (Thumb, 0 bytes, Stack size unknown bytes, libinit2.o(.ARM.Collect$$libinit$$00000016))
<BR><BR>[Stack]<UL><LI>Max Depth = 8 + Unknown Stack Size
<LI>Call Chain = __rt_lib_init_lc_numeric_2 &rArr; _get_lc_numeric
</UL>
<BR>[Calls]<UL><LI><a href="#[77]">&gt;&gt;</a>&nbsp;&nbsp;&nbsp;_get_lc_numeric
</UL>

<P><STRONG><a name="[1ad]"></a>__rt_lib_init_alloca_1</STRONG> (Thumb, 0 bytes, Stack size unknown bytes, libinit2.o(.ARM.Collect$$libinit$$0000002E))

<P><STRONG><a name="[1ae]"></a>__rt_lib_init_argv_1</STRONG> (Thumb, 0 bytes, Stack size unknown bytes, libinit2.o(.ARM.Collect$$libinit$$0000002C))

<P><STRONG><a name="[1af]"></a>__rt_lib_init_atexit_1</STRONG> (Thumb, 0 bytes, Stack size unknown bytes, libinit2.o(.ARM.Collect$$libinit$$0000001B))

<P><STRONG><a name="[1b0]"></a>__rt_lib_init_clock_1</STRONG> (Thumb, 0 bytes, Stack size unknown bytes, libinit2.o(.ARM.Collect$$libinit$$00000021))

<P><STRONG><a name="[1b1]"></a>__rt_lib_init_cpp_1</STRONG> (Thumb, 0 bytes, Stack size unknown bytes, libinit2.o(.ARM.Collect$$libinit$$00000032))

<P><STRONG><a name="[1b2]"></a>__rt_lib_init_exceptions_1</STRONG> (Thumb, 0 bytes, Stack size unknown bytes, libinit2.o(.ARM.Collect$$libinit$$00000030))

<P><STRONG><a name="[1b3]"></a>__rt_lib_init_fp_trap_1</STRONG> (Thumb, 0 bytes, Stack size unknown bytes, libinit2.o(.ARM.Collect$$libinit$$0000001F))

<P><STRONG><a name="[1b4]"></a>__rt_lib_init_getenv_1</STRONG> (Thumb, 0 bytes, Stack size unknown bytes, libinit2.o(.ARM.Collect$$libinit$$00000023))

<P><STRONG><a name="[1b5]"></a>__rt_lib_init_lc_numeric_1</STRONG> (Thumb, 0 bytes, Stack size unknown bytes, libinit2.o(.ARM.Collect$$libinit$$00000017))

<P><STRONG><a name="[1b6]"></a>__rt_lib_init_lc_time_1</STRONG> (Thumb, 0 bytes, Stack size unknown bytes, libinit2.o(.ARM.Collect$$libinit$$00000019))

<P><STRONG><a name="[1b7]"></a>__rt_lib_init_return</STRONG> (Thumb, 0 bytes, Stack size unknown bytes, libinit2.o(.ARM.Collect$$libinit$$00000033))

<P><STRONG><a name="[1b8]"></a>__rt_lib_init_signal_1</STRONG> (Thumb, 0 bytes, Stack size unknown bytes, libinit2.o(.ARM.Collect$$libinit$$0000001D))

<P><STRONG><a name="[1b9]"></a>__rt_lib_init_stdio_1</STRONG> (Thumb, 0 bytes, Stack size unknown bytes, libinit2.o(.ARM.Collect$$libinit$$00000025))

<P><STRONG><a name="[80]"></a>__rt_lib_shutdown</STRONG> (Thumb, 0 bytes, Stack size unknown bytes, libshutdown.o(.ARM.Collect$$libshutdown$$00000000))
<BR><BR>[Called By]<UL><LI><a href="#[7f]">&gt;&gt;</a>&nbsp;&nbsp;&nbsp;__rt_exit_ls
</UL>

<P><STRONG><a name="[1ba]"></a>__rt_lib_shutdown_cpp_1</STRONG> (Thumb, 0 bytes, Stack size unknown bytes, libshutdown2.o(.ARM.Collect$$libshutdown$$00000002))

<P><STRONG><a name="[1bb]"></a>__rt_lib_shutdown_fp_trap_1</STRONG> (Thumb, 0 bytes, Stack size unknown bytes, libshutdown2.o(.ARM.Collect$$libshutdown$$00000007))

<P><STRONG><a name="[1bc]"></a>__rt_lib_shutdown_heap_1</STRONG> (Thumb, 0 bytes, Stack size unknown bytes, libshutdown2.o(.ARM.Collect$$libshutdown$$0000000F))

<P><STRONG><a name="[1bd]"></a>__rt_lib_shutdown_return</STRONG> (Thumb, 0 bytes, Stack size unknown bytes, libshutdown2.o(.ARM.Collect$$libshutdown$$00000010))

<P><STRONG><a name="[1be]"></a>__rt_lib_shutdown_signal_1</STRONG> (Thumb, 0 bytes, Stack size unknown bytes, libshutdown2.o(.ARM.Collect$$libshutdown$$0000000A))

<P><STRONG><a name="[1bf]"></a>__rt_lib_shutdown_stdio_1</STRONG> (Thumb, 0 bytes, Stack size unknown bytes, libshutdown2.o(.ARM.Collect$$libshutdown$$00000004))

<P><STRONG><a name="[1c0]"></a>__rt_lib_shutdown_user_alloc_1</STRONG> (Thumb, 0 bytes, Stack size unknown bytes, libshutdown2.o(.ARM.Collect$$libshutdown$$0000000C))

<P><STRONG><a name="[69]"></a>__rt_entry</STRONG> (Thumb, 0 bytes, Stack size unknown bytes, __rtentry.o(.ARM.Collect$$rtentry$$00000000))
<BR><BR>[Called By]<UL><LI><a href="#[6a]">&gt;&gt;</a>&nbsp;&nbsp;&nbsp;__scatterload_rt2
<LI><a href="#[67]">&gt;&gt;</a>&nbsp;&nbsp;&nbsp;__main
</UL>

<P><STRONG><a name="[1c1]"></a>__rt_entry_presh_1</STRONG> (Thumb, 0 bytes, Stack size unknown bytes, __rtentry2.o(.ARM.Collect$$rtentry$$00000002))

<P><STRONG><a name="[78]"></a>__rt_entry_sh</STRONG> (Thumb, 0 bytes, Stack size unknown bytes, __rtentry4.o(.ARM.Collect$$rtentry$$00000004))
<BR><BR>[Stack]<UL><LI>Max Depth = 8 + Unknown Stack Size
<LI>Call Chain = __rt_entry_sh &rArr; __user_setup_stackheap
</UL>
<BR>[Calls]<UL><LI><a href="#[79]">&gt;&gt;</a>&nbsp;&nbsp;&nbsp;__user_setup_stackheap
</UL>

<P><STRONG><a name="[7a]"></a>__rt_entry_li</STRONG> (Thumb, 0 bytes, Stack size unknown bytes, __rtentry2.o(.ARM.Collect$$rtentry$$0000000A))
<BR><BR>[Calls]<UL><LI><a href="#[7b]">&gt;&gt;</a>&nbsp;&nbsp;&nbsp;__rt_lib_init
</UL>

<P><STRONG><a name="[1c2]"></a>__rt_entry_postsh_1</STRONG> (Thumb, 0 bytes, Stack size unknown bytes, __rtentry2.o(.ARM.Collect$$rtentry$$00000009))

<P><STRONG><a name="[7c]"></a>__rt_entry_main</STRONG> (Thumb, 0 bytes, Stack size unknown bytes, __rtentry2.o(.ARM.Collect$$rtentry$$0000000D))
<BR><BR>[Stack]<UL><LI>Max Depth = 296 + Unknown Stack Size
<LI>Call Chain = __rt_entry_main &rArr; main &rArr; sys_stm32_clock_init &rArr; HAL_RCC_ClockConfig &rArr; HAL_RCC_GetSysClockFreq &rArr; __aeabi_uldivmod
</UL>
<BR>[Calls]<UL><LI><a href="#[7d]">&gt;&gt;</a>&nbsp;&nbsp;&nbsp;main
<LI><a href="#[7e]">&gt;&gt;</a>&nbsp;&nbsp;&nbsp;exit
</UL>

<P><STRONG><a name="[1c3]"></a>__rt_entry_postli_1</STRONG> (Thumb, 0 bytes, Stack size unknown bytes, __rtentry2.o(.ARM.Collect$$rtentry$$0000000C))

<P><STRONG><a name="[9c]"></a>__rt_exit</STRONG> (Thumb, 0 bytes, Stack size unknown bytes, rtexit.o(.ARM.Collect$$rtexit$$00000000))
<BR><BR>[Called By]<UL><LI><a href="#[7e]">&gt;&gt;</a>&nbsp;&nbsp;&nbsp;exit
</UL>

<P><STRONG><a name="[7f]"></a>__rt_exit_ls</STRONG> (Thumb, 0 bytes, Stack size unknown bytes, rtexit2.o(.ARM.Collect$$rtexit$$00000003))
<BR><BR>[Calls]<UL><LI><a href="#[80]">&gt;&gt;</a>&nbsp;&nbsp;&nbsp;__rt_lib_shutdown
</UL>

<P><STRONG><a name="[1c4]"></a>__rt_exit_prels_1</STRONG> (Thumb, 0 bytes, Stack size unknown bytes, rtexit2.o(.ARM.Collect$$rtexit$$00000002))

<P><STRONG><a name="[81]"></a>__rt_exit_exit</STRONG> (Thumb, 0 bytes, Stack size unknown bytes, rtexit2.o(.ARM.Collect$$rtexit$$00000004))
<BR><BR>[Calls]<UL><LI><a href="#[82]">&gt;&gt;</a>&nbsp;&nbsp;&nbsp;_sys_exit
</UL>

<P><STRONG><a name="[4]"></a>Reset_Handler</STRONG> (Thumb, 18 bytes, Stack size 0 bytes, startup_stm32f407xx.o(.text))
<BR>[Address Reference Count : 1]<UL><LI> startup_stm32f407xx.o(RESET)
</UL>
<P><STRONG><a name="[23]"></a>CAN1_RX1_IRQHandler</STRONG> (Thumb, 0 bytes, Stack size 0 bytes, startup_stm32f407xx.o(.text))
<BR><BR>[Calls]<UL><LI><a href="#[23]">&gt;&gt;</a>&nbsp;&nbsp;&nbsp;CAN1_RX1_IRQHandler
</UL>
<BR>[Called By]<UL><LI><a href="#[23]">&gt;&gt;</a>&nbsp;&nbsp;&nbsp;CAN1_RX1_IRQHandler
</UL>
<BR>[Address Reference Count : 1]<UL><LI> startup_stm32f407xx.o(RESET)
</UL>
<P><STRONG><a name="[21]"></a>CAN1_TX_IRQHandler</STRONG> (Thumb, 0 bytes, Stack size 0 bytes, startup_stm32f407xx.o(.text))
<BR>[Address Reference Count : 1]<UL><LI> startup_stm32f407xx.o(RESET)
</UL>
<P><STRONG><a name="[4e]"></a>CAN2_RX0_IRQHandler</STRONG> (Thumb, 0 bytes, Stack size 0 bytes, startup_stm32f407xx.o(.text))
<BR>[Address Reference Count : 1]<UL><LI> startup_stm32f407xx.o(RESET)
</UL>
<P><STRONG><a name="[4f]"></a>CAN2_RX1_IRQHandler</STRONG> (Thumb, 0 bytes, Stack size 0 bytes, startup_stm32f407xx.o(.text))
<BR>[Address Reference Count : 1]<UL><LI> startup_stm32f407xx.o(RESET)
</UL>
<P><STRONG><a name="[50]"></a>CAN2_SCE_IRQHandler</STRONG> (Thumb, 0 bytes, Stack size 0 bytes, startup_stm32f407xx.o(.text))
<BR>[Address Reference Count : 1]<UL><LI> startup_stm32f407xx.o(RESET)
</UL>
<P><STRONG><a name="[4d]"></a>CAN2_TX_IRQHandler</STRONG> (Thumb, 0 bytes, Stack size 0 bytes, startup_stm32f407xx.o(.text))
<BR>[Address Reference Count : 1]<UL><LI> startup_stm32f407xx.o(RESET)
</UL>
<P><STRONG><a name="[5c]"></a>DCMI_IRQHandler</STRONG> (Thumb, 0 bytes, Stack size 0 bytes, startup_stm32f407xx.o(.text))
<BR>[Address Reference Count : 1]<UL><LI> startup_stm32f407xx.o(RESET)
</UL>
<P><STRONG><a name="[19]"></a>DMA1_Stream0_IRQHandler</STRONG> (Thumb, 0 bytes, Stack size 0 bytes, startup_stm32f407xx.o(.text))
<BR>[Address Reference Count : 1]<UL><LI> startup_stm32f407xx.o(RESET)
</UL>
<P><STRONG><a name="[1a]"></a>DMA1_Stream1_IRQHandler</STRONG> (Thumb, 0 bytes, Stack size 0 bytes, startup_stm32f407xx.o(.text))
<BR>[Address Reference Count : 1]<UL><LI> startup_stm32f407xx.o(RESET)
</UL>
<P><STRONG><a name="[1b]"></a>DMA1_Stream2_IRQHandler</STRONG> (Thumb, 0 bytes, Stack size 0 bytes, startup_stm32f407xx.o(.text))
<BR>[Address Reference Count : 1]<UL><LI> startup_stm32f407xx.o(RESET)
</UL>
<P><STRONG><a name="[1c]"></a>DMA1_Stream3_IRQHandler</STRONG> (Thumb, 0 bytes, Stack size 0 bytes, startup_stm32f407xx.o(.text))
<BR>[Address Reference Count : 1]<UL><LI> startup_stm32f407xx.o(RESET)
</UL>
<P><STRONG><a name="[1d]"></a>DMA1_Stream4_IRQHandler</STRONG> (Thumb, 0 bytes, Stack size 0 bytes, startup_stm32f407xx.o(.text))
<BR>[Address Reference Count : 1]<UL><LI> startup_stm32f407xx.o(RESET)
</UL>
<P><STRONG><a name="[1e]"></a>DMA1_Stream5_IRQHandler</STRONG> (Thumb, 0 bytes, Stack size 0 bytes, startup_stm32f407xx.o(.text))
<BR>[Address Reference Count : 1]<UL><LI> startup_stm32f407xx.o(RESET)
</UL>
<P><STRONG><a name="[1f]"></a>DMA1_Stream6_IRQHandler</STRONG> (Thumb, 0 bytes, Stack size 0 bytes, startup_stm32f407xx.o(.text))
<BR>[Address Reference Count : 1]<UL><LI> startup_stm32f407xx.o(RESET)
</UL>
<P><STRONG><a name="[3d]"></a>DMA1_Stream7_IRQHandler</STRONG> (Thumb, 0 bytes, Stack size 0 bytes, startup_stm32f407xx.o(.text))
<BR>[Address Reference Count : 1]<UL><LI> startup_stm32f407xx.o(RESET)
</UL>
<P><STRONG><a name="[47]"></a>DMA2_Stream1_IRQHandler</STRONG> (Thumb, 0 bytes, Stack size 0 bytes, startup_stm32f407xx.o(.text))
<BR>[Address Reference Count : 1]<UL><LI> startup_stm32f407xx.o(RESET)
</UL>
<P><STRONG><a name="[48]"></a>DMA2_Stream2_IRQHandler</STRONG> (Thumb, 0 bytes, Stack size 0 bytes, startup_stm32f407xx.o(.text))
<BR>[Address Reference Count : 1]<UL><LI> startup_stm32f407xx.o(RESET)
</UL>
<P><STRONG><a name="[49]"></a>DMA2_Stream3_IRQHandler</STRONG> (Thumb, 0 bytes, Stack size 0 bytes, startup_stm32f407xx.o(.text))
<BR>[Address Reference Count : 1]<UL><LI> startup_stm32f407xx.o(RESET)
</UL>
<P><STRONG><a name="[4a]"></a>DMA2_Stream4_IRQHandler</STRONG> (Thumb, 0 bytes, Stack size 0 bytes, startup_stm32f407xx.o(.text))
<BR>[Address Reference Count : 1]<UL><LI> startup_stm32f407xx.o(RESET)
</UL>
<P><STRONG><a name="[52]"></a>DMA2_Stream5_IRQHandler</STRONG> (Thumb, 0 bytes, Stack size 0 bytes, startup_stm32f407xx.o(.text))
<BR>[Address Reference Count : 1]<UL><LI> startup_stm32f407xx.o(RESET)
</UL>
<P><STRONG><a name="[53]"></a>DMA2_Stream6_IRQHandler</STRONG> (Thumb, 0 bytes, Stack size 0 bytes, startup_stm32f407xx.o(.text))
<BR>[Address Reference Count : 1]<UL><LI> startup_stm32f407xx.o(RESET)
</UL>
<P><STRONG><a name="[54]"></a>DMA2_Stream7_IRQHandler</STRONG> (Thumb, 0 bytes, Stack size 0 bytes, startup_stm32f407xx.o(.text))
<BR>[Address Reference Count : 1]<UL><LI> startup_stm32f407xx.o(RESET)
</UL>
<P><STRONG><a name="[4b]"></a>ETH_IRQHandler</STRONG> (Thumb, 0 bytes, Stack size 0 bytes, startup_stm32f407xx.o(.text))
<BR>[Address Reference Count : 1]<UL><LI> startup_stm32f407xx.o(RESET)
</UL>
<P><STRONG><a name="[4c]"></a>ETH_WKUP_IRQHandler</STRONG> (Thumb, 0 bytes, Stack size 0 bytes, startup_stm32f407xx.o(.text))
<BR>[Address Reference Count : 1]<UL><LI> startup_stm32f407xx.o(RESET)
</UL>
<P><STRONG><a name="[14]"></a>EXTI0_IRQHandler</STRONG> (Thumb, 0 bytes, Stack size 0 bytes, startup_stm32f407xx.o(.text))
<BR>[Address Reference Count : 1]<UL><LI> startup_stm32f407xx.o(RESET)
</UL>
<P><STRONG><a name="[36]"></a>EXTI15_10_IRQHandler</STRONG> (Thumb, 0 bytes, Stack size 0 bytes, startup_stm32f407xx.o(.text))
<BR>[Address Reference Count : 1]<UL><LI> startup_stm32f407xx.o(RESET)
</UL>
<P><STRONG><a name="[15]"></a>EXTI1_IRQHandler</STRONG> (Thumb, 0 bytes, Stack size 0 bytes, startup_stm32f407xx.o(.text))
<BR>[Address Reference Count : 1]<UL><LI> startup_stm32f407xx.o(RESET)
</UL>
<P><STRONG><a name="[16]"></a>EXTI2_IRQHandler</STRONG> (Thumb, 0 bytes, Stack size 0 bytes, startup_stm32f407xx.o(.text))
<BR>[Address Reference Count : 1]<UL><LI> startup_stm32f407xx.o(RESET)
</UL>
<P><STRONG><a name="[17]"></a>EXTI3_IRQHandler</STRONG> (Thumb, 0 bytes, Stack size 0 bytes, startup_stm32f407xx.o(.text))
<BR>[Address Reference Count : 1]<UL><LI> startup_stm32f407xx.o(RESET)
</UL>
<P><STRONG><a name="[18]"></a>EXTI4_IRQHandler</STRONG> (Thumb, 0 bytes, Stack size 0 bytes, startup_stm32f407xx.o(.text))
<BR>[Address Reference Count : 1]<UL><LI> startup_stm32f407xx.o(RESET)
</UL>
<P><STRONG><a name="[12]"></a>FLASH_IRQHandler</STRONG> (Thumb, 0 bytes, Stack size 0 bytes, startup_stm32f407xx.o(.text))
<BR>[Address Reference Count : 1]<UL><LI> startup_stm32f407xx.o(RESET)
</UL>
<P><STRONG><a name="[3e]"></a>FMC_IRQHandler</STRONG> (Thumb, 0 bytes, Stack size 0 bytes, startup_stm32f407xx.o(.text))
<BR>[Address Reference Count : 1]<UL><LI> startup_stm32f407xx.o(RESET)
</UL>
<P><STRONG><a name="[5e]"></a>FPU_IRQHandler</STRONG> (Thumb, 0 bytes, Stack size 0 bytes, startup_stm32f407xx.o(.text))
<BR>[Address Reference Count : 1]<UL><LI> startup_stm32f407xx.o(RESET)
</UL>
<P><STRONG><a name="[5d]"></a>HASH_RNG_IRQHandler</STRONG> (Thumb, 0 bytes, Stack size 0 bytes, startup_stm32f407xx.o(.text))
<BR>[Address Reference Count : 1]<UL><LI> startup_stm32f407xx.o(RESET)
</UL>
<P><STRONG><a name="[2e]"></a>I2C1_ER_IRQHandler</STRONG> (Thumb, 0 bytes, Stack size 0 bytes, startup_stm32f407xx.o(.text))
<BR>[Address Reference Count : 1]<UL><LI> startup_stm32f407xx.o(RESET)
</UL>
<P><STRONG><a name="[2d]"></a>I2C1_EV_IRQHandler</STRONG> (Thumb, 0 bytes, Stack size 0 bytes, startup_stm32f407xx.o(.text))
<BR>[Address Reference Count : 1]<UL><LI> startup_stm32f407xx.o(RESET)
</UL>
<P><STRONG><a name="[30]"></a>I2C2_ER_IRQHandler</STRONG> (Thumb, 0 bytes, Stack size 0 bytes, startup_stm32f407xx.o(.text))
<BR>[Address Reference Count : 1]<UL><LI> startup_stm32f407xx.o(RESET)
</UL>
<P><STRONG><a name="[2f]"></a>I2C2_EV_IRQHandler</STRONG> (Thumb, 0 bytes, Stack size 0 bytes, startup_stm32f407xx.o(.text))
<BR>[Address Reference Count : 1]<UL><LI> startup_stm32f407xx.o(RESET)
</UL>
<P><STRONG><a name="[57]"></a>I2C3_ER_IRQHandler</STRONG> (Thumb, 0 bytes, Stack size 0 bytes, startup_stm32f407xx.o(.text))
<BR>[Address Reference Count : 1]<UL><LI> startup_stm32f407xx.o(RESET)
</UL>
<P><STRONG><a name="[56]"></a>I2C3_EV_IRQHandler</STRONG> (Thumb, 0 bytes, Stack size 0 bytes, startup_stm32f407xx.o(.text))
<BR>[Address Reference Count : 1]<UL><LI> startup_stm32f407xx.o(RESET)
</UL>
<P><STRONG><a name="[51]"></a>OTG_FS_IRQHandler</STRONG> (Thumb, 0 bytes, Stack size 0 bytes, startup_stm32f407xx.o(.text))
<BR>[Address Reference Count : 1]<UL><LI> startup_stm32f407xx.o(RESET)
</UL>
<P><STRONG><a name="[38]"></a>OTG_FS_WKUP_IRQHandler</STRONG> (Thumb, 0 bytes, Stack size 0 bytes, startup_stm32f407xx.o(.text))
<BR>[Address Reference Count : 1]<UL><LI> startup_stm32f407xx.o(RESET)
</UL>
<P><STRONG><a name="[59]"></a>OTG_HS_EP1_IN_IRQHandler</STRONG> (Thumb, 0 bytes, Stack size 0 bytes, startup_stm32f407xx.o(.text))
<BR>[Address Reference Count : 1]<UL><LI> startup_stm32f407xx.o(RESET)
</UL>
<P><STRONG><a name="[58]"></a>OTG_HS_EP1_OUT_IRQHandler</STRONG> (Thumb, 0 bytes, Stack size 0 bytes, startup_stm32f407xx.o(.text))
<BR>[Address Reference Count : 1]<UL><LI> startup_stm32f407xx.o(RESET)
</UL>
<P><STRONG><a name="[5b]"></a>OTG_HS_IRQHandler</STRONG> (Thumb, 0 bytes, Stack size 0 bytes, startup_stm32f407xx.o(.text))
<BR>[Address Reference Count : 1]<UL><LI> startup_stm32f407xx.o(RESET)
</UL>
<P><STRONG><a name="[5a]"></a>OTG_HS_WKUP_IRQHandler</STRONG> (Thumb, 0 bytes, Stack size 0 bytes, startup_stm32f407xx.o(.text))
<BR>[Address Reference Count : 1]<UL><LI> startup_stm32f407xx.o(RESET)
</UL>
<P><STRONG><a name="[f]"></a>PVD_IRQHandler</STRONG> (Thumb, 0 bytes, Stack size 0 bytes, startup_stm32f407xx.o(.text))
<BR>[Address Reference Count : 1]<UL><LI> startup_stm32f407xx.o(RESET)
</UL>
<P><STRONG><a name="[13]"></a>RCC_IRQHandler</STRONG> (Thumb, 0 bytes, Stack size 0 bytes, startup_stm32f407xx.o(.text))
<BR>[Address Reference Count : 1]<UL><LI> startup_stm32f407xx.o(RESET)
</UL>
<P><STRONG><a name="[37]"></a>RTC_Alarm_IRQHandler</STRONG> (Thumb, 0 bytes, Stack size 0 bytes, startup_stm32f407xx.o(.text))
<BR>[Address Reference Count : 1]<UL><LI> startup_stm32f407xx.o(RESET)
</UL>
<P><STRONG><a name="[11]"></a>RTC_WKUP_IRQHandler</STRONG> (Thumb, 0 bytes, Stack size 0 bytes, startup_stm32f407xx.o(.text))
<BR>[Address Reference Count : 1]<UL><LI> startup_stm32f407xx.o(RESET)
</UL>
<P><STRONG><a name="[3f]"></a>SDIO_IRQHandler</STRONG> (Thumb, 0 bytes, Stack size 0 bytes, startup_stm32f407xx.o(.text))
<BR>[Address Reference Count : 1]<UL><LI> startup_stm32f407xx.o(RESET)
</UL>
<P><STRONG><a name="[31]"></a>SPI1_IRQHandler</STRONG> (Thumb, 0 bytes, Stack size 0 bytes, startup_stm32f407xx.o(.text))
<BR>[Address Reference Count : 1]<UL><LI> startup_stm32f407xx.o(RESET)
</UL>
<P><STRONG><a name="[32]"></a>SPI2_IRQHandler</STRONG> (Thumb, 0 bytes, Stack size 0 bytes, startup_stm32f407xx.o(.text))
<BR>[Address Reference Count : 1]<UL><LI> startup_stm32f407xx.o(RESET)
</UL>
<P><STRONG><a name="[41]"></a>SPI3_IRQHandler</STRONG> (Thumb, 0 bytes, Stack size 0 bytes, startup_stm32f407xx.o(.text))
<BR>[Address Reference Count : 1]<UL><LI> startup_stm32f407xx.o(RESET)
</UL>
<P><STRONG><a name="[10]"></a>TAMP_STAMP_IRQHandler</STRONG> (Thumb, 0 bytes, Stack size 0 bytes, startup_stm32f407xx.o(.text))
<BR>[Address Reference Count : 1]<UL><LI> startup_stm32f407xx.o(RESET)
</UL>
<P><STRONG><a name="[26]"></a>TIM1_BRK_TIM9_IRQHandler</STRONG> (Thumb, 0 bytes, Stack size 0 bytes, startup_stm32f407xx.o(.text))
<BR>[Address Reference Count : 1]<UL><LI> startup_stm32f407xx.o(RESET)
</UL>
<P><STRONG><a name="[29]"></a>TIM1_CC_IRQHandler</STRONG> (Thumb, 0 bytes, Stack size 0 bytes, startup_stm32f407xx.o(.text))
<BR>[Address Reference Count : 1]<UL><LI> startup_stm32f407xx.o(RESET)
</UL>
<P><STRONG><a name="[28]"></a>TIM1_TRG_COM_TIM11_IRQHandler</STRONG> (Thumb, 0 bytes, Stack size 0 bytes, startup_stm32f407xx.o(.text))
<BR>[Address Reference Count : 1]<UL><LI> startup_stm32f407xx.o(RESET)
</UL>
<P><STRONG><a name="[27]"></a>TIM1_UP_TIM10_IRQHandler</STRONG> (Thumb, 0 bytes, Stack size 0 bytes, startup_stm32f407xx.o(.text))
<BR>[Address Reference Count : 1]<UL><LI> startup_stm32f407xx.o(RESET)
</UL>
<P><STRONG><a name="[2a]"></a>TIM2_IRQHandler</STRONG> (Thumb, 0 bytes, Stack size 0 bytes, startup_stm32f407xx.o(.text))
<BR>[Address Reference Count : 1]<UL><LI> startup_stm32f407xx.o(RESET)
</UL>
<P><STRONG><a name="[2c]"></a>TIM4_IRQHandler</STRONG> (Thumb, 0 bytes, Stack size 0 bytes, startup_stm32f407xx.o(.text))
<BR>[Address Reference Count : 1]<UL><LI> startup_stm32f407xx.o(RESET)
</UL>
<P><STRONG><a name="[40]"></a>TIM5_IRQHandler</STRONG> (Thumb, 0 bytes, Stack size 0 bytes, startup_stm32f407xx.o(.text))
<BR>[Address Reference Count : 1]<UL><LI> startup_stm32f407xx.o(RESET)
</UL>
<P><STRONG><a name="[45]"></a>TIM7_IRQHandler</STRONG> (Thumb, 0 bytes, Stack size 0 bytes, startup_stm32f407xx.o(.text))
<BR>[Address Reference Count : 1]<UL><LI> startup_stm32f407xx.o(RESET)
</UL>
<P><STRONG><a name="[39]"></a>TIM8_BRK_TIM12_IRQHandler</STRONG> (Thumb, 0 bytes, Stack size 0 bytes, startup_stm32f407xx.o(.text))
<BR>[Address Reference Count : 1]<UL><LI> startup_stm32f407xx.o(RESET)
</UL>
<P><STRONG><a name="[3c]"></a>TIM8_CC_IRQHandler</STRONG> (Thumb, 0 bytes, Stack size 0 bytes, startup_stm32f407xx.o(.text))
<BR>[Address Reference Count : 1]<UL><LI> startup_stm32f407xx.o(RESET)
</UL>
<P><STRONG><a name="[3b]"></a>TIM8_TRG_COM_TIM14_IRQHandler</STRONG> (Thumb, 0 bytes, Stack size 0 bytes, startup_stm32f407xx.o(.text))
<BR>[Address Reference Count : 1]<UL><LI> startup_stm32f407xx.o(RESET)
</UL>
<P><STRONG><a name="[3a]"></a>TIM8_UP_TIM13_IRQHandler</STRONG> (Thumb, 0 bytes, Stack size 0 bytes, startup_stm32f407xx.o(.text))
<BR>[Address Reference Count : 1]<UL><LI> startup_stm32f407xx.o(RESET)
</UL>
<P><STRONG><a name="[42]"></a>UART4_IRQHandler</STRONG> (Thumb, 0 bytes, Stack size 0 bytes, startup_stm32f407xx.o(.text))
<BR>[Address Reference Count : 1]<UL><LI> startup_stm32f407xx.o(RESET)
</UL>
<P><STRONG><a name="[43]"></a>UART5_IRQHandler</STRONG> (Thumb, 0 bytes, Stack size 0 bytes, startup_stm32f407xx.o(.text))
<BR>[Address Reference Count : 1]<UL><LI> startup_stm32f407xx.o(RESET)
</UL>
<P><STRONG><a name="[34]"></a>USART2_IRQHandler</STRONG> (Thumb, 0 bytes, Stack size 0 bytes, startup_stm32f407xx.o(.text))
<BR>[Address Reference Count : 1]<UL><LI> startup_stm32f407xx.o(RESET)
</UL>
<P><STRONG><a name="[35]"></a>USART3_IRQHandler</STRONG> (Thumb, 0 bytes, Stack size 0 bytes, startup_stm32f407xx.o(.text))
<BR>[Address Reference Count : 1]<UL><LI> startup_stm32f407xx.o(RESET)
</UL>
<P><STRONG><a name="[55]"></a>USART6_IRQHandler</STRONG> (Thumb, 0 bytes, Stack size 0 bytes, startup_stm32f407xx.o(.text))
<BR>[Address Reference Count : 1]<UL><LI> startup_stm32f407xx.o(RESET)
</UL>
<P><STRONG><a name="[e]"></a>WWDG_IRQHandler</STRONG> (Thumb, 0 bytes, Stack size 0 bytes, startup_stm32f407xx.o(.text))
<BR>[Address Reference Count : 1]<UL><LI> startup_stm32f407xx.o(RESET)
</UL>
<P><STRONG><a name="[9b]"></a>__user_initial_stackheap</STRONG> (Thumb, 0 bytes, Stack size unknown bytes, startup_stm32f407xx.o(.text))
<BR><BR>[Called By]<UL><LI><a href="#[79]">&gt;&gt;</a>&nbsp;&nbsp;&nbsp;__user_setup_stackheap
</UL>

<P><STRONG><a name="[1c5]"></a>__use_no_semihosting</STRONG> (Thumb, 2 bytes, Stack size 0 bytes, use_no_semi_2.o(.text), UNUSED)

<P><STRONG><a name="[f8]"></a>__aeabi_uldivmod</STRONG> (Thumb, 0 bytes, Stack size 48 bytes, lludivv7m.o(.text))
<BR><BR>[Stack]<UL><LI>Max Depth = 48<LI>Call Chain = __aeabi_uldivmod
</UL>
<BR>[Called By]<UL><LI><a href="#[120]">&gt;&gt;</a>&nbsp;&nbsp;&nbsp;UART_SetConfig
<LI><a href="#[f4]">&gt;&gt;</a>&nbsp;&nbsp;&nbsp;HAL_RCC_GetSysClockFreq
</UL>

<P><STRONG><a name="[1c6]"></a>_ll_udiv</STRONG> (Thumb, 238 bytes, Stack size 48 bytes, lludivv7m.o(.text), UNUSED)

<P><STRONG><a name="[83]"></a>__2printf</STRONG> (Thumb, 20 bytes, Stack size 24 bytes, noretval__2printf.o(.text))
<BR><BR>[Stack]<UL><LI>Max Depth = 136 + Unknown Stack Size
<LI>Call Chain = __2printf &rArr; _printf_char_file &rArr; _printf_char_common &rArr; __printf
</UL>
<BR>[Calls]<UL><LI><a href="#[84]">&gt;&gt;</a>&nbsp;&nbsp;&nbsp;_printf_char_file
</UL>
<BR>[Called By]<UL><LI><a href="#[7d]">&gt;&gt;</a>&nbsp;&nbsp;&nbsp;main
<LI><a href="#[15d]">&gt;&gt;</a>&nbsp;&nbsp;&nbsp;Motor_Identify_ReportOnce
</UL>

<P><STRONG><a name="[96]"></a>_printf_str</STRONG> (Thumb, 82 bytes, Stack size 16 bytes, _printf_str.o(.text))
<BR><BR>[Stack]<UL><LI>Max Depth = 16<LI>Call Chain = _printf_str
</UL>
<BR>[Called By]<UL><LI><a href="#[95]">&gt;&gt;</a>&nbsp;&nbsp;&nbsp;_printf_cs_common
</UL>

<P><STRONG><a name="[6f]"></a>_printf_int_dec</STRONG> (Thumb, 104 bytes, Stack size 24 bytes, _printf_dec.o(.text))
<BR><BR>[Stack]<UL><LI>Max Depth = 56<LI>Call Chain = _printf_int_dec &rArr; _printf_int_common
</UL>
<BR>[Calls]<UL><LI><a href="#[85]">&gt;&gt;</a>&nbsp;&nbsp;&nbsp;_printf_int_common
</UL>
<BR>[Called By]<UL><LI><a href="#[6e]">&gt;&gt;</a>&nbsp;&nbsp;&nbsp;_printf_u
</UL>

<P><STRONG><a name="[86]"></a>__printf</STRONG> (Thumb, 352 bytes, Stack size 32 bytes, __printf_ss_wp.o(.text))
<BR><BR>[Stack]<UL><LI>Max Depth = 32 + Unknown Stack Size
<LI>Call Chain = __printf
</UL>
<BR>[Calls]<UL><LI><a href="#[88]">&gt;&gt;</a>&nbsp;&nbsp;&nbsp;_printf_percent
<LI><a href="#[87]">&gt;&gt;</a>&nbsp;&nbsp;&nbsp;_is_digit
</UL>
<BR>[Called By]<UL><LI><a href="#[98]">&gt;&gt;</a>&nbsp;&nbsp;&nbsp;_printf_char_common
</UL>

<P><STRONG><a name="[b2]"></a>__aeabi_memclr4</STRONG> (Thumb, 0 bytes, Stack size 4 bytes, rt_memclr_w.o(.text))
<BR><BR>[Stack]<UL><LI>Max Depth = 4<LI>Call Chain = __aeabi_memclr4
</UL>
<BR>[Called By]<UL><LI><a href="#[16f]">&gt;&gt;</a>&nbsp;&nbsp;&nbsp;PMSM_TIM_Init
<LI><a href="#[141]">&gt;&gt;</a>&nbsp;&nbsp;&nbsp;Motor_CAN_Init
<LI><a href="#[b1]">&gt;&gt;</a>&nbsp;&nbsp;&nbsp;Encoder_Init
<LI><a href="#[13d]">&gt;&gt;</a>&nbsp;&nbsp;&nbsp;Motor_ADC_RCC_GPIO_DMA_Init
<LI><a href="#[139]">&gt;&gt;</a>&nbsp;&nbsp;&nbsp;Motor_ADC3_Init
<LI><a href="#[138]">&gt;&gt;</a>&nbsp;&nbsp;&nbsp;Motor_ADC2_Init
<LI><a href="#[134]">&gt;&gt;</a>&nbsp;&nbsp;&nbsp;Motor_ADC1_Init
<LI><a href="#[145]">&gt;&gt;</a>&nbsp;&nbsp;&nbsp;SendFrame
</UL>

<P><STRONG><a name="[1c7]"></a>__aeabi_memclr8</STRONG> (Thumb, 0 bytes, Stack size 4 bytes, rt_memclr_w.o(.text), UNUSED)

<P><STRONG><a name="[1c8]"></a>__rt_memclr_w</STRONG> (Thumb, 78 bytes, Stack size 4 bytes, rt_memclr_w.o(.text), UNUSED)

<P><STRONG><a name="[1c9]"></a>_memset_w</STRONG> (Thumb, 0 bytes, Stack size unknown bytes, rt_memclr_w.o(.text), UNUSED)

<P><STRONG><a name="[19b]"></a>strcmp</STRONG> (Thumb, 128 bytes, Stack size 0 bytes, strcmpv7m.o(.text))
<BR><BR>[Called By]<UL><LI><a href="#[77]">&gt;&gt;</a>&nbsp;&nbsp;&nbsp;_get_lc_numeric
</UL>

<P><STRONG><a name="[1ca]"></a>__use_two_region_memory</STRONG> (Thumb, 2 bytes, Stack size 0 bytes, heapauxi.o(.text), UNUSED)

<P><STRONG><a name="[1cb]"></a>__rt_heap_escrow$2region</STRONG> (Thumb, 2 bytes, Stack size 0 bytes, heapauxi.o(.text), UNUSED)

<P><STRONG><a name="[1cc]"></a>__rt_heap_expand$2region</STRONG> (Thumb, 2 bytes, Stack size 0 bytes, heapauxi.o(.text), UNUSED)

<P><STRONG><a name="[1cd]"></a>__semihosting$guard</STRONG> (Thumb, 0 bytes, Stack size 0 bytes, use_no_semi.o(.text), UNUSED)

<P><STRONG><a name="[1ce]"></a>__use_no_semihosting_swi</STRONG> (Thumb, 2 bytes, Stack size 0 bytes, use_no_semi.o(.text), UNUSED)

<P><STRONG><a name="[89]"></a>__read_errno</STRONG> (Thumb, 10 bytes, Stack size 8 bytes, _rserrno.o(.text), UNUSED)
<BR><BR>[Calls]<UL><LI><a href="#[8a]">&gt;&gt;</a>&nbsp;&nbsp;&nbsp;__aeabi_errno_addr
</UL>

<P><STRONG><a name="[8b]"></a>__set_errno</STRONG> (Thumb, 12 bytes, Stack size 8 bytes, _rserrno.o(.text))
<BR><BR>[Stack]<UL><LI>Max Depth = 8<LI>Call Chain = __set_errno
</UL>
<BR>[Calls]<UL><LI><a href="#[8a]">&gt;&gt;</a>&nbsp;&nbsp;&nbsp;__aeabi_errno_addr
</UL>
<BR>[Called By]<UL><LI><a href="#[c1]">&gt;&gt;</a>&nbsp;&nbsp;&nbsp;__hardfp_sqrtf
<LI><a href="#[17a]">&gt;&gt;</a>&nbsp;&nbsp;&nbsp;__hardfp_sinf
<LI><a href="#[15a]">&gt;&gt;</a>&nbsp;&nbsp;&nbsp;__hardfp_logf
<LI><a href="#[b0]">&gt;&gt;</a>&nbsp;&nbsp;&nbsp;__hardfp_fmodf
<LI><a href="#[179]">&gt;&gt;</a>&nbsp;&nbsp;&nbsp;__hardfp_cosf
</UL>

<P><STRONG><a name="[85]"></a>_printf_int_common</STRONG> (Thumb, 178 bytes, Stack size 32 bytes, _printf_intcommon.o(.text))
<BR><BR>[Stack]<UL><LI>Max Depth = 32<LI>Call Chain = _printf_int_common
</UL>
<BR>[Called By]<UL><LI><a href="#[6f]">&gt;&gt;</a>&nbsp;&nbsp;&nbsp;_printf_int_dec
</UL>

<P><STRONG><a name="[1cf]"></a>__lib_sel_fp_printf</STRONG> (Thumb, 2 bytes, Stack size 0 bytes, _printf_fp_dec.o(.text), UNUSED)

<P><STRONG><a name="[92]"></a>_printf_fp_dec_real</STRONG> (Thumb, 620 bytes, Stack size 104 bytes, _printf_fp_dec.o(.text))
<BR><BR>[Stack]<UL><LI>Max Depth = 324<LI>Call Chain = _printf_fp_dec_real &rArr; _fp_digits &rArr; _btod_etento &rArr; _btod_emul &rArr; _e2e
</UL>
<BR>[Calls]<UL><LI><a href="#[93]">&gt;&gt;</a>&nbsp;&nbsp;&nbsp;__ARM_fpclassify
<LI><a href="#[94]">&gt;&gt;</a>&nbsp;&nbsp;&nbsp;_printf_fp_infnan
<LI><a href="#[75]">&gt;&gt;</a>&nbsp;&nbsp;&nbsp;__rt_locale
<LI><a href="#[8c]">&gt;&gt;</a>&nbsp;&nbsp;&nbsp;_fp_digits
</UL>
<BR>[Called By]<UL><LI><a href="#[6d]">&gt;&gt;</a>&nbsp;&nbsp;&nbsp;_printf_fp_dec
</UL>

<P><STRONG><a name="[95]"></a>_printf_cs_common</STRONG> (Thumb, 20 bytes, Stack size 8 bytes, _printf_char.o(.text))
<BR><BR>[Stack]<UL><LI>Max Depth = 24<LI>Call Chain = _printf_cs_common &rArr; _printf_str
</UL>
<BR>[Calls]<UL><LI><a href="#[96]">&gt;&gt;</a>&nbsp;&nbsp;&nbsp;_printf_str
</UL>
<BR>[Called By]<UL><LI><a href="#[71]">&gt;&gt;</a>&nbsp;&nbsp;&nbsp;_printf_string
<LI><a href="#[97]">&gt;&gt;</a>&nbsp;&nbsp;&nbsp;_printf_char
</UL>

<P><STRONG><a name="[97]"></a>_printf_char</STRONG> (Thumb, 16 bytes, Stack size 0 bytes, _printf_char.o(.text), UNUSED)
<BR><BR>[Calls]<UL><LI><a href="#[95]">&gt;&gt;</a>&nbsp;&nbsp;&nbsp;_printf_cs_common
</UL>

<P><STRONG><a name="[71]"></a>_printf_string</STRONG> (Thumb, 8 bytes, Stack size 0 bytes, _printf_char.o(.text))
<BR><BR>[Stack]<UL><LI>Max Depth = 24<LI>Call Chain = _printf_string &rArr; _printf_cs_common &rArr; _printf_str
</UL>
<BR>[Calls]<UL><LI><a href="#[95]">&gt;&gt;</a>&nbsp;&nbsp;&nbsp;_printf_cs_common
</UL>
<BR>[Called By]<UL><LI><a href="#[70]">&gt;&gt;</a>&nbsp;&nbsp;&nbsp;_printf_s
</UL>

<P><STRONG><a name="[84]"></a>_printf_char_file</STRONG> (Thumb, 32 bytes, Stack size 16 bytes, _printf_char_file.o(.text))
<BR><BR>[Stack]<UL><LI>Max Depth = 112 + Unknown Stack Size
<LI>Call Chain = _printf_char_file &rArr; _printf_char_common &rArr; __printf
</UL>
<BR>[Calls]<UL><LI><a href="#[99]">&gt;&gt;</a>&nbsp;&nbsp;&nbsp;ferror
<LI><a href="#[98]">&gt;&gt;</a>&nbsp;&nbsp;&nbsp;_printf_char_common
</UL>
<BR>[Called By]<UL><LI><a href="#[83]">&gt;&gt;</a>&nbsp;&nbsp;&nbsp;__2printf
</UL>

<P><STRONG><a name="[75]"></a>__rt_locale</STRONG> (Thumb, 8 bytes, Stack size 0 bytes, rt_locale_intlibspace.o(.text))
<BR><BR>[Called By]<UL><LI><a href="#[74]">&gt;&gt;</a>&nbsp;&nbsp;&nbsp;__rt_lib_init_lc_common
<LI><a href="#[92]">&gt;&gt;</a>&nbsp;&nbsp;&nbsp;_printf_fp_dec_real
</UL>

<P><STRONG><a name="[8a]"></a>__aeabi_errno_addr</STRONG> (Thumb, 8 bytes, Stack size 0 bytes, rt_errno_addr_intlibspace.o(.text))
<BR><BR>[Called By]<UL><LI><a href="#[8b]">&gt;&gt;</a>&nbsp;&nbsp;&nbsp;__set_errno
<LI><a href="#[89]">&gt;&gt;</a>&nbsp;&nbsp;&nbsp;__read_errno
</UL>

<P><STRONG><a name="[1d0]"></a>__errno$intlibspace</STRONG> (Thumb, 0 bytes, Stack size 0 bytes, rt_errno_addr_intlibspace.o(.text), UNUSED)

<P><STRONG><a name="[1d1]"></a>__rt_errno_addr$intlibspace</STRONG> (Thumb, 0 bytes, Stack size 0 bytes, rt_errno_addr_intlibspace.o(.text), UNUSED)

<P><STRONG><a name="[91]"></a>_ll_udiv10</STRONG> (Thumb, 138 bytes, Stack size 12 bytes, lludiv10.o(.text))
<BR><BR>[Stack]<UL><LI>Max Depth = 12<LI>Call Chain = _ll_udiv10
</UL>
<BR>[Called By]<UL><LI><a href="#[8c]">&gt;&gt;</a>&nbsp;&nbsp;&nbsp;_fp_digits
</UL>

<P><STRONG><a name="[98]"></a>_printf_char_common</STRONG> (Thumb, 32 bytes, Stack size 64 bytes, _printf_char_common.o(.text))
<BR><BR>[Stack]<UL><LI>Max Depth = 96 + Unknown Stack Size
<LI>Call Chain = _printf_char_common &rArr; __printf
</UL>
<BR>[Calls]<UL><LI><a href="#[86]">&gt;&gt;</a>&nbsp;&nbsp;&nbsp;__printf
</UL>
<BR>[Called By]<UL><LI><a href="#[84]">&gt;&gt;</a>&nbsp;&nbsp;&nbsp;_printf_char_file
</UL>

<P><STRONG><a name="[94]"></a>_printf_fp_infnan</STRONG> (Thumb, 112 bytes, Stack size 24 bytes, _printf_fp_infnan.o(.text))
<BR><BR>[Stack]<UL><LI>Max Depth = 24<LI>Call Chain = _printf_fp_infnan
</UL>
<BR>[Called By]<UL><LI><a href="#[92]">&gt;&gt;</a>&nbsp;&nbsp;&nbsp;_printf_fp_dec_real
</UL>

<P><STRONG><a name="[8d]"></a>_btod_etento</STRONG> (Thumb, 224 bytes, Stack size 72 bytes, bigflt0.o(.text))
<BR><BR>[Stack]<UL><LI>Max Depth = 124<LI>Call Chain = _btod_etento &rArr; _btod_emul &rArr; _e2e
</UL>
<BR>[Calls]<UL><LI><a href="#[90]">&gt;&gt;</a>&nbsp;&nbsp;&nbsp;_btod_emul
<LI><a href="#[8f]">&gt;&gt;</a>&nbsp;&nbsp;&nbsp;_btod_ediv
</UL>
<BR>[Called By]<UL><LI><a href="#[8c]">&gt;&gt;</a>&nbsp;&nbsp;&nbsp;_fp_digits
</UL>

<P><STRONG><a name="[99]"></a>ferror</STRONG> (Thumb, 8 bytes, Stack size 0 bytes, ferror.o(.text))
<BR><BR>[Called By]<UL><LI><a href="#[84]">&gt;&gt;</a>&nbsp;&nbsp;&nbsp;_printf_char_file
</UL>

<P><STRONG><a name="[1d2]"></a>__user_libspace</STRONG> (Thumb, 8 bytes, Stack size 0 bytes, libspace.o(.text), UNUSED)

<P><STRONG><a name="[9a]"></a>__user_perproc_libspace</STRONG> (Thumb, 0 bytes, Stack size 0 bytes, libspace.o(.text))
<BR><BR>[Called By]<UL><LI><a href="#[79]">&gt;&gt;</a>&nbsp;&nbsp;&nbsp;__user_setup_stackheap
</UL>

<P><STRONG><a name="[1d3]"></a>__user_perthread_libspace</STRONG> (Thumb, 0 bytes, Stack size 0 bytes, libspace.o(.text), UNUSED)

<P><STRONG><a name="[79]"></a>__user_setup_stackheap</STRONG> (Thumb, 74 bytes, Stack size 8 bytes, sys_stackheap_outer.o(.text))
<BR><BR>[Stack]<UL><LI>Max Depth = 8 + Unknown Stack Size
<LI>Call Chain = __user_setup_stackheap
</UL>
<BR>[Calls]<UL><LI><a href="#[9b]">&gt;&gt;</a>&nbsp;&nbsp;&nbsp;__user_initial_stackheap
<LI><a href="#[9a]">&gt;&gt;</a>&nbsp;&nbsp;&nbsp;__user_perproc_libspace
</UL>
<BR>[Called By]<UL><LI><a href="#[78]">&gt;&gt;</a>&nbsp;&nbsp;&nbsp;__rt_entry_sh
</UL>

<P><STRONG><a name="[7e]"></a>exit</STRONG> (Thumb, 18 bytes, Stack size 8 bytes, exit.o(.text))
<BR><BR>[Stack]<UL><LI>Max Depth = 8 + Unknown Stack Size
<LI>Call Chain = exit
</UL>
<BR>[Calls]<UL><LI><a href="#[9c]">&gt;&gt;</a>&nbsp;&nbsp;&nbsp;__rt_exit
</UL>
<BR>[Called By]<UL><LI><a href="#[7c]">&gt;&gt;</a>&nbsp;&nbsp;&nbsp;__rt_entry_main
</UL>

<P><STRONG><a name="[8e]"></a>_btod_d2e</STRONG> (Thumb, 62 bytes, Stack size 0 bytes, btod.o(CL$$btod_d2e))
<BR><BR>[Calls]<UL><LI><a href="#[9d]">&gt;&gt;</a>&nbsp;&nbsp;&nbsp;_d2e_norm_op1
</UL>
<BR>[Called By]<UL><LI><a href="#[8c]">&gt;&gt;</a>&nbsp;&nbsp;&nbsp;_fp_digits
</UL>

<P><STRONG><a name="[9e]"></a>_d2e_denorm_low</STRONG> (Thumb, 70 bytes, Stack size 0 bytes, btod.o(CL$$btod_d2e_denorm_low))
<BR><BR>[Called By]<UL><LI><a href="#[9d]">&gt;&gt;</a>&nbsp;&nbsp;&nbsp;_d2e_norm_op1
</UL>

<P><STRONG><a name="[9d]"></a>_d2e_norm_op1</STRONG> (Thumb, 96 bytes, Stack size 0 bytes, btod.o(CL$$btod_d2e_norm_op1))
<BR><BR>[Calls]<UL><LI><a href="#[9e]">&gt;&gt;</a>&nbsp;&nbsp;&nbsp;_d2e_denorm_low
</UL>
<BR>[Called By]<UL><LI><a href="#[8e]">&gt;&gt;</a>&nbsp;&nbsp;&nbsp;_btod_d2e
</UL>

<P><STRONG><a name="[9f]"></a>__btod_div_common</STRONG> (Thumb, 696 bytes, Stack size 24 bytes, btod.o(CL$$btod_div_common))
<BR><BR>[Stack]<UL><LI>Max Depth = 24<LI>Call Chain = __btod_div_common
</UL>
<BR>[Called By]<UL><LI><a href="#[8f]">&gt;&gt;</a>&nbsp;&nbsp;&nbsp;_btod_ediv
</UL>

<P><STRONG><a name="[a0]"></a>_e2e</STRONG> (Thumb, 220 bytes, Stack size 24 bytes, btod.o(CL$$btod_e2e))
<BR><BR>[Stack]<UL><LI>Max Depth = 24<LI>Call Chain = _e2e
</UL>
<BR>[Called By]<UL><LI><a href="#[90]">&gt;&gt;</a>&nbsp;&nbsp;&nbsp;_btod_emul
<LI><a href="#[8f]">&gt;&gt;</a>&nbsp;&nbsp;&nbsp;_btod_ediv
</UL>

<P><STRONG><a name="[8f]"></a>_btod_ediv</STRONG> (Thumb, 42 bytes, Stack size 28 bytes, btod.o(CL$$btod_ediv))
<BR><BR>[Stack]<UL><LI>Max Depth = 52<LI>Call Chain = _btod_ediv &rArr; _e2e
</UL>
<BR>[Calls]<UL><LI><a href="#[a0]">&gt;&gt;</a>&nbsp;&nbsp;&nbsp;_e2e
<LI><a href="#[9f]">&gt;&gt;</a>&nbsp;&nbsp;&nbsp;__btod_div_common
</UL>
<BR>[Called By]<UL><LI><a href="#[8d]">&gt;&gt;</a>&nbsp;&nbsp;&nbsp;_btod_etento
<LI><a href="#[8c]">&gt;&gt;</a>&nbsp;&nbsp;&nbsp;_fp_digits
</UL>

<P><STRONG><a name="[90]"></a>_btod_emul</STRONG> (Thumb, 42 bytes, Stack size 28 bytes, btod.o(CL$$btod_emul))
<BR><BR>[Stack]<UL><LI>Max Depth = 52<LI>Call Chain = _btod_emul &rArr; _e2e
</UL>
<BR>[Calls]<UL><LI><a href="#[a1]">&gt;&gt;</a>&nbsp;&nbsp;&nbsp;__btod_mult_common
<LI><a href="#[a0]">&gt;&gt;</a>&nbsp;&nbsp;&nbsp;_e2e
</UL>
<BR>[Called By]<UL><LI><a href="#[8d]">&gt;&gt;</a>&nbsp;&nbsp;&nbsp;_btod_etento
<LI><a href="#[8c]">&gt;&gt;</a>&nbsp;&nbsp;&nbsp;_fp_digits
</UL>

<P><STRONG><a name="[a1]"></a>__btod_mult_common</STRONG> (Thumb, 580 bytes, Stack size 16 bytes, btod.o(CL$$btod_mult_common))
<BR><BR>[Stack]<UL><LI>Max Depth = 16<LI>Call Chain = __btod_mult_common
</UL>
<BR>[Called By]<UL><LI><a href="#[90]">&gt;&gt;</a>&nbsp;&nbsp;&nbsp;_btod_emul
</UL>

<P><STRONG><a name="[20]"></a>ADC_IRQHandler</STRONG> (Thumb, 22 bytes, Stack size 8 bytes, adc.o(i.ADC_IRQHandler))
<BR><BR>[Stack]<UL><LI>Max Depth = 204<LI>Call Chain = ADC_IRQHandler &rArr; HAL_ADC_IRQHandler &rArr; HAL_ADCEx_InjectedConvCpltCallback &rArr; Motor_FastControlISR &rArr; Motor_Identify_FastTask &rArr; Identify_RsTask &rArr; Foc_Run_Theta &rArr; Foc_Run_Core &rArr; SMO_Observe_Run &rArr; SMO_Run &rArr; __hardfp_sinf &rArr; __mathlib_rredf2
</UL>
<BR>[Calls]<UL><LI><a href="#[a5]">&gt;&gt;</a>&nbsp;&nbsp;&nbsp;HAL_ADC_IRQHandler
</UL>
<BR>[Address Reference Count : 1]<UL><LI> startup_stm32f407xx.o(RESET)
</UL>
<P><STRONG><a name="[8]"></a>BusFault_Handler</STRONG> (Thumb, 4 bytes, Stack size 0 bytes, stm32f4xx_it.o(i.BusFault_Handler))
<BR>[Address Reference Count : 1]<UL><LI> startup_stm32f407xx.o(RESET)
</UL>
<P><STRONG><a name="[22]"></a>CAN1_RX0_IRQHandler</STRONG> (Thumb, 10 bytes, Stack size 8 bytes, motor_can.o(i.CAN1_RX0_IRQHandler))
<BR><BR>[Stack]<UL><LI>Max Depth = 112<LI>Call Chain = CAN1_RX0_IRQHandler &rArr; HAL_CAN_IRQHandler &rArr; HAL_CAN_RxFifo0MsgPendingCallback &rArr; HAL_CAN_GetRxMessage
</UL>
<BR>[Calls]<UL><LI><a href="#[a6]">&gt;&gt;</a>&nbsp;&nbsp;&nbsp;HAL_CAN_IRQHandler
</UL>
<BR>[Address Reference Count : 1]<UL><LI> startup_stm32f407xx.o(RESET)
</UL>
<P><STRONG><a name="[24]"></a>CAN1_SCE_IRQHandler</STRONG> (Thumb, 10 bytes, Stack size 8 bytes, motor_can.o(i.CAN1_SCE_IRQHandler))
<BR><BR>[Stack]<UL><LI>Max Depth = 112<LI>Call Chain = CAN1_SCE_IRQHandler &rArr; HAL_CAN_IRQHandler &rArr; HAL_CAN_RxFifo0MsgPendingCallback &rArr; HAL_CAN_GetRxMessage
</UL>
<BR>[Calls]<UL><LI><a href="#[a6]">&gt;&gt;</a>&nbsp;&nbsp;&nbsp;HAL_CAN_IRQHandler
</UL>
<BR>[Address Reference Count : 1]<UL><LI> startup_stm32f407xx.o(RESET)
</UL>
<P><STRONG><a name="[bd]"></a>Clark_Transf</STRONG> (Thumb, 38 bytes, Stack size 0 bytes, foc.o(i.Clark_Transf))
<BR><BR>[Called By]<UL><LI><a href="#[c5]">&gt;&gt;</a>&nbsp;&nbsp;&nbsp;Foc_Run_Voltage
<LI><a href="#[b9]">&gt;&gt;</a>&nbsp;&nbsp;&nbsp;Foc_Run_Core
</UL>

<P><STRONG><a name="[46]"></a>DMA2_Stream0_IRQHandler</STRONG> (Thumb, 10 bytes, Stack size 8 bytes, adc.o(i.DMA2_Stream0_IRQHandler))
<BR><BR>[Stack]<UL><LI>Max Depth = 32<LI>Call Chain = DMA2_Stream0_IRQHandler &rArr; HAL_DMA_IRQHandler
</UL>
<BR>[Calls]<UL><LI><a href="#[aa]">&gt;&gt;</a>&nbsp;&nbsp;&nbsp;HAL_DMA_IRQHandler
</UL>
<BR>[Address Reference Count : 1]<UL><LI> startup_stm32f407xx.o(RESET)
</UL>
<P><STRONG><a name="[b]"></a>DebugMon_Handler</STRONG> (Thumb, 2 bytes, Stack size 0 bytes, stm32f4xx_it.o(i.DebugMon_Handler))
<BR>[Address Reference Count : 1]<UL><LI> startup_stm32f407xx.o(RESET)
</UL>
<P><STRONG><a name="[25]"></a>EXTI9_5_IRQHandler</STRONG> (Thumb, 10 bytes, Stack size 8 bytes, encoder.o(i.EXTI9_5_IRQHandler))
<BR><BR>[Stack]<UL><LI>Max Depth = 32<LI>Call Chain = EXTI9_5_IRQHandler &rArr; HAL_GPIO_EXTI_IRQHandler &rArr; HAL_GPIO_EXTI_Callback &rArr; HAL_NVIC_DisableIRQ
</UL>
<BR>[Calls]<UL><LI><a href="#[ab]">&gt;&gt;</a>&nbsp;&nbsp;&nbsp;HAL_GPIO_EXTI_IRQHandler
</UL>
<BR>[Address Reference Count : 1]<UL><LI> startup_stm32f407xx.o(RESET)
</UL>
<P><STRONG><a name="[ac]"></a>Encoder_Angle</STRONG> (Thumb, 100 bytes, Stack size 4 bytes, encoder.o(i.Encoder_Angle))
<BR><BR>[Stack]<UL><LI>Max Depth = 4<LI>Call Chain = Encoder_Angle
</UL>
<BR>[Calls]<UL><LI><a href="#[ad]">&gt;&gt;</a>&nbsp;&nbsp;&nbsp;Encoder_Get_Cnt
</UL>
<BR>[Called By]<UL><LI><a href="#[b6]">&gt;&gt;</a>&nbsp;&nbsp;&nbsp;Encoder_Speed
</UL>

<P><STRONG><a name="[ae]"></a>Encoder_CNT_Update_MultiTurn</STRONG> (Thumb, 52 bytes, Stack size 4 bytes, encoder.o(i.Encoder_CNT_Update_MultiTurn))
<BR><BR>[Stack]<UL><LI>Max Depth = 4<LI>Call Chain = Encoder_CNT_Update_MultiTurn
</UL>
<BR>[Calls]<UL><LI><a href="#[ad]">&gt;&gt;</a>&nbsp;&nbsp;&nbsp;Encoder_Get_Cnt
</UL>
<BR>[Called By]<UL><LI><a href="#[106]">&gt;&gt;</a>&nbsp;&nbsp;&nbsp;HAL_TIM_PeriodElapsedCallback
</UL>

<P><STRONG><a name="[af]"></a>Encoder_ElecAngle</STRONG> (Thumb, 184 bytes, Stack size 16 bytes, encoder.o(i.Encoder_ElecAngle))
<BR><BR>[Stack]<UL><LI>Max Depth = 56<LI>Call Chain = Encoder_ElecAngle &rArr; __hardfp_fmodf &rArr; _frem &rArr; __fpl_fnaninf
</UL>
<BR>[Calls]<UL><LI><a href="#[ad]">&gt;&gt;</a>&nbsp;&nbsp;&nbsp;Encoder_Get_Cnt
<LI><a href="#[b0]">&gt;&gt;</a>&nbsp;&nbsp;&nbsp;__hardfp_fmodf
</UL>
<BR>[Called By]<UL><LI><a href="#[168]">&gt;&gt;</a>&nbsp;&nbsp;&nbsp;Motor_StateTask_1ms
<LI><a href="#[c8]">&gt;&gt;</a>&nbsp;&nbsp;&nbsp;Motor_FastControlISR
</UL>

<P><STRONG><a name="[ad]"></a>Encoder_Get_Cnt</STRONG> (Thumb, 8 bytes, Stack size 0 bytes, encoder.o(i.Encoder_Get_Cnt))
<BR><BR>[Called By]<UL><LI><a href="#[af]">&gt;&gt;</a>&nbsp;&nbsp;&nbsp;Encoder_ElecAngle
<LI><a href="#[ac]">&gt;&gt;</a>&nbsp;&nbsp;&nbsp;Encoder_Angle
<LI><a href="#[ae]">&gt;&gt;</a>&nbsp;&nbsp;&nbsp;Encoder_CNT_Update_MultiTurn
</UL>

<P><STRONG><a name="[b1]"></a>Encoder_Init</STRONG> (Thumb, 300 bytes, Stack size 64 bytes, encoder.o(i.Encoder_Init))
<BR><BR>[Stack]<UL><LI>Max Depth = 112<LI>Call Chain = Encoder_Init &rArr; HAL_NVIC_SetPriority &rArr; __NVIC_SetPriority
</UL>
<BR>[Calls]<UL><LI><a href="#[b5]">&gt;&gt;</a>&nbsp;&nbsp;&nbsp;HAL_NVIC_SetPriority
<LI><a href="#[a9]">&gt;&gt;</a>&nbsp;&nbsp;&nbsp;HAL_NVIC_EnableIRQ
<LI><a href="#[b3]">&gt;&gt;</a>&nbsp;&nbsp;&nbsp;HAL_GPIO_Init
<LI><a href="#[b4]">&gt;&gt;</a>&nbsp;&nbsp;&nbsp;HAL_TIM_Encoder_Init
<LI><a href="#[b2]">&gt;&gt;</a>&nbsp;&nbsp;&nbsp;__aeabi_memclr4
</UL>
<BR>[Called By]<UL><LI><a href="#[7d]">&gt;&gt;</a>&nbsp;&nbsp;&nbsp;main
</UL>

<P><STRONG><a name="[b6]"></a>Encoder_Speed</STRONG> (Thumb, 162 bytes, Stack size 4 bytes, encoder.o(i.Encoder_Speed))
<BR><BR>[Stack]<UL><LI>Max Depth = 8<LI>Call Chain = Encoder_Speed &rArr; Encoder_Angle
</UL>
<BR>[Calls]<UL><LI><a href="#[ac]">&gt;&gt;</a>&nbsp;&nbsp;&nbsp;Encoder_Angle
</UL>
<BR>[Called By]<UL><LI><a href="#[106]">&gt;&gt;</a>&nbsp;&nbsp;&nbsp;HAL_TIM_PeriodElapsedCallback
</UL>

<P><STRONG><a name="[b7]"></a>Encoder_Start</STRONG> (Thumb, 30 bytes, Stack size 8 bytes, encoder.o(i.Encoder_Start))
<BR><BR>[Stack]<UL><LI>Max Depth = 44<LI>Call Chain = Encoder_Start &rArr; HAL_TIM_IC_Start &rArr; TIM_CCxChannelCmd
</UL>
<BR>[Calls]<UL><LI><a href="#[b8]">&gt;&gt;</a>&nbsp;&nbsp;&nbsp;HAL_TIM_IC_Start
</UL>
<BR>[Called By]<UL><LI><a href="#[7d]">&gt;&gt;</a>&nbsp;&nbsp;&nbsp;main
</UL>

<P><STRONG><a name="[197]"></a>Foc_Init</STRONG> (Thumb, 42 bytes, Stack size 0 bytes, foc.o(i.Foc_Init))
<BR><BR>[Called By]<UL><LI><a href="#[7d]">&gt;&gt;</a>&nbsp;&nbsp;&nbsp;main
</UL>

<P><STRONG><a name="[b9]"></a>Foc_Run_Core</STRONG> (Thumb, 408 bytes, Stack size 24 bytes, foc.o(i.Foc_Run_Core))
<BR><BR>[Stack]<UL><LI>Max Depth = 108<LI>Call Chain = Foc_Run_Core &rArr; SMO_Observe_Run &rArr; SMO_Run &rArr; __hardfp_sinf &rArr; __mathlib_rredf2
</UL>
<BR>[Calls]<UL><LI><a href="#[bb]">&gt;&gt;</a>&nbsp;&nbsp;&nbsp;Motor_GetState
<LI><a href="#[be]">&gt;&gt;</a>&nbsp;&nbsp;&nbsp;SMO_Observe_Run
<LI><a href="#[ba]">&gt;&gt;</a>&nbsp;&nbsp;&nbsp;Motor_Protect_FastCheck
<LI><a href="#[bc]">&gt;&gt;</a>&nbsp;&nbsp;&nbsp;Theta_Transf_CosSin
<LI><a href="#[c3]">&gt;&gt;</a>&nbsp;&nbsp;&nbsp;SVPWM_Transf
<LI><a href="#[c2]">&gt;&gt;</a>&nbsp;&nbsp;&nbsp;RevPark_Transf
<LI><a href="#[bf]">&gt;&gt;</a>&nbsp;&nbsp;&nbsp;Park_Transf
<LI><a href="#[bd]">&gt;&gt;</a>&nbsp;&nbsp;&nbsp;Clark_Transf
<LI><a href="#[c0]">&gt;&gt;</a>&nbsp;&nbsp;&nbsp;PID_Ctrl
<LI><a href="#[c1]">&gt;&gt;</a>&nbsp;&nbsp;&nbsp;__hardfp_sqrtf
</UL>
<BR>[Called By]<UL><LI><a href="#[c4]">&gt;&gt;</a>&nbsp;&nbsp;&nbsp;Foc_Run_Theta
</UL>

<P><STRONG><a name="[c4]"></a>Foc_Run_Theta</STRONG> (Thumb, 24 bytes, Stack size 16 bytes, foc.o(i.Foc_Run_Theta))
<BR><BR>[Stack]<UL><LI>Max Depth = 124<LI>Call Chain = Foc_Run_Theta &rArr; Foc_Run_Core &rArr; SMO_Observe_Run &rArr; SMO_Run &rArr; __hardfp_sinf &rArr; __mathlib_rredf2
</UL>
<BR>[Calls]<UL><LI><a href="#[b9]">&gt;&gt;</a>&nbsp;&nbsp;&nbsp;Foc_Run_Core
</UL>
<BR>[Called By]<UL><LI><a href="#[c8]">&gt;&gt;</a>&nbsp;&nbsp;&nbsp;Motor_FastControlISR
<LI><a href="#[130]">&gt;&gt;</a>&nbsp;&nbsp;&nbsp;Identify_RsTask
</UL>

<P><STRONG><a name="[c5]"></a>Foc_Run_Voltage</STRONG> (Thumb, 234 bytes, Stack size 24 bytes, foc.o(i.Foc_Run_Voltage))
<BR><BR>[Stack]<UL><LI>Max Depth = 100<LI>Call Chain = Foc_Run_Voltage &rArr; Motor_Protect_FastCheck &rArr; Motor_Protect_Trip &rArr; PMSM_PWM_Stop &rArr; HAL_TIMEx_PWMN_Stop &rArr; TIM_CCxNChannelCmd
</UL>
<BR>[Calls]<UL><LI><a href="#[bb]">&gt;&gt;</a>&nbsp;&nbsp;&nbsp;Motor_GetState
<LI><a href="#[ba]">&gt;&gt;</a>&nbsp;&nbsp;&nbsp;Motor_Protect_FastCheck
<LI><a href="#[bc]">&gt;&gt;</a>&nbsp;&nbsp;&nbsp;Theta_Transf_CosSin
<LI><a href="#[c3]">&gt;&gt;</a>&nbsp;&nbsp;&nbsp;SVPWM_Transf
<LI><a href="#[c2]">&gt;&gt;</a>&nbsp;&nbsp;&nbsp;RevPark_Transf
<LI><a href="#[bf]">&gt;&gt;</a>&nbsp;&nbsp;&nbsp;Park_Transf
<LI><a href="#[bd]">&gt;&gt;</a>&nbsp;&nbsp;&nbsp;Clark_Transf
</UL>
<BR>[Called By]<UL><LI><a href="#[12a]">&gt;&gt;</a>&nbsp;&nbsp;&nbsp;Identify_LsTask
<LI><a href="#[152]">&gt;&gt;</a>&nbsp;&nbsp;&nbsp;Motor_Identify_FastTask
</UL>

<P><STRONG><a name="[137]"></a>HAL_ADCEx_InjectedConfigChannel</STRONG> (Thumb, 540 bytes, Stack size 12 bytes, stm32f4xx_hal_adc_ex.o(i.HAL_ADCEx_InjectedConfigChannel))
<BR><BR>[Stack]<UL><LI>Max Depth = 12<LI>Call Chain = HAL_ADCEx_InjectedConfigChannel
</UL>
<BR>[Called By]<UL><LI><a href="#[139]">&gt;&gt;</a>&nbsp;&nbsp;&nbsp;Motor_ADC3_Init
<LI><a href="#[138]">&gt;&gt;</a>&nbsp;&nbsp;&nbsp;Motor_ADC2_Init
<LI><a href="#[134]">&gt;&gt;</a>&nbsp;&nbsp;&nbsp;Motor_ADC1_Init
</UL>

<P><STRONG><a name="[c6]"></a>HAL_ADCEx_InjectedConvCpltCallback</STRONG> (Thumb, 102 bytes, Stack size 16 bytes, adc.o(i.HAL_ADCEx_InjectedConvCpltCallback))
<BR><BR>[Stack]<UL><LI>Max Depth = 180<LI>Call Chain = HAL_ADCEx_InjectedConvCpltCallback &rArr; Motor_FastControlISR &rArr; Motor_Identify_FastTask &rArr; Identify_RsTask &rArr; Foc_Run_Theta &rArr; Foc_Run_Core &rArr; SMO_Observe_Run &rArr; SMO_Run &rArr; __hardfp_sinf &rArr; __mathlib_rredf2
</UL>
<BR>[Calls]<UL><LI><a href="#[c8]">&gt;&gt;</a>&nbsp;&nbsp;&nbsp;Motor_FastControlISR
<LI><a href="#[c7]">&gt;&gt;</a>&nbsp;&nbsp;&nbsp;Motor_ADC_Get_RawValue
</UL>
<BR>[Called By]<UL><LI><a href="#[a5]">&gt;&gt;</a>&nbsp;&nbsp;&nbsp;HAL_ADC_IRQHandler
</UL>

<P><STRONG><a name="[13b]"></a>HAL_ADCEx_InjectedGetValue</STRONG> (Thumb, 70 bytes, Stack size 8 bytes, stm32f4xx_hal_adc_ex.o(i.HAL_ADCEx_InjectedGetValue))
<BR><BR>[Stack]<UL><LI>Max Depth = 8<LI>Call Chain = HAL_ADCEx_InjectedGetValue
</UL>
<BR>[Called By]<UL><LI><a href="#[c7]">&gt;&gt;</a>&nbsp;&nbsp;&nbsp;Motor_ADC_Get_RawValue
<LI><a href="#[13a]">&gt;&gt;</a>&nbsp;&nbsp;&nbsp;Motor_ADC_Get_Current_Offset
</UL>

<P><STRONG><a name="[13f]"></a>HAL_ADCEx_InjectedStart</STRONG> (Thumb, 270 bytes, Stack size 16 bytes, stm32f4xx_hal_adc_ex.o(i.HAL_ADCEx_InjectedStart))
<BR><BR>[Stack]<UL><LI>Max Depth = 16<LI>Call Chain = HAL_ADCEx_InjectedStart
</UL>
<BR>[Called By]<UL><LI><a href="#[13e]">&gt;&gt;</a>&nbsp;&nbsp;&nbsp;Motor_ADC_Start
</UL>

<P><STRONG><a name="[140]"></a>HAL_ADCEx_InjectedStart_IT</STRONG> (Thumb, 282 bytes, Stack size 16 bytes, stm32f4xx_hal_adc_ex.o(i.HAL_ADCEx_InjectedStart_IT))
<BR><BR>[Stack]<UL><LI>Max Depth = 16<LI>Call Chain = HAL_ADCEx_InjectedStart_IT
</UL>
<BR>[Called By]<UL><LI><a href="#[13e]">&gt;&gt;</a>&nbsp;&nbsp;&nbsp;Motor_ADC_Start
</UL>

<P><STRONG><a name="[135]"></a>HAL_ADCEx_MultiModeConfigChannel</STRONG> (Thumb, 92 bytes, Stack size 8 bytes, stm32f4xx_hal_adc_ex.o(i.HAL_ADCEx_MultiModeConfigChannel))
<BR><BR>[Stack]<UL><LI>Max Depth = 8<LI>Call Chain = HAL_ADCEx_MultiModeConfigChannel
</UL>
<BR>[Called By]<UL><LI><a href="#[134]">&gt;&gt;</a>&nbsp;&nbsp;&nbsp;Motor_ADC1_Init
</UL>

<P><STRONG><a name="[136]"></a>HAL_ADC_ConfigChannel</STRONG> (Thumb, 380 bytes, Stack size 16 bytes, stm32f4xx_hal_adc.o(i.HAL_ADC_ConfigChannel))
<BR><BR>[Stack]<UL><LI>Max Depth = 16<LI>Call Chain = HAL_ADC_ConfigChannel
</UL>
<BR>[Called By]<UL><LI><a href="#[134]">&gt;&gt;</a>&nbsp;&nbsp;&nbsp;Motor_ADC1_Init
</UL>

<P><STRONG><a name="[a2]"></a>HAL_ADC_ConvCpltCallback</STRONG> (Thumb, 2 bytes, Stack size 0 bytes, stm32f4xx_hal_adc.o(i.HAL_ADC_ConvCpltCallback))
<BR><BR>[Called By]<UL><LI><a href="#[a5]">&gt;&gt;</a>&nbsp;&nbsp;&nbsp;HAL_ADC_IRQHandler
<LI><a href="#[63]">&gt;&gt;</a>&nbsp;&nbsp;&nbsp;ADC_DMAConvCplt
</UL>

<P><STRONG><a name="[a4]"></a>HAL_ADC_ConvHalfCpltCallback</STRONG> (Thumb, 2 bytes, Stack size 0 bytes, stm32f4xx_hal_adc.o(i.HAL_ADC_ConvHalfCpltCallback))
<BR><BR>[Called By]<UL><LI><a href="#[64]">&gt;&gt;</a>&nbsp;&nbsp;&nbsp;ADC_DMAHalfConvCplt
</UL>

<P><STRONG><a name="[a3]"></a>HAL_ADC_ErrorCallback</STRONG> (Thumb, 2 bytes, Stack size 0 bytes, stm32f4xx_hal_adc.o(i.HAL_ADC_ErrorCallback))
<BR><BR>[Called By]<UL><LI><a href="#[a5]">&gt;&gt;</a>&nbsp;&nbsp;&nbsp;HAL_ADC_IRQHandler
<LI><a href="#[65]">&gt;&gt;</a>&nbsp;&nbsp;&nbsp;ADC_DMAError
<LI><a href="#[63]">&gt;&gt;</a>&nbsp;&nbsp;&nbsp;ADC_DMAConvCplt
</UL>

<P><STRONG><a name="[a5]"></a>HAL_ADC_IRQHandler</STRONG> (Thumb, 372 bytes, Stack size 16 bytes, stm32f4xx_hal_adc.o(i.HAL_ADC_IRQHandler))
<BR><BR>[Stack]<UL><LI>Max Depth = 196<LI>Call Chain = HAL_ADC_IRQHandler &rArr; HAL_ADCEx_InjectedConvCpltCallback &rArr; Motor_FastControlISR &rArr; Motor_Identify_FastTask &rArr; Identify_RsTask &rArr; Foc_Run_Theta &rArr; Foc_Run_Core &rArr; SMO_Observe_Run &rArr; SMO_Run &rArr; __hardfp_sinf &rArr; __mathlib_rredf2
</UL>
<BR>[Calls]<UL><LI><a href="#[c6]">&gt;&gt;</a>&nbsp;&nbsp;&nbsp;HAL_ADCEx_InjectedConvCpltCallback
<LI><a href="#[c9]">&gt;&gt;</a>&nbsp;&nbsp;&nbsp;HAL_ADC_LevelOutOfWindowCallback
<LI><a href="#[a3]">&gt;&gt;</a>&nbsp;&nbsp;&nbsp;HAL_ADC_ErrorCallback
<LI><a href="#[a2]">&gt;&gt;</a>&nbsp;&nbsp;&nbsp;HAL_ADC_ConvCpltCallback
</UL>
<BR>[Called By]<UL><LI><a href="#[20]">&gt;&gt;</a>&nbsp;&nbsp;&nbsp;ADC_IRQHandler
</UL>

<P><STRONG><a name="[ca]"></a>HAL_ADC_Init</STRONG> (Thumb, 100 bytes, Stack size 16 bytes, stm32f4xx_hal_adc.o(i.HAL_ADC_Init))
<BR><BR>[Stack]<UL><LI>Max Depth = 16<LI>Call Chain = HAL_ADC_Init
</UL>
<BR>[Calls]<UL><LI><a href="#[cb]">&gt;&gt;</a>&nbsp;&nbsp;&nbsp;HAL_ADC_MspInit
<LI><a href="#[cc]">&gt;&gt;</a>&nbsp;&nbsp;&nbsp;ADC_Init
</UL>
<BR>[Called By]<UL><LI><a href="#[139]">&gt;&gt;</a>&nbsp;&nbsp;&nbsp;Motor_ADC3_Init
<LI><a href="#[138]">&gt;&gt;</a>&nbsp;&nbsp;&nbsp;Motor_ADC2_Init
<LI><a href="#[134]">&gt;&gt;</a>&nbsp;&nbsp;&nbsp;Motor_ADC1_Init
</UL>

<P><STRONG><a name="[c9]"></a>HAL_ADC_LevelOutOfWindowCallback</STRONG> (Thumb, 2 bytes, Stack size 0 bytes, stm32f4xx_hal_adc.o(i.HAL_ADC_LevelOutOfWindowCallback))
<BR><BR>[Called By]<UL><LI><a href="#[a5]">&gt;&gt;</a>&nbsp;&nbsp;&nbsp;HAL_ADC_IRQHandler
</UL>

<P><STRONG><a name="[cb]"></a>HAL_ADC_MspInit</STRONG> (Thumb, 2 bytes, Stack size 0 bytes, stm32f4xx_hal_adc.o(i.HAL_ADC_MspInit))
<BR><BR>[Called By]<UL><LI><a href="#[ca]">&gt;&gt;</a>&nbsp;&nbsp;&nbsp;HAL_ADC_Init
</UL>

<P><STRONG><a name="[cd]"></a>HAL_ADC_Start_DMA</STRONG> (Thumb, 398 bytes, Stack size 24 bytes, stm32f4xx_hal_adc.o(i.HAL_ADC_Start_DMA))
<BR><BR>[Stack]<UL><LI>Max Depth = 68<LI>Call Chain = HAL_ADC_Start_DMA &rArr; HAL_DMA_Start_IT &rArr; DMA_SetConfig
</UL>
<BR>[Calls]<UL><LI><a href="#[ce]">&gt;&gt;</a>&nbsp;&nbsp;&nbsp;HAL_DMA_Start_IT
</UL>
<BR>[Called By]<UL><LI><a href="#[13e]">&gt;&gt;</a>&nbsp;&nbsp;&nbsp;Motor_ADC_Start
</UL>

<P><STRONG><a name="[181]"></a>HAL_CAN_ActivateNotification</STRONG> (Thumb, 42 bytes, Stack size 8 bytes, stm32f4xx_hal_can.o(i.HAL_CAN_ActivateNotification))
<BR><BR>[Stack]<UL><LI>Max Depth = 8<LI>Call Chain = HAL_CAN_ActivateNotification
</UL>
<BR>[Called By]<UL><LI><a href="#[14d]">&gt;&gt;</a>&nbsp;&nbsp;&nbsp;StartPeripheral
</UL>

<P><STRONG><a name="[17d]"></a>HAL_CAN_AddTxMessage</STRONG> (Thumb, 342 bytes, Stack size 20 bytes, stm32f4xx_hal_can.o(i.HAL_CAN_AddTxMessage))
<BR><BR>[Stack]<UL><LI>Max Depth = 20<LI>Call Chain = HAL_CAN_AddTxMessage
</UL>
<BR>[Called By]<UL><LI><a href="#[145]">&gt;&gt;</a>&nbsp;&nbsp;&nbsp;SendFrame
</UL>

<P><STRONG><a name="[142]"></a>HAL_CAN_ConfigFilter</STRONG> (Thumb, 286 bytes, Stack size 20 bytes, stm32f4xx_hal_can.o(i.HAL_CAN_ConfigFilter))
<BR><BR>[Stack]<UL><LI>Max Depth = 20<LI>Call Chain = HAL_CAN_ConfigFilter
</UL>
<BR>[Called By]<UL><LI><a href="#[141]">&gt;&gt;</a>&nbsp;&nbsp;&nbsp;Motor_CAN_Init
</UL>

<P><STRONG><a name="[cf]"></a>HAL_CAN_ErrorCallback</STRONG> (Thumb, 108 bytes, Stack size 16 bytes, motor_can.o(i.HAL_CAN_ErrorCallback))
<BR><BR>[Stack]<UL><LI>Max Depth = 16<LI>Call Chain = HAL_CAN_ErrorCallback
</UL>
<BR>[Calls]<UL><LI><a href="#[d1]">&gt;&gt;</a>&nbsp;&nbsp;&nbsp;HAL_CAN_ResetError
<LI><a href="#[d0]">&gt;&gt;</a>&nbsp;&nbsp;&nbsp;HAL_CAN_GetError
</UL>
<BR>[Called By]<UL><LI><a href="#[a6]">&gt;&gt;</a>&nbsp;&nbsp;&nbsp;HAL_CAN_IRQHandler
</UL>

<P><STRONG><a name="[d0]"></a>HAL_CAN_GetError</STRONG> (Thumb, 6 bytes, Stack size 0 bytes, stm32f4xx_hal_can.o(i.HAL_CAN_GetError))
<BR><BR>[Called By]<UL><LI><a href="#[14e]">&gt;&gt;</a>&nbsp;&nbsp;&nbsp;Motor_CAN_Task_1ms
<LI><a href="#[14c]">&gt;&gt;</a>&nbsp;&nbsp;&nbsp;Motor_CAN_Start
<LI><a href="#[141]">&gt;&gt;</a>&nbsp;&nbsp;&nbsp;Motor_CAN_Init
<LI><a href="#[cf]">&gt;&gt;</a>&nbsp;&nbsp;&nbsp;HAL_CAN_ErrorCallback
<LI><a href="#[145]">&gt;&gt;</a>&nbsp;&nbsp;&nbsp;SendFrame
</UL>

<P><STRONG><a name="[e1]"></a>HAL_CAN_GetRxMessage</STRONG> (Thumb, 378 bytes, Stack size 16 bytes, stm32f4xx_hal_can.o(i.HAL_CAN_GetRxMessage))
<BR><BR>[Stack]<UL><LI>Max Depth = 16<LI>Call Chain = HAL_CAN_GetRxMessage
</UL>
<BR>[Called By]<UL><LI><a href="#[d9]">&gt;&gt;</a>&nbsp;&nbsp;&nbsp;HAL_CAN_RxFifo0MsgPendingCallback
</UL>

<P><STRONG><a name="[a6]"></a>HAL_CAN_IRQHandler</STRONG> (Thumb, 590 bytes, Stack size 40 bytes, stm32f4xx_hal_can.o(i.HAL_CAN_IRQHandler))
<BR><BR>[Stack]<UL><LI>Max Depth = 104<LI>Call Chain = HAL_CAN_IRQHandler &rArr; HAL_CAN_RxFifo0MsgPendingCallback &rArr; HAL_CAN_GetRxMessage
</UL>
<BR>[Calls]<UL><LI><a href="#[dd]">&gt;&gt;</a>&nbsp;&nbsp;&nbsp;HAL_CAN_WakeUpFromRxMsgCallback
<LI><a href="#[d6]">&gt;&gt;</a>&nbsp;&nbsp;&nbsp;HAL_CAN_TxMailbox2CompleteCallback
<LI><a href="#[d7]">&gt;&gt;</a>&nbsp;&nbsp;&nbsp;HAL_CAN_TxMailbox2AbortCallback
<LI><a href="#[d4]">&gt;&gt;</a>&nbsp;&nbsp;&nbsp;HAL_CAN_TxMailbox1CompleteCallback
<LI><a href="#[d5]">&gt;&gt;</a>&nbsp;&nbsp;&nbsp;HAL_CAN_TxMailbox1AbortCallback
<LI><a href="#[d2]">&gt;&gt;</a>&nbsp;&nbsp;&nbsp;HAL_CAN_TxMailbox0CompleteCallback
<LI><a href="#[d3]">&gt;&gt;</a>&nbsp;&nbsp;&nbsp;HAL_CAN_TxMailbox0AbortCallback
<LI><a href="#[dc]">&gt;&gt;</a>&nbsp;&nbsp;&nbsp;HAL_CAN_SleepCallback
<LI><a href="#[db]">&gt;&gt;</a>&nbsp;&nbsp;&nbsp;HAL_CAN_RxFifo1MsgPendingCallback
<LI><a href="#[da]">&gt;&gt;</a>&nbsp;&nbsp;&nbsp;HAL_CAN_RxFifo1FullCallback
<LI><a href="#[d8]">&gt;&gt;</a>&nbsp;&nbsp;&nbsp;HAL_CAN_RxFifo0FullCallback
<LI><a href="#[d9]">&gt;&gt;</a>&nbsp;&nbsp;&nbsp;HAL_CAN_RxFifo0MsgPendingCallback
<LI><a href="#[cf]">&gt;&gt;</a>&nbsp;&nbsp;&nbsp;HAL_CAN_ErrorCallback
</UL>
<BR>[Called By]<UL><LI><a href="#[24]">&gt;&gt;</a>&nbsp;&nbsp;&nbsp;CAN1_SCE_IRQHandler
<LI><a href="#[22]">&gt;&gt;</a>&nbsp;&nbsp;&nbsp;CAN1_RX0_IRQHandler
</UL>

<P><STRONG><a name="[de]"></a>HAL_CAN_Init</STRONG> (Thumb, 372 bytes, Stack size 16 bytes, stm32f4xx_hal_can.o(i.HAL_CAN_Init))
<BR><BR>[Stack]<UL><LI>Max Depth = 16<LI>Call Chain = HAL_CAN_Init
</UL>
<BR>[Calls]<UL><LI><a href="#[e0]">&gt;&gt;</a>&nbsp;&nbsp;&nbsp;HAL_GetTick
<LI><a href="#[df]">&gt;&gt;</a>&nbsp;&nbsp;&nbsp;HAL_CAN_MspInit
</UL>
<BR>[Called By]<UL><LI><a href="#[141]">&gt;&gt;</a>&nbsp;&nbsp;&nbsp;Motor_CAN_Init
</UL>

<P><STRONG><a name="[df]"></a>HAL_CAN_MspInit</STRONG> (Thumb, 2 bytes, Stack size 0 bytes, stm32f4xx_hal_can.o(i.HAL_CAN_MspInit))
<BR><BR>[Called By]<UL><LI><a href="#[de]">&gt;&gt;</a>&nbsp;&nbsp;&nbsp;HAL_CAN_Init
</UL>

<P><STRONG><a name="[d1]"></a>HAL_CAN_ResetError</STRONG> (Thumb, 34 bytes, Stack size 0 bytes, stm32f4xx_hal_can.o(i.HAL_CAN_ResetError))
<BR><BR>[Called By]<UL><LI><a href="#[14e]">&gt;&gt;</a>&nbsp;&nbsp;&nbsp;Motor_CAN_Task_1ms
<LI><a href="#[cf]">&gt;&gt;</a>&nbsp;&nbsp;&nbsp;HAL_CAN_ErrorCallback
</UL>

<P><STRONG><a name="[d8]"></a>HAL_CAN_RxFifo0FullCallback</STRONG> (Thumb, 2 bytes, Stack size 0 bytes, stm32f4xx_hal_can.o(i.HAL_CAN_RxFifo0FullCallback))
<BR><BR>[Called By]<UL><LI><a href="#[a6]">&gt;&gt;</a>&nbsp;&nbsp;&nbsp;HAL_CAN_IRQHandler
</UL>

<P><STRONG><a name="[d9]"></a>HAL_CAN_RxFifo0MsgPendingCallback</STRONG> (Thumb, 182 bytes, Stack size 48 bytes, motor_can.o(i.HAL_CAN_RxFifo0MsgPendingCallback))
<BR><BR>[Stack]<UL><LI>Max Depth = 64<LI>Call Chain = HAL_CAN_RxFifo0MsgPendingCallback &rArr; HAL_CAN_GetRxMessage
</UL>
<BR>[Calls]<UL><LI><a href="#[e1]">&gt;&gt;</a>&nbsp;&nbsp;&nbsp;HAL_CAN_GetRxMessage
</UL>
<BR>[Called By]<UL><LI><a href="#[a6]">&gt;&gt;</a>&nbsp;&nbsp;&nbsp;HAL_CAN_IRQHandler
</UL>

<P><STRONG><a name="[da]"></a>HAL_CAN_RxFifo1FullCallback</STRONG> (Thumb, 2 bytes, Stack size 0 bytes, stm32f4xx_hal_can.o(i.HAL_CAN_RxFifo1FullCallback))
<BR><BR>[Called By]<UL><LI><a href="#[a6]">&gt;&gt;</a>&nbsp;&nbsp;&nbsp;HAL_CAN_IRQHandler
</UL>

<P><STRONG><a name="[db]"></a>HAL_CAN_RxFifo1MsgPendingCallback</STRONG> (Thumb, 2 bytes, Stack size 0 bytes, stm32f4xx_hal_can.o(i.HAL_CAN_RxFifo1MsgPendingCallback))
<BR><BR>[Called By]<UL><LI><a href="#[a6]">&gt;&gt;</a>&nbsp;&nbsp;&nbsp;HAL_CAN_IRQHandler
</UL>

<P><STRONG><a name="[dc]"></a>HAL_CAN_SleepCallback</STRONG> (Thumb, 2 bytes, Stack size 0 bytes, stm32f4xx_hal_can.o(i.HAL_CAN_SleepCallback))
<BR><BR>[Called By]<UL><LI><a href="#[a6]">&gt;&gt;</a>&nbsp;&nbsp;&nbsp;HAL_CAN_IRQHandler
</UL>

<P><STRONG><a name="[e2]"></a>HAL_CAN_Start</STRONG> (Thumb, 94 bytes, Stack size 16 bytes, stm32f4xx_hal_can.o(i.HAL_CAN_Start))
<BR><BR>[Stack]<UL><LI>Max Depth = 16<LI>Call Chain = HAL_CAN_Start
</UL>
<BR>[Calls]<UL><LI><a href="#[e0]">&gt;&gt;</a>&nbsp;&nbsp;&nbsp;HAL_GetTick
</UL>
<BR>[Called By]<UL><LI><a href="#[14d]">&gt;&gt;</a>&nbsp;&nbsp;&nbsp;StartPeripheral
</UL>

<P><STRONG><a name="[e3]"></a>HAL_CAN_Stop</STRONG> (Thumb, 106 bytes, Stack size 16 bytes, stm32f4xx_hal_can.o(i.HAL_CAN_Stop))
<BR><BR>[Stack]<UL><LI>Max Depth = 16<LI>Call Chain = HAL_CAN_Stop
</UL>
<BR>[Calls]<UL><LI><a href="#[e0]">&gt;&gt;</a>&nbsp;&nbsp;&nbsp;HAL_GetTick
</UL>
<BR>[Called By]<UL><LI><a href="#[14e]">&gt;&gt;</a>&nbsp;&nbsp;&nbsp;Motor_CAN_Task_1ms
<LI><a href="#[14d]">&gt;&gt;</a>&nbsp;&nbsp;&nbsp;StartPeripheral
</UL>

<P><STRONG><a name="[d3]"></a>HAL_CAN_TxMailbox0AbortCallback</STRONG> (Thumb, 2 bytes, Stack size 0 bytes, stm32f4xx_hal_can.o(i.HAL_CAN_TxMailbox0AbortCallback))
<BR><BR>[Called By]<UL><LI><a href="#[a6]">&gt;&gt;</a>&nbsp;&nbsp;&nbsp;HAL_CAN_IRQHandler
</UL>

<P><STRONG><a name="[d2]"></a>HAL_CAN_TxMailbox0CompleteCallback</STRONG> (Thumb, 2 bytes, Stack size 0 bytes, stm32f4xx_hal_can.o(i.HAL_CAN_TxMailbox0CompleteCallback))
<BR><BR>[Called By]<UL><LI><a href="#[a6]">&gt;&gt;</a>&nbsp;&nbsp;&nbsp;HAL_CAN_IRQHandler
</UL>

<P><STRONG><a name="[d5]"></a>HAL_CAN_TxMailbox1AbortCallback</STRONG> (Thumb, 2 bytes, Stack size 0 bytes, stm32f4xx_hal_can.o(i.HAL_CAN_TxMailbox1AbortCallback))
<BR><BR>[Called By]<UL><LI><a href="#[a6]">&gt;&gt;</a>&nbsp;&nbsp;&nbsp;HAL_CAN_IRQHandler
</UL>

<P><STRONG><a name="[d4]"></a>HAL_CAN_TxMailbox1CompleteCallback</STRONG> (Thumb, 2 bytes, Stack size 0 bytes, stm32f4xx_hal_can.o(i.HAL_CAN_TxMailbox1CompleteCallback))
<BR><BR>[Called By]<UL><LI><a href="#[a6]">&gt;&gt;</a>&nbsp;&nbsp;&nbsp;HAL_CAN_IRQHandler
</UL>

<P><STRONG><a name="[d7]"></a>HAL_CAN_TxMailbox2AbortCallback</STRONG> (Thumb, 2 bytes, Stack size 0 bytes, stm32f4xx_hal_can.o(i.HAL_CAN_TxMailbox2AbortCallback))
<BR><BR>[Called By]<UL><LI><a href="#[a6]">&gt;&gt;</a>&nbsp;&nbsp;&nbsp;HAL_CAN_IRQHandler
</UL>

<P><STRONG><a name="[d6]"></a>HAL_CAN_TxMailbox2CompleteCallback</STRONG> (Thumb, 2 bytes, Stack size 0 bytes, stm32f4xx_hal_can.o(i.HAL_CAN_TxMailbox2CompleteCallback))
<BR><BR>[Called By]<UL><LI><a href="#[a6]">&gt;&gt;</a>&nbsp;&nbsp;&nbsp;HAL_CAN_IRQHandler
</UL>

<P><STRONG><a name="[dd]"></a>HAL_CAN_WakeUpFromRxMsgCallback</STRONG> (Thumb, 2 bytes, Stack size 0 bytes, stm32f4xx_hal_can.o(i.HAL_CAN_WakeUpFromRxMsgCallback))
<BR><BR>[Called By]<UL><LI><a href="#[a6]">&gt;&gt;</a>&nbsp;&nbsp;&nbsp;HAL_CAN_IRQHandler
</UL>

<P><STRONG><a name="[e4]"></a>HAL_DMA_Abort</STRONG> (Thumb, 170 bytes, Stack size 16 bytes, stm32f4xx_hal_dma.o(i.HAL_DMA_Abort))
<BR><BR>[Stack]<UL><LI>Max Depth = 16<LI>Call Chain = HAL_DMA_Abort
</UL>
<BR>[Calls]<UL><LI><a href="#[e0]">&gt;&gt;</a>&nbsp;&nbsp;&nbsp;HAL_GetTick
</UL>
<BR>[Called By]<UL><LI><a href="#[116]">&gt;&gt;</a>&nbsp;&nbsp;&nbsp;HAL_UART_IRQHandler
</UL>

<P><STRONG><a name="[119]"></a>HAL_DMA_Abort_IT</STRONG> (Thumb, 40 bytes, Stack size 0 bytes, stm32f4xx_hal_dma.o(i.HAL_DMA_Abort_IT))
<BR><BR>[Called By]<UL><LI><a href="#[116]">&gt;&gt;</a>&nbsp;&nbsp;&nbsp;HAL_UART_IRQHandler
</UL>

<P><STRONG><a name="[aa]"></a>HAL_DMA_IRQHandler</STRONG> (Thumb, 570 bytes, Stack size 24 bytes, stm32f4xx_hal_dma.o(i.HAL_DMA_IRQHandler))
<BR><BR>[Stack]<UL><LI>Max Depth = 24<LI>Call Chain = HAL_DMA_IRQHandler
</UL>
<BR>[Called By]<UL><LI><a href="#[46]">&gt;&gt;</a>&nbsp;&nbsp;&nbsp;DMA2_Stream0_IRQHandler
</UL>

<P><STRONG><a name="[e5]"></a>HAL_DMA_Init</STRONG> (Thumb, 232 bytes, Stack size 24 bytes, stm32f4xx_hal_dma.o(i.HAL_DMA_Init))
<BR><BR>[Stack]<UL><LI>Max Depth = 24<LI>Call Chain = HAL_DMA_Init
</UL>
<BR>[Calls]<UL><LI><a href="#[e0]">&gt;&gt;</a>&nbsp;&nbsp;&nbsp;HAL_GetTick
<LI><a href="#[e6]">&gt;&gt;</a>&nbsp;&nbsp;&nbsp;DMA_CheckFifoParam
[...]
<BR><BR>[Stack]<UL><LI>Max Depth = 12<LI>Call Chain = TIM_CCxNChannelCmd
</UL>
<BR>[Called By]<UL><LI><a href="#[fc]">&gt;&gt;</a>&nbsp;&nbsp;&nbsp;HAL_TIMEx_PWMN_Stop
<LI><a href="#[fa]">&gt;&gt;</a>&nbsp;&nbsp;&nbsp;HAL_TIMEx_PWMN_Start
</UL>

<P><STRONG><a name="[63]"></a>ADC_DMAConvCplt</STRONG> (Thumb, 126 bytes, Stack size 16 bytes, stm32f4xx_hal_adc.o(i.ADC_DMAConvCplt))
<BR><BR>[Stack]<UL><LI>Max Depth = 16<LI>Call Chain = ADC_DMAConvCplt
</UL>
<BR>[Calls]<UL><LI><a href="#[a3]">&gt;&gt;</a>&nbsp;&nbsp;&nbsp;HAL_ADC_ErrorCallback
<LI><a href="#[a2]">&gt;&gt;</a>&nbsp;&nbsp;&nbsp;HAL_ADC_ConvCpltCallback
</UL>
<BR>[Address Reference Count : 1]<UL><LI> stm32f4xx_hal_adc.o(i.HAL_ADC_Start_DMA)
</UL>
<P><STRONG><a name="[65]"></a>ADC_DMAError</STRONG> (Thumb, 26 bytes, Stack size 16 bytes, stm32f4xx_hal_adc.o(i.ADC_DMAError))
<BR><BR>[Stack]<UL><LI>Max Depth = 16<LI>Call Chain = ADC_DMAError
</UL>
<BR>[Calls]<UL><LI><a href="#[a3]">&gt;&gt;</a>&nbsp;&nbsp;&nbsp;HAL_ADC_ErrorCallback
</UL>
<BR>[Address Reference Count : 1]<UL><LI> stm32f4xx_hal_adc.o(i.HAL_ADC_Start_DMA)
</UL>
<P><STRONG><a name="[64]"></a>ADC_DMAHalfConvCplt</STRONG> (Thumb, 14 bytes, Stack size 16 bytes, stm32f4xx_hal_adc.o(i.ADC_DMAHalfConvCplt))
<BR><BR>[Stack]<UL><LI>Max Depth = 16<LI>Call Chain = ADC_DMAHalfConvCplt
</UL>
<BR>[Calls]<UL><LI><a href="#[a4]">&gt;&gt;</a>&nbsp;&nbsp;&nbsp;HAL_ADC_ConvHalfCpltCallback
</UL>
<BR>[Address Reference Count : 1]<UL><LI> stm32f4xx_hal_adc.o(i.HAL_ADC_Start_DMA)
</UL>
<P><STRONG><a name="[cc]"></a>ADC_Init</STRONG> (Thumb, 344 bytes, Stack size 0 bytes, stm32f4xx_hal_adc.o(i.ADC_Init))
<BR><BR>[Called By]<UL><LI><a href="#[ca]">&gt;&gt;</a>&nbsp;&nbsp;&nbsp;HAL_ADC_Init
</UL>

<P><STRONG><a name="[114]"></a>Motor_SpeedPid_BumplessTransfer</STRONG> (Thumb, 64 bytes, Stack size 0 bytes, pmsm.o(i.Motor_SpeedPid_BumplessTransfer))
<BR><BR>[Called By]<UL><LI><a href="#[106]">&gt;&gt;</a>&nbsp;&nbsp;&nbsp;HAL_TIM_PeriodElapsedCallback
</UL>

<P><STRONG><a name="[166]"></a>Motor_SpeedPid_ClearForReverse</STRONG> (Thumb, 54 bytes, Stack size 0 bytes, pmsm.o(i.Motor_SpeedPid_ClearForReverse))
<BR><BR>[Called By]<UL><LI><a href="#[113]">&gt;&gt;</a>&nbsp;&nbsp;&nbsp;Motor_SpeedRefRamp_Update
</UL>

<P><STRONG><a name="[113]"></a>Motor_SpeedRefRamp_Update</STRONG> (Thumb, 254 bytes, Stack size 16 bytes, pmsm.o(i.Motor_SpeedRefRamp_Update))
<BR><BR>[Stack]<UL><LI>Max Depth = 16<LI>Call Chain = Motor_SpeedRefRamp_Update
</UL>
<BR>[Calls]<UL><LI><a href="#[166]">&gt;&gt;</a>&nbsp;&nbsp;&nbsp;Motor_SpeedPid_ClearForReverse
</UL>
<BR>[Called By]<UL><LI><a href="#[106]">&gt;&gt;</a>&nbsp;&nbsp;&nbsp;HAL_TIM_PeriodElapsedCallback
</UL>

<P><STRONG><a name="[175]"></a>__ARM_isinff</STRONG> (Thumb, 20 bytes, Stack size 0 bytes, smo.o(i.__ARM_isinff))
<BR><BR>[Called By]<UL><LI><a href="#[176]">&gt;&gt;</a>&nbsp;&nbsp;&nbsp;SMO_Run
<LI><a href="#[be]">&gt;&gt;</a>&nbsp;&nbsp;&nbsp;SMO_Observe_Run
</UL>

<P><STRONG><a name="[174]"></a>__ARM_isnanf</STRONG> (Thumb, 14 bytes, Stack size 0 bytes, smo.o(i.__ARM_isnanf))
<BR><BR>[Called By]<UL><LI><a href="#[176]">&gt;&gt;</a>&nbsp;&nbsp;&nbsp;SMO_Run
<LI><a href="#[be]">&gt;&gt;</a>&nbsp;&nbsp;&nbsp;SMO_Observe_Run
</UL>

<P><STRONG><a name="[177]"></a>sat</STRONG> (Thumb, 54 bytes, Stack size 0 bytes, smo.o(i.sat))
<BR><BR>[Called By]<UL><LI><a href="#[176]">&gt;&gt;</a>&nbsp;&nbsp;&nbsp;SMO_Run
</UL>

<P><STRONG><a name="[154]"></a>Motor_AngleDifference</STRONG> (Thumb, 70 bytes, Stack size 0 bytes, motor_state.o(i.Motor_AngleDifference))
<BR><BR>[Called By]<UL><LI><a href="#[c8]">&gt;&gt;</a>&nbsp;&nbsp;&nbsp;Motor_FastControlISR
</UL>

<P><STRONG><a name="[155]"></a>Motor_SMO_IsHealthy</STRONG> (Thumb, 74 bytes, Stack size 16 bytes, motor_state.o(i.Motor_SMO_IsHealthy))
<BR><BR>[Stack]<UL><LI>Max Depth = 16<LI>Call Chain = Motor_SMO_IsHealthy
</UL>
<BR>[Calls]<UL><LI><a href="#[163]">&gt;&gt;</a>&nbsp;&nbsp;&nbsp;__ARM_isnanf
<LI><a href="#[164]">&gt;&gt;</a>&nbsp;&nbsp;&nbsp;__ARM_isinff
</UL>
<BR>[Called By]<UL><LI><a href="#[168]">&gt;&gt;</a>&nbsp;&nbsp;&nbsp;Motor_StateTask_1ms
<LI><a href="#[c8]">&gt;&gt;</a>&nbsp;&nbsp;&nbsp;Motor_FastControlISR
</UL>

<P><STRONG><a name="[156]"></a>Motor_SpeedDirectionMatches</STRONG> (Thumb, 22 bytes, Stack size 0 bytes, motor_state.o(i.Motor_SpeedDirectionMatches))
<BR><BR>[Called By]<UL><LI><a href="#[168]">&gt;&gt;</a>&nbsp;&nbsp;&nbsp;Motor_StateTask_1ms
<LI><a href="#[c8]">&gt;&gt;</a>&nbsp;&nbsp;&nbsp;Motor_FastControlISR
</UL>

<P><STRONG><a name="[153]"></a>Motor_StateUsesFoc</STRONG> (Thumb, 26 bytes, Stack size 0 bytes, motor_state.o(i.Motor_StateUsesFoc))
<BR><BR>[Called By]<UL><LI><a href="#[c8]">&gt;&gt;</a>&nbsp;&nbsp;&nbsp;Motor_FastControlISR
</UL>

<P><STRONG><a name="[169]"></a>Motor_TakeStateEntry</STRONG> (Thumb, 44 bytes, Stack size 8 bytes, motor_state.o(i.Motor_TakeStateEntry))
<BR><BR>[Stack]<UL><LI>Max Depth = 8<LI>Call Chain = Motor_TakeStateEntry
</UL>
<BR>[Called By]<UL><LI><a href="#[168]">&gt;&gt;</a>&nbsp;&nbsp;&nbsp;Motor_StateTask_1ms
</UL>

<P><STRONG><a name="[158]"></a>Motor_WrapAngle</STRONG> (Thumb, 54 bytes, Stack size 0 bytes, motor_state.o(i.Motor_WrapAngle))
<BR><BR>[Called By]<UL><LI><a href="#[c8]">&gt;&gt;</a>&nbsp;&nbsp;&nbsp;Motor_FastControlISR
</UL>

<P><STRONG><a name="[164]"></a>__ARM_isinff</STRONG> (Thumb, 20 bytes, Stack size 0 bytes, motor_state.o(i.__ARM_isinff))
<BR><BR>[Called By]<UL><LI><a href="#[155]">&gt;&gt;</a>&nbsp;&nbsp;&nbsp;Motor_SMO_IsHealthy
</UL>

<P><STRONG><a name="[163]"></a>__ARM_isnanf</STRONG> (Thumb, 14 bytes, Stack size 0 bytes, motor_state.o(i.__ARM_isnanf))
<BR><BR>[Called By]<UL><LI><a href="#[155]">&gt;&gt;</a>&nbsp;&nbsp;&nbsp;Motor_SMO_IsHealthy
</UL>

<P><STRONG><a name="[126]"></a>Identify_ApplyDefaults</STRONG> (Thumb, 110 bytes, Stack size 8 bytes, motor_identify.o(i.Identify_ApplyDefaults))
<BR><BR>[Stack]<UL><LI>Max Depth = 8<LI>Call Chain = Identify_ApplyDefaults
</UL>
<BR>[Calls]<UL><LI><a href="#[127]">&gt;&gt;</a>&nbsp;&nbsp;&nbsp;PID_Init
</UL>
<BR>[Called By]<UL><LI><a href="#[15c]">&gt;&gt;</a>&nbsp;&nbsp;&nbsp;Motor_Identify_Init
<LI><a href="#[128]">&gt;&gt;</a>&nbsp;&nbsp;&nbsp;Identify_Fail
</UL>

<P><STRONG><a name="[128]"></a>Identify_Fail</STRONG> (Thumb, 46 bytes, Stack size 8 bytes, motor_identify.o(i.Identify_Fail))
<BR><BR>[Stack]<UL><LI>Max Depth = 52<LI>Call Chain = Identify_Fail &rArr; Identify_Stop &rArr; PMSM_PWM_Stop &rArr; HAL_TIMEx_PWMN_Stop &rArr; TIM_CCxNChannelCmd
</UL>
<BR>[Calls]<UL><LI><a href="#[129]">&gt;&gt;</a>&nbsp;&nbsp;&nbsp;Identify_Stop
<LI><a href="#[126]">&gt;&gt;</a>&nbsp;&nbsp;&nbsp;Identify_ApplyDefaults
</UL>
<BR>[Called By]<UL><LI><a href="#[12b]">&gt;&gt;</a>&nbsp;&nbsp;&nbsp;Identify_SafetyCheck
<LI><a href="#[130]">&gt;&gt;</a>&nbsp;&nbsp;&nbsp;Identify_RsTask
<LI><a href="#[12a]">&gt;&gt;</a>&nbsp;&nbsp;&nbsp;Identify_LsTask
<LI><a href="#[152]">&gt;&gt;</a>&nbsp;&nbsp;&nbsp;Motor_Identify_FastTask
<LI><a href="#[15b]">&gt;&gt;</a>&nbsp;&nbsp;&nbsp;Motor_Identify_Abort
</UL>

<P><STRONG><a name="[12a]"></a>Identify_LsTask</STRONG> (Thumb, 450 bytes, Stack size 32 bytes, motor_identify.o(i.Identify_LsTask))
<BR><BR>[Stack]<UL><LI>Max Depth = 132<LI>Call Chain = Identify_LsTask &rArr; Foc_Run_Voltage &rArr; Motor_Protect_FastCheck &rArr; Motor_Protect_Trip &rArr; PMSM_PWM_Stop &rArr; HAL_TIMEx_PWMN_Stop &rArr; TIM_CCxNChannelCmd
</UL>
<BR>[Calls]<UL><LI><a href="#[c5]">&gt;&gt;</a>&nbsp;&nbsp;&nbsp;Foc_Run_Voltage
<LI><a href="#[12c]">&gt;&gt;</a>&nbsp;&nbsp;&nbsp;__ARM_isnanf
<LI><a href="#[12d]">&gt;&gt;</a>&nbsp;&nbsp;&nbsp;__ARM_isinff
<LI><a href="#[12e]">&gt;&gt;</a>&nbsp;&nbsp;&nbsp;Identify_ValueInRange
<LI><a href="#[12f]">&gt;&gt;</a>&nbsp;&nbsp;&nbsp;Identify_Succeed
<LI><a href="#[12b]">&gt;&gt;</a>&nbsp;&nbsp;&nbsp;Identify_SafetyCheck
<LI><a href="#[128]">&gt;&gt;</a>&nbsp;&nbsp;&nbsp;Identify_Fail
</UL>
<BR>[Called By]<UL><LI><a href="#[152]">&gt;&gt;</a>&nbsp;&nbsp;&nbsp;Motor_Identify_FastTask
</UL>

<P><STRONG><a name="[130]"></a>Identify_RsTask</STRONG> (Thumb, 394 bytes, Stack size 16 bytes, motor_identify.o(i.Identify_RsTask))
<BR><BR>[Stack]<UL><LI>Max Depth = 140<LI>Call Chain = Identify_RsTask &rArr; Foc_Run_Theta &rArr; Foc_Run_Core &rArr; SMO_Observe_Run &rArr; SMO_Run &rArr; __hardfp_sinf &rArr; __mathlib_rredf2
</UL>
<BR>[Calls]<UL><LI><a href="#[c4]">&gt;&gt;</a>&nbsp;&nbsp;&nbsp;Foc_Run_Theta
<LI><a href="#[12e]">&gt;&gt;</a>&nbsp;&nbsp;&nbsp;Identify_ValueInRange
<LI><a href="#[12b]">&gt;&gt;</a>&nbsp;&nbsp;&nbsp;Identify_SafetyCheck
<LI><a href="#[128]">&gt;&gt;</a>&nbsp;&nbsp;&nbsp;Identify_Fail
</UL>
<BR>[Called By]<UL><LI><a href="#[152]">&gt;&gt;</a>&nbsp;&nbsp;&nbsp;Motor_Identify_FastTask
</UL>

<P><STRONG><a name="[12b]"></a>Identify_SafetyCheck</STRONG> (Thumb, 152 bytes, Stack size 32 bytes, motor_identify.o(i.Identify_SafetyCheck))
<BR><BR>[Stack]<UL><LI>Max Depth = 84<LI>Call Chain = Identify_SafetyCheck &rArr; Identify_Fail &rArr; Identify_Stop &rArr; PMSM_PWM_Stop &rArr; HAL_TIMEx_PWMN_Stop &rArr; TIM_CCxNChannelCmd
</UL>
<BR>[Calls]<UL><LI><a href="#[131]">&gt;&gt;</a>&nbsp;&nbsp;&nbsp;__hardfp_fmaxf
<LI><a href="#[128]">&gt;&gt;</a>&nbsp;&nbsp;&nbsp;Identify_Fail
</UL>
<BR>[Called By]<UL><LI><a href="#[130]">&gt;&gt;</a>&nbsp;&nbsp;&nbsp;Identify_RsTask
<LI><a href="#[12a]">&gt;&gt;</a>&nbsp;&nbsp;&nbsp;Identify_LsTask
<LI><a href="#[152]">&gt;&gt;</a>&nbsp;&nbsp;&nbsp;Motor_Identify_FastTask
</UL>

<P><STRONG><a name="[129]"></a>Identify_Stop</STRONG> (Thumb, 36 bytes, Stack size 8 bytes, motor_identify.o(i.Identify_Stop))
<BR><BR>[Stack]<UL><LI>Max Depth = 44<LI>Call Chain = Identify_Stop &rArr; PMSM_PWM_Stop &rArr; HAL_TIMEx_PWMN_Stop &rArr; TIM_CCxNChannelCmd
</UL>
<BR>[Calls]<UL><LI><a href="#[133]">&gt;&gt;</a>&nbsp;&nbsp;&nbsp;PMSM_PWM_Stop
<LI><a href="#[132]">&gt;&gt;</a>&nbsp;&nbsp;&nbsp;PMSM_PWM_Duty_Set
</UL>
<BR>[Called By]<UL><LI><a href="#[12f]">&gt;&gt;</a>&nbsp;&nbsp;&nbsp;Identify_Succeed
<LI><a href="#[128]">&gt;&gt;</a>&nbsp;&nbsp;&nbsp;Identify_Fail
</UL>

<P><STRONG><a name="[12f]"></a>Identify_Succeed</STRONG> (Thumb, 158 bytes, Stack size 16 bytes, motor_identify.o(i.Identify_Succeed))
<BR><BR>[Stack]<UL><LI>Max Depth = 60<LI>Call Chain = Identify_Succeed &rArr; Identify_Stop &rArr; PMSM_PWM_Stop &rArr; HAL_TIMEx_PWMN_Stop &rArr; TIM_CCxNChannelCmd
</UL>
<BR>[Calls]<UL><LI><a href="#[127]">&gt;&gt;</a>&nbsp;&nbsp;&nbsp;PID_Init
<LI><a href="#[129]">&gt;&gt;</a>&nbsp;&nbsp;&nbsp;Identify_Stop
</UL>
<BR>[Called By]<UL><LI><a href="#[12a]">&gt;&gt;</a>&nbsp;&nbsp;&nbsp;Identify_LsTask
</UL>

<P><STRONG><a name="[12e]"></a>Identify_ValueInRange</STRONG> (Thumb, 70 bytes, Stack size 24 bytes, motor_identify.o(i.Identify_ValueInRange))
<BR><BR>[Stack]<UL><LI>Max Depth = 24<LI>Call Chain = Identify_ValueInRange
</UL>
<BR>[Calls]<UL><LI><a href="#[12c]">&gt;&gt;</a>&nbsp;&nbsp;&nbsp;__ARM_isnanf
<LI><a href="#[12d]">&gt;&gt;</a>&nbsp;&nbsp;&nbsp;__ARM_isinff
</UL>
<BR>[Called By]<UL><LI><a href="#[130]">&gt;&gt;</a>&nbsp;&nbsp;&nbsp;Identify_RsTask
<LI><a href="#[12a]">&gt;&gt;</a>&nbsp;&nbsp;&nbsp;Identify_LsTask
</UL>

<P><STRONG><a name="[12d]"></a>__ARM_isinff</STRONG> (Thumb, 20 bytes, Stack size 0 bytes, motor_identify.o(i.__ARM_isinff))
<BR><BR>[Called By]<UL><LI><a href="#[12e]">&gt;&gt;</a>&nbsp;&nbsp;&nbsp;Identify_ValueInRange
<LI><a href="#[12a]">&gt;&gt;</a>&nbsp;&nbsp;&nbsp;Identify_LsTask
</UL>

<P><STRONG><a name="[12c]"></a>__ARM_isnanf</STRONG> (Thumb, 14 bytes, Stack size 0 bytes, motor_identify.o(i.__ARM_isnanf))
<BR><BR>[Called By]<UL><LI><a href="#[12e]">&gt;&gt;</a>&nbsp;&nbsp;&nbsp;Identify_ValueInRange
<LI><a href="#[12a]">&gt;&gt;</a>&nbsp;&nbsp;&nbsp;Identify_LsTask
</UL>

<P><STRONG><a name="[a7]"></a>ClearRxQueue</STRONG> (Thumb, 68 bytes, Stack size 8 bytes, motor_can.o(i.ClearRxQueue))
<BR><BR>[Stack]<UL><LI>Max Depth = 16<LI>Call Chain = ClearRxQueue &rArr; HAL_NVIC_DisableIRQ
</UL>
<BR>[Calls]<UL><LI><a href="#[a8]">&gt;&gt;</a>&nbsp;&nbsp;&nbsp;HAL_NVIC_DisableIRQ
<LI><a href="#[a9]">&gt;&gt;</a>&nbsp;&nbsp;&nbsp;HAL_NVIC_EnableIRQ
</UL>
<BR>[Called By]<UL><LI><a href="#[14e]">&gt;&gt;</a>&nbsp;&nbsp;&nbsp;Motor_CAN_Task_1ms
<LI><a href="#[151]">&gt;&gt;</a>&nbsp;&nbsp;&nbsp;ProcessControl
</UL>

<P><STRONG><a name="[123]"></a>HandleTimeout</STRONG> (Thumb, 150 bytes, Stack size 16 bytes, motor_can.o(i.HandleTimeout))
<BR><BR>[Stack]<UL><LI>Max Depth = 84<LI>Call Chain = HandleTimeout &rArr; StopMotor &rArr; Motor_Identify_Abort &rArr; Identify_Fail &rArr; Identify_Stop &rArr; PMSM_PWM_Stop &rArr; HAL_TIMEx_PWMN_Stop &rArr; TIM_CCxNChannelCmd
</UL>
<BR>[Calls]<UL><LI><a href="#[124]">&gt;&gt;</a>&nbsp;&nbsp;&nbsp;Motor_SetSpeedRef
<LI><a href="#[bb]">&gt;&gt;</a>&nbsp;&nbsp;&nbsp;Motor_GetState
<LI><a href="#[125]">&gt;&gt;</a>&nbsp;&nbsp;&nbsp;StopMotor
</UL>
<BR>[Called By]<UL><LI><a href="#[14e]">&gt;&gt;</a>&nbsp;&nbsp;&nbsp;Motor_CAN_Task_1ms
</UL>

<P><STRONG><a name="[172]"></a>MarkControl</STRONG> (Thumb, 22 bytes, Stack size 0 bytes, motor_can.o(i.MarkControl))
<BR><BR>[Called By]<UL><LI><a href="#[150]">&gt;&gt;</a>&nbsp;&nbsp;&nbsp;ProcessSpeed
<LI><a href="#[151]">&gt;&gt;</a>&nbsp;&nbsp;&nbsp;ProcessControl
</UL>

<P><STRONG><a name="[14f]"></a>PopRx</STRONG> (Thumb, 76 bytes, Stack size 0 bytes, motor_can.o(i.PopRx))
<BR><BR>[Called By]<UL><LI><a href="#[14e]">&gt;&gt;</a>&nbsp;&nbsp;&nbsp;Motor_CAN_Task_1ms
</UL>

<P><STRONG><a name="[151]"></a>ProcessControl</STRONG> (Thumb, 288 bytes, Stack size 24 bytes, motor_can.o(i.ProcessControl))
<BR><BR>[Stack]<UL><LI>Max Depth = 124<LI>Call Chain = ProcessControl &rArr; Motor_CAN_SendStatus &rArr; SendFrame &rArr; HAL_CAN_AddTxMessage
</UL>
<BR>[Calls]<UL><LI><a href="#[157]">&gt;&gt;</a>&nbsp;&nbsp;&nbsp;Motor_SetState
<LI><a href="#[bb]">&gt;&gt;</a>&nbsp;&nbsp;&nbsp;Motor_GetState
<LI><a href="#[147]">&gt;&gt;</a>&nbsp;&nbsp;&nbsp;Motor_CAN_SendStatus
<LI><a href="#[146]">&gt;&gt;</a>&nbsp;&nbsp;&nbsp;Motor_CAN_SendResponse
<LI><a href="#[125]">&gt;&gt;</a>&nbsp;&nbsp;&nbsp;StopMotor
<LI><a href="#[172]">&gt;&gt;</a>&nbsp;&nbsp;&nbsp;MarkControl
<LI><a href="#[a7]">&gt;&gt;</a>&nbsp;&nbsp;&nbsp;ClearRxQueue
<LI><a href="#[165]">&gt;&gt;</a>&nbsp;&nbsp;&nbsp;Motor_SetControlMode
</UL>
<BR>[Called By]<UL><LI><a href="#[14e]">&gt;&gt;</a>&nbsp;&nbsp;&nbsp;Motor_CAN_Task_1ms
</UL>

<P><STRONG><a name="[150]"></a>ProcessSpeed</STRONG> (Thumb, 114 bytes, Stack size 24 bytes, motor_can.o(i.ProcessSpeed))
<BR><BR>[Stack]<UL><LI>Max Depth = 116<LI>Call Chain = ProcessSpeed &rArr; Motor_CAN_SendResponse &rArr; SendFrame &rArr; HAL_CAN_AddTxMessage
</UL>
<BR>[Calls]<UL><LI><a href="#[124]">&gt;&gt;</a>&nbsp;&nbsp;&nbsp;Motor_SetSpeedRef
<LI><a href="#[bb]">&gt;&gt;</a>&nbsp;&nbsp;&nbsp;Motor_GetState
<LI><a href="#[173]">&gt;&gt;</a>&nbsp;&nbsp;&nbsp;Motor_SetDirection
<LI><a href="#[146]">&gt;&gt;</a>&nbsp;&nbsp;&nbsp;Motor_CAN_SendResponse
<LI><a href="#[172]">&gt;&gt;</a>&nbsp;&nbsp;&nbsp;MarkControl
</UL>
<BR>[Called By]<UL><LI><a href="#[14e]">&gt;&gt;</a>&nbsp;&nbsp;&nbsp;Motor_CAN_Task_1ms
</UL>

<P><STRONG><a name="[149]"></a>PutU16</STRONG> (Thumb, 8 bytes, Stack size 0 bytes, motor_can.o(i.PutU16))
<BR><BR>[Called By]<UL><LI><a href="#[147]">&gt;&gt;</a>&nbsp;&nbsp;&nbsp;Motor_CAN_SendStatus
</UL>

<P><STRONG><a name="[144]"></a>PutU32</STRONG> (Thumb, 16 bytes, Stack size 0 bytes, motor_can.o(i.PutU32))
<BR><BR>[Called By]<UL><LI><a href="#[143]">&gt;&gt;</a>&nbsp;&nbsp;&nbsp;Motor_CAN_SendHeartbeat
</UL>

<P><STRONG><a name="[148]"></a>ScaleS16</STRONG> (Thumb, 120 bytes, Stack size 24 bytes, motor_can.o(i.ScaleS16))
<BR><BR>[Stack]<UL><LI>Max Depth = 24<LI>Call Chain = ScaleS16
</UL>
<BR>[Calls]<UL><LI><a href="#[17b]">&gt;&gt;</a>&nbsp;&nbsp;&nbsp;__ARM_isnanf
<LI><a href="#[17c]">&gt;&gt;</a>&nbsp;&nbsp;&nbsp;__ARM_isinff
</UL>
<BR>[Called By]<UL><LI><a href="#[147]">&gt;&gt;</a>&nbsp;&nbsp;&nbsp;Motor_CAN_SendStatus
</UL>

<P><STRONG><a name="[14b]"></a>ScaleU16</STRONG> (Thumb, 96 bytes, Stack size 24 bytes, motor_can.o(i.ScaleU16))
<BR><BR>[Stack]<UL><LI>Max Depth = 24<LI>Call Chain = ScaleU16
</UL>
<BR>[Calls]<UL><LI><a href="#[17b]">&gt;&gt;</a>&nbsp;&nbsp;&nbsp;__ARM_isnanf
<LI><a href="#[17c]">&gt;&gt;</a>&nbsp;&nbsp;&nbsp;__ARM_isinff
</UL>
<BR>[Called By]<UL><LI><a href="#[147]">&gt;&gt;</a>&nbsp;&nbsp;&nbsp;Motor_CAN_SendStatus
</UL>

<P><STRONG><a name="[145]"></a>SendFrame</STRONG> (Thumb, 86 bytes, Stack size 48 bytes, motor_can.o(i.SendFrame))
<BR><BR>[Stack]<UL><LI>Max Depth = 68<LI>Call Chain = SendFrame &rArr; HAL_CAN_AddTxMessage
</UL>
<BR>[Calls]<UL><LI><a href="#[d0]">&gt;&gt;</a>&nbsp;&nbsp;&nbsp;HAL_CAN_GetError
<LI><a href="#[17d]">&gt;&gt;</a>&nbsp;&nbsp;&nbsp;HAL_CAN_AddTxMessage
<LI><a href="#[b2]">&gt;&gt;</a>&nbsp;&nbsp;&nbsp;__aeabi_memclr4
</UL>
<BR>[Called By]<UL><LI><a href="#[147]">&gt;&gt;</a>&nbsp;&nbsp;&nbsp;Motor_CAN_SendStatus
<LI><a href="#[146]">&gt;&gt;</a>&nbsp;&nbsp;&nbsp;Motor_CAN_SendResponse
<LI><a href="#[143]">&gt;&gt;</a>&nbsp;&nbsp;&nbsp;Motor_CAN_SendHeartbeat
</UL>

<P><STRONG><a name="[14d]"></a>StartPeripheral</STRONG> (Thumb, 40 bytes, Stack size 8 bytes, motor_can.o(i.StartPeripheral))
<BR><BR>[Stack]<UL><LI>Max Depth = 24<LI>Call Chain = StartPeripheral &rArr; HAL_CAN_Stop
</UL>
<BR>[Calls]<UL><LI><a href="#[e3]">&gt;&gt;</a>&nbsp;&nbsp;&nbsp;HAL_CAN_Stop
<LI><a href="#[e2]">&gt;&gt;</a>&nbsp;&nbsp;&nbsp;HAL_CAN_Start
<LI><a href="#[181]">&gt;&gt;</a>&nbsp;&nbsp;&nbsp;HAL_CAN_ActivateNotification
</UL>
<BR>[Called By]<UL><LI><a href="#[14e]">&gt;&gt;</a>&nbsp;&nbsp;&nbsp;Motor_CAN_Task_1ms
<LI><a href="#[14c]">&gt;&gt;</a>&nbsp;&nbsp;&nbsp;Motor_CAN_Start
</UL>

<P><STRONG><a name="[125]"></a>StopMotor</STRONG> (Thumb, 32 bytes, Stack size 8 bytes, motor_can.o(i.StopMotor))
<BR><BR>[Stack]<UL><LI>Max Depth = 68<LI>Call Chain = StopMotor &rArr; Motor_Identify_Abort &rArr; Identify_Fail &rArr; Identify_Stop &rArr; PMSM_PWM_Stop &rArr; HAL_TIMEx_PWMN_Stop &rArr; TIM_CCxNChannelCmd
</UL>
<BR>[Calls]<UL><LI><a href="#[157]">&gt;&gt;</a>&nbsp;&nbsp;&nbsp;Motor_SetState
<LI><a href="#[124]">&gt;&gt;</a>&nbsp;&nbsp;&nbsp;Motor_SetSpeedRef
<LI><a href="#[bb]">&gt;&gt;</a>&nbsp;&nbsp;&nbsp;Motor_GetState
<LI><a href="#[15b]">&gt;&gt;</a>&nbsp;&nbsp;&nbsp;Motor_Identify_Abort
</UL>
<BR>[Called By]<UL><LI><a href="#[14e]">&gt;&gt;</a>&nbsp;&nbsp;&nbsp;Motor_CAN_Task_1ms
<LI><a href="#[151]">&gt;&gt;</a>&nbsp;&nbsp;&nbsp;ProcessControl
<LI><a href="#[123]">&gt;&gt;</a>&nbsp;&nbsp;&nbsp;HandleTimeout
</UL>

<P><STRONG><a name="[17c]"></a>__ARM_isinff</STRONG> (Thumb, 20 bytes, Stack size 0 bytes, motor_can.o(i.__ARM_isinff))
<BR><BR>[Called By]<UL><LI><a href="#[14b]">&gt;&gt;</a>&nbsp;&nbsp;&nbsp;ScaleU16
<LI><a href="#[148]">&gt;&gt;</a>&nbsp;&nbsp;&nbsp;ScaleS16
</UL>

<P><STRONG><a name="[17b]"></a>__ARM_isnanf</STRONG> (Thumb, 14 bytes, Stack size 0 bytes, motor_can.o(i.__ARM_isnanf))
<BR><BR>[Called By]<UL><LI><a href="#[14b]">&gt;&gt;</a>&nbsp;&nbsp;&nbsp;ScaleU16
<LI><a href="#[148]">&gt;&gt;</a>&nbsp;&nbsp;&nbsp;ScaleS16
</UL>

<P><STRONG><a name="[8c]"></a>_fp_digits</STRONG> (Thumb, 432 bytes, Stack size 96 bytes, _printf_fp_dec.o(.text))
<BR><BR>[Stack]<UL><LI>Max Depth = 220<LI>Call Chain = _fp_digits &rArr; _btod_etento &rArr; _btod_emul &rArr; _e2e
</UL>
<BR>[Calls]<UL><LI><a href="#[90]">&gt;&gt;</a>&nbsp;&nbsp;&nbsp;_btod_emul
<LI><a href="#[8f]">&gt;&gt;</a>&nbsp;&nbsp;&nbsp;_btod_ediv
<LI><a href="#[8e]">&gt;&gt;</a>&nbsp;&nbsp;&nbsp;_btod_d2e
<LI><a href="#[8d]">&gt;&gt;</a>&nbsp;&nbsp;&nbsp;_btod_etento
<LI><a href="#[91]">&gt;&gt;</a>&nbsp;&nbsp;&nbsp;_ll_udiv10
</UL>
<BR>[Called By]<UL><LI><a href="#[92]">&gt;&gt;</a>&nbsp;&nbsp;&nbsp;_printf_fp_dec_real
</UL>

<P><STRONG><a name="[62]"></a>_printf_input_char</STRONG> (Thumb, 10 bytes, Stack size 0 bytes, _printf_char_common.o(.text))
<BR>[Address Reference Count : 1]<UL><LI> _printf_char_common.o(.text)
</UL><P>
<H3>
Undefined Global Symbols
</H3><HR></body></html>
